[0.415s] DEBUG:colcon:Command line arguments: ['/usr/bin/colcon', 'build', '--symlink-install']
[0.416s] DEBUG:colcon:Parsed command line arguments: Namespace(log_base=None, log_level=None, verb_name='build', build_base='build', install_base='install', merge_install=False, symlink_install=True, test_result_base=None, continue_on_error=False, executor='parallel', parallel_workers=16, event_handlers=None, ignore_user_meta=False, metas=['./colcon.meta'], base_paths=['.'], packages_ignore=None, packages_ignore_regex=None, paths=None, packages_up_to=None, packages_up_to_regex=None, packages_above=None, packages_above_and_dependencies=None, packages_above_depth=None, packages_select_by_dep=None, packages_skip_by_dep=None, packages_skip_up_to=None, packages_select_build_failed=False, packages_skip_build_finished=False, packages_select_test_failures=False, packages_skip_test_passed=False, packages_select=None, packages_skip=None, packages_select_regex=None, packages_skip_regex=None, packages_start=None, packages_end=None, allow_overriding=[], cmake_args=None, cmake_target=None, cmake_target_skip_unavailable=False, cmake_clean_cache=False, cmake_clean_first=False, cmake_force_configure=False, ament_cmake_args=None, catkin_cmake_args=None, catkin_skip_building_tests=False, mixin_files=None, mixin=None, verb_parser=<colcon_mixin.mixin.mixin_argument.MixinArgumentDecorator object at 0x75efdff4e2c0>, verb_extension=<colcon_core.verb.build.BuildVerb object at 0x75efe005b2e0>, main=<bound method BuildVerb.main of <colcon_core.verb.build.BuildVerb object at 0x75efe005b2e0>>, mixin_verb=('build',))
[0.641s] Level 1:colcon.colcon_core.package_discovery:discover_packages(colcon_meta) check parameters
[0.641s] Level 1:colcon.colcon_core.package_discovery:discover_packages(recursive) check parameters
[0.641s] Level 1:colcon.colcon_core.package_discovery:discover_packages(ignore) check parameters
[0.641s] Level 1:colcon.colcon_core.package_discovery:discover_packages(path) check parameters
[0.642s] Level 1:colcon.colcon_core.package_discovery:discover_packages(colcon_meta) discover
[0.642s] Level 1:colcon.colcon_core.package_discovery:discover_packages(recursive) discover
[0.642s] INFO:colcon.colcon_core.package_discovery:Crawling recursively for packages in '/mnt/c/Users/samla/Desktop/StalkerProject/stalker_ros'
[0.644s] Level 1:colcon.colcon_core.package_identification:_identify(.) by extensions ['ignore', 'ignore_ament_install']
[0.644s] Level 1:colcon.colcon_core.package_identification:_identify(.) by extension 'ignore'
[0.644s] Level 1:colcon.colcon_core.package_identification:_identify(.) by extension 'ignore_ament_install'
[0.645s] Level 1:colcon.colcon_core.package_identification:_identify(.) by extensions ['colcon_pkg']
[0.645s] Level 1:colcon.colcon_core.package_identification:_identify(.) by extension 'colcon_pkg'
[0.646s] Level 1:colcon.colcon_core.package_identification:_identify(.) by extensions ['colcon_meta']
[0.646s] Level 1:colcon.colcon_core.package_identification:_identify(.) by extension 'colcon_meta'
[0.646s] Level 1:colcon.colcon_core.package_identification:_identify(.) by extensions ['ros']
[0.646s] Level 1:colcon.colcon_core.package_identification:_identify(.) by extension 'ros'
[0.658s] Level 1:colcon.colcon_core.package_identification:_identify(.) by extensions ['cmake', 'python']
[0.658s] Level 1:colcon.colcon_core.package_identification:_identify(.) by extension 'cmake'
[0.659s] Level 1:colcon.colcon_core.package_identification:_identify(.) by extension 'python'
[0.659s] Level 1:colcon.colcon_core.package_identification:_identify(.) by extensions ['python_setup_py']
[0.659s] Level 1:colcon.colcon_core.package_identification:_identify(.) by extension 'python_setup_py'
[0.662s] Level 1:colcon.colcon_core.package_identification:_identify(build) by extensions ['ignore', 'ignore_ament_install']
[0.662s] Level 1:colcon.colcon_core.package_identification:_identify(build) by extension 'ignore'
[0.664s] Level 1:colcon.colcon_core.package_identification:_identify(build) ignored
[0.666s] Level 1:colcon.colcon_core.package_identification:_identify(install) by extensions ['ignore', 'ignore_ament_install']
[0.666s] Level 1:colcon.colcon_core.package_identification:_identify(install) by extension 'ignore'
[0.668s] Level 1:colcon.colcon_core.package_identification:_identify(install) ignored
[0.671s] Level 1:colcon.colcon_core.package_identification:_identify(log) by extensions ['ignore', 'ignore_ament_install']
[0.672s] Level 1:colcon.colcon_core.package_identification:_identify(log) by extension 'ignore'
[0.673s] Level 1:colcon.colcon_core.package_identification:_identify(log) ignored
[0.675s] Level 1:colcon.colcon_core.package_identification:_identify(src) by extensions ['ignore', 'ignore_ament_install']
[0.675s] Level 1:colcon.colcon_core.package_identification:_identify(src) by extension 'ignore'
[0.676s] Level 1:colcon.colcon_core.package_identification:_identify(src) by extension 'ignore_ament_install'
[0.677s] Level 1:colcon.colcon_core.package_identification:_identify(src) by extensions ['colcon_pkg']
[0.678s] Level 1:colcon.colcon_core.package_identification:_identify(src) by extension 'colcon_pkg'
[0.678s] Level 1:colcon.colcon_core.package_identification:_identify(src) by extensions ['colcon_meta']
[0.679s] Level 1:colcon.colcon_core.package_identification:_identify(src) by extension 'colcon_meta'
[0.680s] Level 1:colcon.colcon_core.package_identification:_identify(src) by extensions ['ros']
[0.680s] Level 1:colcon.colcon_core.package_identification:_identify(src) by extension 'ros'
[0.683s] Level 1:colcon.colcon_core.package_identification:_identify(src) by extensions ['cmake', 'python']
[0.683s] Level 1:colcon.colcon_core.package_identification:_identify(src) by extension 'cmake'
[0.684s] Level 1:colcon.colcon_core.package_identification:_identify(src) by extension 'python'
[0.685s] Level 1:colcon.colcon_core.package_identification:_identify(src) by extensions ['python_setup_py']
[0.685s] Level 1:colcon.colcon_core.package_identification:_identify(src) by extension 'python_setup_py'
[0.690s] Level 1:colcon.colcon_core.package_identification:_identify(src/stalker) by extensions ['ignore', 'ignore_ament_install']
[0.690s] Level 1:colcon.colcon_core.package_identification:_identify(src/stalker) by extension 'ignore'
[0.691s] Level 1:colcon.colcon_core.package_identification:_identify(src/stalker) by extension 'ignore_ament_install'
[0.694s] Level 1:colcon.colcon_core.package_identification:_identify(src/stalker) by extensions ['colcon_pkg']
[0.694s] Level 1:colcon.colcon_core.package_identification:_identify(src/stalker) by extension 'colcon_pkg'
[0.695s] Level 1:colcon.colcon_core.package_identification:_identify(src/stalker) by extensions ['colcon_meta']
[0.695s] Level 1:colcon.colcon_core.package_identification:_identify(src/stalker) by extension 'colcon_meta'
[0.697s] Level 1:colcon.colcon_core.package_identification:_identify(src/stalker) by extensions ['ros']
[0.697s] Level 1:colcon.colcon_core.package_identification:_identify(src/stalker) by extension 'ros'
[0.711s] DEBUG:colcon.colcon_core.package_identification:Package 'src/stalker' with type 'ros.ament_python' and name 'stalker'
[0.711s] Level 1:colcon.colcon_core.package_discovery:discover_packages(recursive) using defaults
[0.711s] Level 1:colcon.colcon_core.package_discovery:discover_packages(ignore) discover
[0.712s] Level 1:colcon.colcon_core.package_discovery:discover_packages(ignore) using defaults
[0.712s] Level 1:colcon.colcon_core.package_discovery:discover_packages(path) discover
[0.712s] Level 1:colcon.colcon_core.package_discovery:discover_packages(path) using defaults
[0.789s] Level 1:colcon.colcon_core.package_discovery:discover_packages(prefix_path) check parameters
[0.789s] Level 1:colcon.colcon_core.package_discovery:discover_packages(prefix_path) discover
[0.825s] DEBUG:colcon.colcon_installed_package_information.package_discovery:Found 1 installed packages in /mnt/c/Users/samla/Desktop/StalkerProject/stalker_ros/install
[0.826s] DEBUG:colcon.colcon_installed_package_information.package_discovery:Found 368 installed packages in /opt/ros/humble
[0.828s] Level 1:colcon.colcon_core.package_discovery:discover_packages(prefix_path) using defaults
[0.873s] Level 5:colcon.colcon_core.verb:set package 'stalker' build argument 'cmake_args' from command line to 'None'
[0.873s] Level 5:colcon.colcon_core.verb:set package 'stalker' build argument 'cmake_target' from command line to 'None'
[0.873s] Level 5:colcon.colcon_core.verb:set package 'stalker' build argument 'cmake_target_skip_unavailable' from command line to 'False'
[0.873s] Level 5:colcon.colcon_core.verb:set package 'stalker' build argument 'cmake_clean_cache' from command line to 'False'
[0.873s] Level 5:colcon.colcon_core.verb:set package 'stalker' build argument 'cmake_clean_first' from command line to 'False'
[0.874s] Level 5:colcon.colcon_core.verb:set package 'stalker' build argument 'cmake_force_configure' from command line to 'False'
[0.874s] Level 5:colcon.colcon_core.verb:set package 'stalker' build argument 'ament_cmake_args' from command line to 'None'
[0.874s] Level 5:colcon.colcon_core.verb:set package 'stalker' build argument 'catkin_cmake_args' from command line to 'None'
[0.874s] Level 5:colcon.colcon_core.verb:set package 'stalker' build argument 'catkin_skip_building_tests' from command line to 'False'
[0.875s] DEBUG:colcon.colcon_core.verb:Building package 'stalker' with the following arguments: {'ament_cmake_args': None, 'build_base': '/mnt/c/Users/samla/Desktop/StalkerProject/stalker_ros/build/stalker', 'catkin_cmake_args': None, 'catkin_skip_building_tests': False, 'cmake_args': None, 'cmake_clean_cache': False, 'cmake_clean_first': False, 'cmake_force_configure': False, 'cmake_target': None, 'cmake_target_skip_unavailable': False, 'install_base': '/mnt/c/Users/samla/Desktop/StalkerProject/stalker_ros/install/stalker', 'merge_install': False, 'path': '/mnt/c/Users/samla/Desktop/StalkerProject/stalker_ros/src/stalker', 'symlink_install': True, 'test_result_base': None}
[0.875s] INFO:colcon.colcon_core.executor:Executing jobs using 'parallel' executor
[0.876s] DEBUG:colcon.colcon_parallel_executor.executor.parallel:run_until_complete
[0.876s] INFO:colcon.colcon_ros.task.ament_python.build:Building ROS package in '/mnt/c/Users/samla/Desktop/StalkerProject/stalker_ros/src/stalker' with build type 'ament_python'
[0.876s] Level 1:colcon.colcon_core.shell:create_environment_hook('stalker', 'ament_prefix_path')
[0.886s] INFO:colcon.colcon_core.plugin_system:Skipping extension 'colcon_core.shell.bat': Not used on non-Windows systems
[0.887s] INFO:colcon.colcon_core.shell:Creating environment hook '/mnt/c/Users/samla/Desktop/StalkerProject/stalker_ros/install/stalker/share/stalker/hook/ament_prefix_path.ps1'
[0.901s] INFO:colcon.colcon_core.shell:Creating environment descriptor '/mnt/c/Users/samla/Desktop/StalkerProject/stalker_ros/install/stalker/share/stalker/hook/ament_prefix_path.dsv'
[0.915s] INFO:colcon.colcon_core.shell:Creating environment hook '/mnt/c/Users/samla/Desktop/StalkerProject/stalker_ros/install/stalker/share/stalker/hook/ament_prefix_path.sh'
[0.929s] INFO:colcon.colcon_core.shell:Skip shell extension 'powershell' for command environment: Not usable outside of PowerShell
[0.930s] DEBUG:colcon.colcon_core.shell:Skip shell extension 'dsv' for command environment
[1.651s] INFO:colcon.colcon_core.task.python.build:Building Python package in '/mnt/c/Users/samla/Desktop/StalkerProject/stalker_ros/src/stalker'
[1.652s] INFO:colcon.colcon_core.shell:Skip shell extension 'powershell' for command environment: Not usable outside of PowerShell
[1.652s] DEBUG:colcon.colcon_core.shell:Skip shell extension 'dsv' for command environment
[2.386s] DEBUG:colcon.colcon_core.event_handler.log_command:Invoking command in '/mnt/c/Users/samla/Desktop/StalkerProject/stalker_ros/build/stalker': PYTHONPATH=/mnt/c/Users/samla/Desktop/StalkerProject/stalker_ros/build/stalker/prefix_override:/usr/lib/python3/dist-packages/colcon_core/task/python/colcon_distutils_commands:/mnt/c/Users/samla/Desktop/StalkerProject/stalker_ros/install/stalker/lib/python3.10/site-packages:${PYTHONPATH} /usr/bin/python3 -W ignore:setup.py install is deprecated -W ignore:easy_install command is deprecated setup.py develop --editable --build-directory /mnt/c/Users/samla/Desktop/StalkerProject/stalker_ros/build/stalker/build --no-deps symlink_data
[3.811s] Level 1:colcon.colcon_core.shell:create_environment_hook('stalker', 'pythonpath_develop')
[3.811s] INFO:colcon.colcon_core.shell:Creating environment hook '/mnt/c/Users/samla/Desktop/StalkerProject/stalker_ros/build/stalker/share/stalker/hook/pythonpath_develop.ps1'
[3.812s] DEBUG:colcon.colcon_core.event_handler.log_command:Invoked command in '/mnt/c/Users/samla/Desktop/StalkerProject/stalker_ros/build/stalker' returned '0': PYTHONPATH=/mnt/c/Users/samla/Desktop/StalkerProject/stalker_ros/build/stalker/prefix_override:/usr/lib/python3/dist-packages/colcon_core/task/python/colcon_distutils_commands:/mnt/c/Users/samla/Desktop/StalkerProject/stalker_ros/install/stalker/lib/python3.10/site-packages:${PYTHONPATH} /usr/bin/python3 -W ignore:setup.py install is deprecated -W ignore:easy_install command is deprecated setup.py develop --editable --build-directory /mnt/c/Users/samla/Desktop/StalkerProject/stalker_ros/build/stalker/build --no-deps symlink_data
[3.826s] INFO:colcon.colcon_core.shell:Creating environment descriptor '/mnt/c/Users/samla/Desktop/StalkerProject/stalker_ros/build/stalker/share/stalker/hook/pythonpath_develop.dsv'
[3.840s] INFO:colcon.colcon_core.shell:Creating environment hook '/mnt/c/Users/samla/Desktop/StalkerProject/stalker_ros/build/stalker/share/stalker/hook/pythonpath_develop.sh'
[3.863s] Level 1:colcon.colcon_core.environment:checking '/mnt/c/Users/samla/Desktop/StalkerProject/stalker_ros/install/stalker' for CMake module files
[3.924s] Level 1:colcon.colcon_core.environment:checking '/mnt/c/Users/samla/Desktop/StalkerProject/stalker_ros/install/stalker' for CMake config files
[4.000s] Level 1:colcon.colcon_core.environment:checking '/mnt/c/Users/samla/Desktop/StalkerProject/stalker_ros/install/stalker/lib'
[4.005s] Level 1:colcon.colcon_core.environment:checking '/mnt/c/Users/samla/Desktop/StalkerProject/stalker_ros/install/stalker/bin'
[4.006s] Level 1:colcon.colcon_core.environment:checking '/mnt/c/Users/samla/Desktop/StalkerProject/stalker_ros/install/stalker/lib/pkgconfig/stalker.pc'
[4.008s] Level 1:colcon.colcon_core.environment:checking '/mnt/c/Users/samla/Desktop/StalkerProject/stalker_ros/install/stalker/lib/python3.10/site-packages'
[4.011s] Level 1:colcon.colcon_core.shell:create_environment_hook('stalker', 'pythonpath')
[4.011s] INFO:colcon.colcon_core.shell:Creating environment hook '/mnt/c/Users/samla/Desktop/StalkerProject/stalker_ros/install/stalker/share/stalker/hook/pythonpath.ps1'
[4.025s] INFO:colcon.colcon_core.shell:Creating environment descriptor '/mnt/c/Users/samla/Desktop/StalkerProject/stalker_ros/install/stalker/share/stalker/hook/pythonpath.dsv'
[4.039s] INFO:colcon.colcon_core.shell:Creating environment hook '/mnt/c/Users/samla/Desktop/StalkerProject/stalker_ros/install/stalker/share/stalker/hook/pythonpath.sh'
[4.053s] Level 1:colcon.colcon_core.environment:checking '/mnt/c/Users/samla/Desktop/StalkerProject/stalker_ros/install/stalker/bin'
[4.054s] Level 1:colcon.colcon_core.environment:create_environment_scripts_only(stalker)
[4.055s] INFO:colcon.colcon_core.shell:Creating package script '/mnt/c/Users/samla/Desktop/StalkerProject/stalker_ros/install/stalker/share/stalker/package.ps1'
[4.067s] INFO:colcon.colcon_core.shell:Creating package descriptor '/mnt/c/Users/samla/Desktop/StalkerProject/stalker_ros/install/stalker/share/stalker/package.dsv'
[4.078s] INFO:colcon.colcon_core.shell:Creating package script '/mnt/c/Users/samla/Desktop/StalkerProject/stalker_ros/install/stalker/share/stalker/package.sh'
[4.090s] INFO:colcon.colcon_core.shell:Creating package script '/mnt/c/Users/samla/Desktop/StalkerProject/stalker_ros/install/stalker/share/stalker/package.bash'
[4.102s] INFO:colcon.colcon_core.shell:Creating package script '/mnt/c/Users/samla/Desktop/StalkerProject/stalker_ros/install/stalker/share/stalker/package.zsh'
[4.114s] Level 1:colcon.colcon_core.environment:create_file_with_runtime_dependencies(/mnt/c/Users/samla/Desktop/StalkerProject/stalker_ros/install/stalker/share/colcon-core/packages/stalker)
[4.123s] DEBUG:colcon.colcon_parallel_executor.executor.parallel:closing loop
[4.124s] DEBUG:colcon.colcon_parallel_executor.executor.parallel:loop closed
[4.124s] DEBUG:colcon.colcon_parallel_executor.executor.parallel:run_until_complete finished with '0'
[4.124s] DEBUG:colcon.colcon_core.event_reactor:joining thread
[4.189s] INFO:colcon.colcon_core.plugin_system:Skipping extension 'colcon_notification.desktop_notification.notify_send': Could not find 'notify-send'
[4.189s] INFO:colcon.colcon_core.plugin_system:Skipping extension 'colcon_notification.desktop_notification.terminal_notifier': Not used on non-Darwin systems
[4.189s] INFO:colcon.colcon_core.plugin_system:Skipping extension 'colcon_notification.desktop_notification.win32': Not used on non-Windows systems
[4.189s] INFO:colcon.colcon_notification.desktop_notification:Sending desktop notification using 'notify2'
[4.190s] DEBUG:colcon.colcon_notification.desktop_notification.notify2:Failed to initialize notify2: org.freedesktop.DBus.Error.FileNotFound: Failed to connect to socket /run/user/1000/bus: No such file or directory
[4.190s] DEBUG:colcon.colcon_core.event_reactor:joined thread
[4.190s] INFO:colcon.colcon_core.shell:Creating prefix script '/mnt/c/Users/samla/Desktop/StalkerProject/stalker_ros/install/local_setup.ps1'
[4.195s] INFO:colcon.colcon_core.shell:Creating prefix util module '/mnt/c/Users/samla/Desktop/StalkerProject/stalker_ros/install/_local_setup_util_ps1.py'
[4.201s] INFO:colcon.colcon_core.shell:Creating prefix chain script '/mnt/c/Users/samla/Desktop/StalkerProject/stalker_ros/install/setup.ps1'
[4.214s] INFO:colcon.colcon_core.shell:Creating prefix script '/mnt/c/Users/samla/Desktop/StalkerProject/stalker_ros/install/local_setup.sh'
[4.219s] INFO:colcon.colcon_core.shell:Creating prefix util module '/mnt/c/Users/samla/Desktop/StalkerProject/stalker_ros/install/_local_setup_util_sh.py'
[4.224s] INFO:colcon.colcon_core.shell:Creating prefix chain script '/mnt/c/Users/samla/Desktop/StalkerProject/stalker_ros/install/setup.sh'
[4.236s] INFO:colcon.colcon_core.shell:Creating prefix script '/mnt/c/Users/samla/Desktop/StalkerProject/stalker_ros/install/local_setup.bash'
[4.241s] INFO:colcon.colcon_core.shell:Creating prefix chain script '/mnt/c/Users/samla/Desktop/StalkerProject/stalker_ros/install/setup.bash'
[4.254s] INFO:colcon.colcon_core.shell:Creating prefix script '/mnt/c/Users/samla/Desktop/StalkerProject/stalker_ros/install/local_setup.zsh'
[4.260s] INFO:colcon.colcon_core.shell:Creating prefix chain script '/mnt/c/Users/samla/Desktop/StalkerProject/stalker_ros/install/setup.zsh'
