[1.077s] Invoking command in '/home/sam/stalkerProject/StalkerProject/build/3d_lidar': PYTHONPATH=/home/sam/stalkerProject/StalkerProject/build/3d_lidar/prefix_override:/usr/lib/python3/dist-packages/colcon_core/task/python/colcon_distutils_commands:/home/sam/stalkerProject/StalkerProject/install/3d_lidar/lib/python3.10/site-packages:${PYTHONPATH} /usr/bin/python3 -W ignore:setup.py install is deprecated -W ignore:easy_install command is deprecated setup.py develop --uninstall --editable --build-directory /home/sam/stalkerProject/StalkerProject/build/3d_lidar/build
[1.497s] running develop
[1.845s] Removing /home/sam/stalkerProject/StalkerProject/install/3d_lidar/lib/python3.10/site-packages/3d-lidar.egg-link (link to .)
[1.896s] Invoked command in '/home/sam/stalkerProject/StalkerProject/build/3d_lidar' returned '0': PYTHONPATH=/home/sam/stalkerProject/StalkerProject/build/3d_lidar/prefix_override:/usr/lib/python3/dist-packages/colcon_core/task/python/colcon_distutils_commands:/home/sam/stalkerProject/StalkerProject/install/3d_lidar/lib/python3.10/site-packages:${PYTHONPATH} /usr/bin/python3 -W ignore:setup.py install is deprecated -W ignore:easy_install command is deprecated setup.py develop --uninstall --editable --build-directory /home/sam/stalkerProject/StalkerProject/build/3d_lidar/build
[1.899s] Invoking command in '/home/sam/stalkerProject/StalkerProject/src/3d_lidar': PYTHONPATH=/home/sam/stalkerProject/StalkerProject/build/3d_lidar/prefix_override:/usr/lib/python3/dist-packages/colcon_core/task/python/colcon_distutils_commands:/home/sam/stalkerProject/StalkerProject/install/3d_lidar/lib/python3.10/site-packages:${PYTHONPATH} /usr/bin/python3 -W ignore:setup.py install is deprecated -W ignore:easy_install command is deprecated setup.py egg_info --egg-base ../../build/3d_lidar build --build-base /home/sam/stalkerProject/StalkerProject/build/3d_lidar/build install --record /home/sam/stalkerProject/StalkerProject/build/3d_lidar/install.log --single-version-externally-managed install_data --force
[2.285s] running egg_info
[2.312s] writing ../../build/3d_lidar/3d_lidar.egg-info/PKG-INFO
[2.312s] writing dependency_links to ../../build/3d_lidar/3d_lidar.egg-info/dependency_links.txt
[2.312s] writing entry points to ../../build/3d_lidar/3d_lidar.egg-info/entry_points.txt
[2.313s] writing requirements to ../../build/3d_lidar/3d_lidar.egg-info/requires.txt
[2.313s] writing top-level names to ../../build/3d_lidar/3d_lidar.egg-info/top_level.txt
[2.368s] reading manifest file '../../build/3d_lidar/3d_lidar.egg-info/SOURCES.txt'
[2.369s] writing manifest file '../../build/3d_lidar/3d_lidar.egg-info/SOURCES.txt'
[2.369s] running build
[2.370s] running build_py
[2.370s] creating /home/sam/stalkerProject/StalkerProject/build/3d_lidar/build/lib/3d_lidar
[2.370s] copying 3d_lidar/TF_broadcast.py -> /home/sam/stalkerProject/StalkerProject/build/3d_lidar/build/lib/3d_lidar
[2.372s] copying 3d_lidar/scan_3d.py -> /home/sam/stalkerProject/StalkerProject/build/3d_lidar/build/lib/3d_lidar
[2.372s] copying 3d_lidar/__init__.py -> /home/sam/stalkerProject/StalkerProject/build/3d_lidar/build/lib/3d_lidar
[2.373s] running install
[2.377s] running install_lib
[2.403s] creating /home/sam/stalkerProject/StalkerProject/install/3d_lidar/lib/python3.10/site-packages/3d_lidar
[2.403s] copying /home/sam/stalkerProject/StalkerProject/build/3d_lidar/build/lib/3d_lidar/TF_broadcast.py -> /home/sam/stalkerProject/StalkerProject/install/3d_lidar/lib/python3.10/site-packages/3d_lidar
[2.403s] copying /home/sam/stalkerProject/StalkerProject/build/3d_lidar/build/lib/3d_lidar/scan_3d.py -> /home/sam/stalkerProject/StalkerProject/install/3d_lidar/lib/python3.10/site-packages/3d_lidar
[2.403s] copying /home/sam/stalkerProject/StalkerProject/build/3d_lidar/build/lib/3d_lidar/__init__.py -> /home/sam/stalkerProject/StalkerProject/install/3d_lidar/lib/python3.10/site-packages/3d_lidar
[2.404s] byte-compiling /home/sam/stalkerProject/StalkerProject/install/3d_lidar/lib/python3.10/site-packages/3d_lidar/TF_broadcast.py to TF_broadcast.cpython-310.pyc
[2.406s] byte-compiling /home/sam/stalkerProject/StalkerProject/install/3d_lidar/lib/python3.10/site-packages/3d_lidar/scan_3d.py to scan_3d.cpython-310.pyc
[2.406s] byte-compiling /home/sam/stalkerProject/StalkerProject/install/3d_lidar/lib/python3.10/site-packages/3d_lidar/__init__.py to __init__.cpython-310.pyc
[2.406s] running install_data
[2.407s] copying resource/3d_lidar -> /home/sam/stalkerProject/StalkerProject/install/3d_lidar/share/ament_index/resource_index/packages
[2.407s] copying package.xml -> /home/sam/stalkerProject/StalkerProject/install/3d_lidar/share/3d_lidar
[2.408s] running install_egg_info
[2.436s] Copying ../../build/3d_lidar/3d_lidar.egg-info to /home/sam/stalkerProject/StalkerProject/install/3d_lidar/lib/python3.10/site-packages/3d_lidar-0.0.0-py3.10.egg-info
[2.437s] running install_scripts
[2.637s] Installing scan_3d script to /home/sam/stalkerProject/StalkerProject/install/3d_lidar/lib/3d_lidar
[2.638s] Installing tf_broadcast script to /home/sam/stalkerProject/StalkerProject/install/3d_lidar/lib/3d_lidar
[2.638s] writing list of installed files to '/home/sam/stalkerProject/StalkerProject/build/3d_lidar/install.log'
[2.671s] Invoked command in '/home/sam/stalkerProject/StalkerProject/src/3d_lidar' returned '0': PYTHONPATH=/home/sam/stalkerProject/StalkerProject/build/3d_lidar/prefix_override:/usr/lib/python3/dist-packages/colcon_core/task/python/colcon_distutils_commands:/home/sam/stalkerProject/StalkerProject/install/3d_lidar/lib/python3.10/site-packages:${PYTHONPATH} /usr/bin/python3 -W ignore:setup.py install is deprecated -W ignore:easy_install command is deprecated setup.py egg_info --egg-base ../../build/3d_lidar build --build-base /home/sam/stalkerProject/StalkerProject/build/3d_lidar/build install --record /home/sam/stalkerProject/StalkerProject/build/3d_lidar/install.log --single-version-externally-managed install_data --force
