running develop
running egg_info
creating stalker.egg-info
writing stalker.egg-info/PKG-INFO
writing dependency_links to stalker.egg-info/dependency_links.txt
writing entry points to stalker.egg-info/entry_points.txt
writing requirements to stalker.egg-info/requires.txt
writing top-level names to stalker.egg-info/top_level.txt
writing manifest file 'stalker.egg-info/SOURCES.txt'
reading manifest file 'stalker.egg-info/SOURCES.txt'
writing manifest file 'stalker.egg-info/SOURCES.txt'
running build_ext
Creating /mnt/c/Users/samla/Desktop/StalkerProject/stalker_ros/install/stalker/lib/python3.10/site-packages/stalker.egg-link (link to .)
Installing cloud_consumer script to /mnt/c/Users/samla/Desktop/StalkerProject/stalker_ros/install/stalker/lib/stalker

Installed /mnt/c/Users/samla/Desktop/StalkerProject/stalker_ros/build/stalker
running symlink_data
creating /mnt/c/Users/samla/Desktop/StalkerProject/stalker_ros/install/stalker/share/ament_index
creating /mnt/c/Users/samla/Desktop/StalkerProject/stalker_ros/install/stalker/share/ament_index/resource_index
creating /mnt/c/Users/samla/Desktop/StalkerProject/stalker_ros/install/stalker/share/ament_index/resource_index/packages
symbolically linking /mnt/c/Users/samla/Desktop/StalkerProject/stalker_ros/build/stalker/resource/stalker -> /mnt/c/Users/samla/Desktop/StalkerProject/stalker_ros/install/stalker/share/ament_index/resource_index/packages
symbolically linking /mnt/c/Users/samla/Desktop/StalkerProject/stalker_ros/build/stalker/package.xml -> /mnt/c/Users/samla/Desktop/StalkerProject/stalker_ros/install/stalker/share/stalker
