[1.433s] Invoking command in '/mnt/c/Users/samla/Desktop/StalkerProject/stalker_ros/build/stalker': PYTHONPATH=/mnt/c/Users/samla/Desktop/StalkerProject/stalker_ros/build/stalker/prefix_override:/usr/lib/python3/dist-packages/colcon_core/task/python/colcon_distutils_commands:/mnt/c/Users/samla/Desktop/StalkerProject/stalker_ros/install/stalker/lib/python3.10/site-packages:${PYTHONPATH} /usr/bin/python3 -W ignore:setup.py install is deprecated -W ignore:easy_install command is deprecated setup.py develop --editable --build-directory /mnt/c/Users/samla/Desktop/StalkerProject/stalker_ros/build/stalker/build --no-deps symlink_data
[2.145s] running develop
[2.351s] running egg_info
[2.351s] creating stalker.egg-info
[2.352s] writing stalker.egg-info/PKG-INFO
[2.358s] writing dependency_links to stalker.egg-info/dependency_links.txt
[2.361s] writing entry points to stalker.egg-info/entry_points.txt
[2.364s] writing requirements to stalker.egg-info/requires.txt
[2.366s] writing top-level names to stalker.egg-info/top_level.txt
[2.370s] writing manifest file 'stalker.egg-info/SOURCES.txt'
[2.412s] reading manifest file 'stalker.egg-info/SOURCES.txt'
[2.459s] writing manifest file 'stalker.egg-info/SOURCES.txt'
[2.470s] running build_ext
[2.471s] Creating /mnt/c/Users/samla/Desktop/StalkerProject/stalker_ros/install/stalker/lib/python3.10/site-packages/stalker.egg-link (link to .)
[2.491s] Installing cloud_consumer script to /mnt/c/Users/samla/Desktop/StalkerProject/stalker_ros/install/stalker/lib/stalker
[2.507s] 
[2.508s] Installed /mnt/c/Users/samla/Desktop/StalkerProject/stalker_ros/build/stalker
[2.510s] running symlink_data
[2.518s] creating /mnt/c/Users/samla/Desktop/StalkerProject/stalker_ros/install/stalker/share/ament_index
[2.520s] creating /mnt/c/Users/samla/Desktop/StalkerProject/stalker_ros/install/stalker/share/ament_index/resource_index
[2.523s] creating /mnt/c/Users/samla/Desktop/StalkerProject/stalker_ros/install/stalker/share/ament_index/resource_index/packages
[2.537s] symbolically linking /mnt/c/Users/samla/Desktop/StalkerProject/stalker_ros/build/stalker/resource/stalker -> /mnt/c/Users/samla/Desktop/StalkerProject/stalker_ros/install/stalker/share/ament_index/resource_index/packages
[2.554s] symbolically linking /mnt/c/Users/samla/Desktop/StalkerProject/stalker_ros/build/stalker/package.xml -> /mnt/c/Users/samla/Desktop/StalkerProject/stalker_ros/install/stalker/share/stalker
[2.577s] Invoked command in '/mnt/c/Users/samla/Desktop/StalkerProject/stalker_ros/build/stalker' returned '0': PYTHONPATH=/mnt/c/Users/samla/Desktop/StalkerProject/stalker_ros/build/stalker/prefix_override:/usr/lib/python3/dist-packages/colcon_core/task/python/colcon_distutils_commands:/mnt/c/Users/samla/Desktop/StalkerProject/stalker_ros/install/stalker/lib/python3.10/site-packages:${PYTHONPATH} /usr/bin/python3 -W ignore:setup.py install is deprecated -W ignore:easy_install command is deprecated setup.py develop --editable --build-directory /mnt/c/Users/samla/Desktop/StalkerProject/stalker_ros/build/stalker/build --no-deps symlink_data
