[0.148s] DEBUG:colcon:Command line arguments: ['/usr/bin/colcon', 'build', '--symlink-install']
[0.148s] DEBUG:colcon:Parsed command line arguments: Namespace(log_base=None, log_level=None, verb_name='build', build_base='build', install_base='install', merge_install=False, symlink_install=True, test_result_base=None, continue_on_error=False, executor='parallel', parallel_workers=4, event_handlers=None, ignore_user_meta=False, metas=['./colcon.meta'], base_paths=['.'], packages_ignore=None, packages_ignore_regex=None, paths=None, packages_up_to=None, packages_up_to_regex=None, packages_above=None, packages_above_and_dependencies=None, packages_above_depth=None, packages_select_by_dep=None, packages_skip_by_dep=None, packages_skip_up_to=None, packages_select_build_failed=False, packages_skip_build_finished=False, packages_select_test_failures=False, packages_skip_test_passed=False, packages_select=None, packages_skip=None, packages_select_regex=None, packages_skip_regex=None, packages_start=None, packages_end=None, allow_overriding=[], cmake_args=None, cmake_target=None, cmake_target_skip_unavailable=False, cmake_clean_cache=False, cmake_clean_first=False, cmake_force_configure=False, ament_cmake_args=None, catkin_cmake_args=None, catkin_skip_building_tests=False, verb_parser=<colcon_defaults.argument_parser.defaults.DefaultArgumentsDecorator object at 0x75f42ab690f0>, verb_extension=<colcon_core.verb.build.BuildVerb object at 0x75f42ab68be0>, main=<bound method BuildVerb.main of <colcon_core.verb.build.BuildVerb object at 0x75f42ab68be0>>)
[0.205s] Level 1:colcon.colcon_core.package_discovery:discover_packages(colcon_meta) check parameters
[0.205s] Level 1:colcon.colcon_core.package_discovery:discover_packages(recursive) check parameters
[0.205s] Level 1:colcon.colcon_core.package_discovery:discover_packages(ignore) check parameters
[0.205s] Level 1:colcon.colcon_core.package_discovery:discover_packages(path) check parameters
[0.205s] Level 1:colcon.colcon_core.package_discovery:discover_packages(colcon_meta) discover
[0.206s] Level 1:colcon.colcon_core.package_discovery:discover_packages(recursive) discover
[0.206s] INFO:colcon.colcon_core.package_discovery:Crawling recursively for packages in '/home/sam/stalkerProject/StalkerProject'
[0.206s] Level 1:colcon.colcon_core.package_identification:_identify(.) by extensions ['ignore', 'ignore_ament_install']
[0.206s] Level 1:colcon.colcon_core.package_identification:_identify(.) by extension 'ignore'
[0.206s] Level 1:colcon.colcon_core.package_identification:_identify(.) by extension 'ignore_ament_install'
[0.206s] Level 1:colcon.colcon_core.package_identification:_identify(.) by extensions ['colcon_pkg']
[0.206s] Level 1:colcon.colcon_core.package_identification:_identify(.) by extension 'colcon_pkg'
[0.206s] Level 1:colcon.colcon_core.package_identification:_identify(.) by extensions ['colcon_meta']
[0.206s] Level 1:colcon.colcon_core.package_identification:_identify(.) by extension 'colcon_meta'
[0.206s] Level 1:colcon.colcon_core.package_identification:_identify(.) by extensions ['ros']
[0.206s] Level 1:colcon.colcon_core.package_identification:_identify(.) by extension 'ros'
[0.227s] Level 1:colcon.colcon_core.package_identification:_identify(.) by extensions ['cmake', 'python']
[0.227s] Level 1:colcon.colcon_core.package_identification:_identify(.) by extension 'cmake'
[0.227s] Level 1:colcon.colcon_core.package_identification:_identify(.) by extension 'python'
[0.228s] Level 1:colcon.colcon_core.package_identification:_identify(.) by extensions ['python_setup_py']
[0.228s] Level 1:colcon.colcon_core.package_identification:_identify(.) by extension 'python_setup_py'
[0.228s] Level 1:colcon.colcon_core.package_identification:_identify(PiLiDAR-main) by extensions ['ignore', 'ignore_ament_install']
[0.228s] Level 1:colcon.colcon_core.package_identification:_identify(PiLiDAR-main) by extension 'ignore'
[0.228s] Level 1:colcon.colcon_core.package_identification:_identify(PiLiDAR-main) by extension 'ignore_ament_install'
[0.228s] Level 1:colcon.colcon_core.package_identification:_identify(PiLiDAR-main) by extensions ['colcon_pkg']
[0.228s] Level 1:colcon.colcon_core.package_identification:_identify(PiLiDAR-main) by extension 'colcon_pkg'
[0.228s] Level 1:colcon.colcon_core.package_identification:_identify(PiLiDAR-main) by extensions ['colcon_meta']
[0.228s] Level 1:colcon.colcon_core.package_identification:_identify(PiLiDAR-main) by extension 'colcon_meta'
[0.228s] Level 1:colcon.colcon_core.package_identification:_identify(PiLiDAR-main) by extensions ['ros']
[0.228s] Level 1:colcon.colcon_core.package_identification:_identify(PiLiDAR-main) by extension 'ros'
[0.229s] Level 1:colcon.colcon_core.package_identification:_identify(PiLiDAR-main) by extensions ['cmake', 'python']
[0.229s] Level 1:colcon.colcon_core.package_identification:_identify(PiLiDAR-main) by extension 'cmake'
[0.229s] Level 1:colcon.colcon_core.package_identification:_identify(PiLiDAR-main) by extension 'python'
[0.229s] Level 1:colcon.colcon_core.package_identification:_identify(PiLiDAR-main) by extensions ['python_setup_py']
[0.229s] Level 1:colcon.colcon_core.package_identification:_identify(PiLiDAR-main) by extension 'python_setup_py'
[0.229s] Level 1:colcon.colcon_core.package_identification:_identify(PiLiDAR-main/PiLiDAR-main) by extensions ['ignore', 'ignore_ament_install']
[0.229s] Level 1:colcon.colcon_core.package_identification:_identify(PiLiDAR-main/PiLiDAR-main) by extension 'ignore'
[0.229s] Level 1:colcon.colcon_core.package_identification:_identify(PiLiDAR-main/PiLiDAR-main) by extension 'ignore_ament_install'
[0.229s] Level 1:colcon.colcon_core.package_identification:_identify(PiLiDAR-main/PiLiDAR-main) by extensions ['colcon_pkg']
[0.229s] Level 1:colcon.colcon_core.package_identification:_identify(PiLiDAR-main/PiLiDAR-main) by extension 'colcon_pkg'
[0.229s] Level 1:colcon.colcon_core.package_identification:_identify(PiLiDAR-main/PiLiDAR-main) by extensions ['colcon_meta']
[0.230s] Level 1:colcon.colcon_core.package_identification:_identify(PiLiDAR-main/PiLiDAR-main) by extension 'colcon_meta'
[0.230s] Level 1:colcon.colcon_core.package_identification:_identify(PiLiDAR-main/PiLiDAR-main) by extensions ['ros']
[0.230s] Level 1:colcon.colcon_core.package_identification:_identify(PiLiDAR-main/PiLiDAR-main) by extension 'ros'
[0.230s] Level 1:colcon.colcon_core.package_identification:_identify(PiLiDAR-main/PiLiDAR-main) by extensions ['cmake', 'python']
[0.230s] Level 1:colcon.colcon_core.package_identification:_identify(PiLiDAR-main/PiLiDAR-main) by extension 'cmake'
[0.230s] Level 1:colcon.colcon_core.package_identification:_identify(PiLiDAR-main/PiLiDAR-main) by extension 'python'
[0.230s] Level 1:colcon.colcon_core.package_identification:_identify(PiLiDAR-main/PiLiDAR-main) by extensions ['python_setup_py']
[0.230s] Level 1:colcon.colcon_core.package_identification:_identify(PiLiDAR-main/PiLiDAR-main) by extension 'python_setup_py'
[0.230s] Level 1:colcon.colcon_core.package_identification:_identify(PiLiDAR-main/PiLiDAR-main/hugin) by extensions ['ignore', 'ignore_ament_install']
[0.230s] Level 1:colcon.colcon_core.package_identification:_identify(PiLiDAR-main/PiLiDAR-main/hugin) by extension 'ignore'
[0.230s] Level 1:colcon.colcon_core.package_identification:_identify(PiLiDAR-main/PiLiDAR-main/hugin) by extension 'ignore_ament_install'
[0.231s] Level 1:colcon.colcon_core.package_identification:_identify(PiLiDAR-main/PiLiDAR-main/hugin) by extensions ['colcon_pkg']
[0.231s] Level 1:colcon.colcon_core.package_identification:_identify(PiLiDAR-main/PiLiDAR-main/hugin) by extension 'colcon_pkg'
[0.231s] Level 1:colcon.colcon_core.package_identification:_identify(PiLiDAR-main/PiLiDAR-main/hugin) by extensions ['colcon_meta']
[0.231s] Level 1:colcon.colcon_core.package_identification:_identify(PiLiDAR-main/PiLiDAR-main/hugin) by extension 'colcon_meta'
[0.231s] Level 1:colcon.colcon_core.package_identification:_identify(PiLiDAR-main/PiLiDAR-main/hugin) by extensions ['ros']
[0.231s] Level 1:colcon.colcon_core.package_identification:_identify(PiLiDAR-main/PiLiDAR-main/hugin) by extension 'ros'
[0.231s] Level 1:colcon.colcon_core.package_identification:_identify(PiLiDAR-main/PiLiDAR-main/hugin) by extensions ['cmake', 'python']
[0.231s] Level 1:colcon.colcon_core.package_identification:_identify(PiLiDAR-main/PiLiDAR-main/hugin) by extension 'cmake'
[0.231s] Level 1:colcon.colcon_core.package_identification:_identify(PiLiDAR-main/PiLiDAR-main/hugin) by extension 'python'
[0.231s] Level 1:colcon.colcon_core.package_identification:_identify(PiLiDAR-main/PiLiDAR-main/hugin) by extensions ['python_setup_py']
[0.231s] Level 1:colcon.colcon_core.package_identification:_identify(PiLiDAR-main/PiLiDAR-main/hugin) by extension 'python_setup_py'
[0.231s] Level 1:colcon.colcon_core.package_identification:_identify(PiLiDAR-main/PiLiDAR-main/images) by extensions ['ignore', 'ignore_ament_install']
[0.232s] Level 1:colcon.colcon_core.package_identification:_identify(PiLiDAR-main/PiLiDAR-main/images) by extension 'ignore'
[0.232s] Level 1:colcon.colcon_core.package_identification:_identify(PiLiDAR-main/PiLiDAR-main/images) by extension 'ignore_ament_install'
[0.232s] Level 1:colcon.colcon_core.package_identification:_identify(PiLiDAR-main/PiLiDAR-main/images) by extensions ['colcon_pkg']
[0.232s] Level 1:colcon.colcon_core.package_identification:_identify(PiLiDAR-main/PiLiDAR-main/images) by extension 'colcon_pkg'
[0.232s] Level 1:colcon.colcon_core.package_identification:_identify(PiLiDAR-main/PiLiDAR-main/images) by extensions ['colcon_meta']
[0.232s] Level 1:colcon.colcon_core.package_identification:_identify(PiLiDAR-main/PiLiDAR-main/images) by extension 'colcon_meta'
[0.232s] Level 1:colcon.colcon_core.package_identification:_identify(PiLiDAR-main/PiLiDAR-main/images) by extensions ['ros']
[0.232s] Level 1:colcon.colcon_core.package_identification:_identify(PiLiDAR-main/PiLiDAR-main/images) by extension 'ros'
[0.232s] Level 1:colcon.colcon_core.package_identification:_identify(PiLiDAR-main/PiLiDAR-main/images) by extensions ['cmake', 'python']
[0.232s] Level 1:colcon.colcon_core.package_identification:_identify(PiLiDAR-main/PiLiDAR-main/images) by extension 'cmake'
[0.232s] Level 1:colcon.colcon_core.package_identification:_identify(PiLiDAR-main/PiLiDAR-main/images) by extension 'python'
[0.232s] Level 1:colcon.colcon_core.package_identification:_identify(PiLiDAR-main/PiLiDAR-main/images) by extensions ['python_setup_py']
[0.233s] Level 1:colcon.colcon_core.package_identification:_identify(PiLiDAR-main/PiLiDAR-main/images) by extension 'python_setup_py'
[0.233s] Level 1:colcon.colcon_core.package_identification:_identify(PiLiDAR-main/PiLiDAR-main/lib) by extensions ['ignore', 'ignore_ament_install']
[0.233s] Level 1:colcon.colcon_core.package_identification:_identify(PiLiDAR-main/PiLiDAR-main/lib) by extension 'ignore'
[0.233s] Level 1:colcon.colcon_core.package_identification:_identify(PiLiDAR-main/PiLiDAR-main/lib) by extension 'ignore_ament_install'
[0.233s] Level 1:colcon.colcon_core.package_identification:_identify(PiLiDAR-main/PiLiDAR-main/lib) by extensions ['colcon_pkg']
[0.233s] Level 1:colcon.colcon_core.package_identification:_identify(PiLiDAR-main/PiLiDAR-main/lib) by extension 'colcon_pkg'
[0.233s] Level 1:colcon.colcon_core.package_identification:_identify(PiLiDAR-main/PiLiDAR-main/lib) by extensions ['colcon_meta']
[0.233s] Level 1:colcon.colcon_core.package_identification:_identify(PiLiDAR-main/PiLiDAR-main/lib) by extension 'colcon_meta'
[0.233s] Level 1:colcon.colcon_core.package_identification:_identify(PiLiDAR-main/PiLiDAR-main/lib) by extensions ['ros']
[0.233s] Level 1:colcon.colcon_core.package_identification:_identify(PiLiDAR-main/PiLiDAR-main/lib) by extension 'ros'
[0.233s] Level 1:colcon.colcon_core.package_identification:_identify(PiLiDAR-main/PiLiDAR-main/lib) by extensions ['cmake', 'python']
[0.234s] Level 1:colcon.colcon_core.package_identification:_identify(PiLiDAR-main/PiLiDAR-main/lib) by extension 'cmake'
[0.234s] Level 1:colcon.colcon_core.package_identification:_identify(PiLiDAR-main/PiLiDAR-main/lib) by extension 'python'
[0.234s] Level 1:colcon.colcon_core.package_identification:_identify(PiLiDAR-main/PiLiDAR-main/lib) by extensions ['python_setup_py']
[0.234s] Level 1:colcon.colcon_core.package_identification:_identify(PiLiDAR-main/PiLiDAR-main/lib) by extension 'python_setup_py'
[0.234s] Level 1:colcon.colcon_core.package_identification:_identify(PiLiDAR-main/PiLiDAR-main/meshlab) by extensions ['ignore', 'ignore_ament_install']
[0.234s] Level 1:colcon.colcon_core.package_identification:_identify(PiLiDAR-main/PiLiDAR-main/meshlab) by extension 'ignore'
[0.234s] Level 1:colcon.colcon_core.package_identification:_identify(PiLiDAR-main/PiLiDAR-main/meshlab) by extension 'ignore_ament_install'
[0.234s] Level 1:colcon.colcon_core.package_identification:_identify(PiLiDAR-main/PiLiDAR-main/meshlab) by extensions ['colcon_pkg']
[0.234s] Level 1:colcon.colcon_core.package_identification:_identify(PiLiDAR-main/PiLiDAR-main/meshlab) by extension 'colcon_pkg'
[0.234s] Level 1:colcon.colcon_core.package_identification:_identify(PiLiDAR-main/PiLiDAR-main/meshlab) by extensions ['colcon_meta']
[0.234s] Level 1:colcon.colcon_core.package_identification:_identify(PiLiDAR-main/PiLiDAR-main/meshlab) by extension 'colcon_meta'
[0.235s] Level 1:colcon.colcon_core.package_identification:_identify(PiLiDAR-main/PiLiDAR-main/meshlab) by extensions ['ros']
[0.235s] Level 1:colcon.colcon_core.package_identification:_identify(PiLiDAR-main/PiLiDAR-main/meshlab) by extension 'ros'
[0.235s] Level 1:colcon.colcon_core.package_identification:_identify(PiLiDAR-main/PiLiDAR-main/meshlab) by extensions ['cmake', 'python']
[0.235s] Level 1:colcon.colcon_core.package_identification:_identify(PiLiDAR-main/PiLiDAR-main/meshlab) by extension 'cmake'
[0.235s] Level 1:colcon.colcon_core.package_identification:_identify(PiLiDAR-main/PiLiDAR-main/meshlab) by extension 'python'
[0.235s] Level 1:colcon.colcon_core.package_identification:_identify(PiLiDAR-main/PiLiDAR-main/meshlab) by extensions ['python_setup_py']
[0.235s] Level 1:colcon.colcon_core.package_identification:_identify(PiLiDAR-main/PiLiDAR-main/meshlab) by extension 'python_setup_py'
[0.235s] Level 1:colcon.colcon_core.package_identification:_identify(build) by extensions ['ignore', 'ignore_ament_install']
[0.235s] Level 1:colcon.colcon_core.package_identification:_identify(build) by extension 'ignore'
[0.235s] Level 1:colcon.colcon_core.package_identification:_identify(build) ignored
[0.236s] Level 1:colcon.colcon_core.package_identification:_identify(install) by extensions ['ignore', 'ignore_ament_install']
[0.236s] Level 1:colcon.colcon_core.package_identification:_identify(install) by extension 'ignore'
[0.236s] Level 1:colcon.colcon_core.package_identification:_identify(install) ignored
[0.236s] Level 1:colcon.colcon_core.package_identification:_identify(log) by extensions ['ignore', 'ignore_ament_install']
[0.236s] Level 1:colcon.colcon_core.package_identification:_identify(log) by extension 'ignore'
[0.236s] Level 1:colcon.colcon_core.package_identification:_identify(log) ignored
[0.236s] Level 1:colcon.colcon_core.package_identification:_identify(model) by extensions ['ignore', 'ignore_ament_install']
[0.237s] Level 1:colcon.colcon_core.package_identification:_identify(model) by extension 'ignore'
[0.237s] Level 1:colcon.colcon_core.package_identification:_identify(model) by extension 'ignore_ament_install'
[0.237s] Level 1:colcon.colcon_core.package_identification:_identify(model) by extensions ['colcon_pkg']
[0.237s] Level 1:colcon.colcon_core.package_identification:_identify(model) by extension 'colcon_pkg'
[0.237s] Level 1:colcon.colcon_core.package_identification:_identify(model) by extensions ['colcon_meta']
[0.237s] Level 1:colcon.colcon_core.package_identification:_identify(model) by extension 'colcon_meta'
[0.237s] Level 1:colcon.colcon_core.package_identification:_identify(model) by extensions ['ros']
[0.237s] Level 1:colcon.colcon_core.package_identification:_identify(model) by extension 'ros'
[0.237s] Level 1:colcon.colcon_core.package_identification:_identify(model) by extensions ['cmake', 'python']
[0.237s] Level 1:colcon.colcon_core.package_identification:_identify(model) by extension 'cmake'
[0.237s] Level 1:colcon.colcon_core.package_identification:_identify(model) by extension 'python'
[0.237s] Level 1:colcon.colcon_core.package_identification:_identify(model) by extensions ['python_setup_py']
[0.237s] Level 1:colcon.colcon_core.package_identification:_identify(model) by extension 'python_setup_py'
[0.238s] Level 1:colcon.colcon_core.package_identification:_identify(model/meshes) by extensions ['ignore', 'ignore_ament_install']
[0.238s] Level 1:colcon.colcon_core.package_identification:_identify(model/meshes) by extension 'ignore'
[0.238s] Level 1:colcon.colcon_core.package_identification:_identify(model/meshes) by extension 'ignore_ament_install'
[0.238s] Level 1:colcon.colcon_core.package_identification:_identify(model/meshes) by extensions ['colcon_pkg']
[0.238s] Level 1:colcon.colcon_core.package_identification:_identify(model/meshes) by extension 'colcon_pkg'
[0.238s] Level 1:colcon.colcon_core.package_identification:_identify(model/meshes) by extensions ['colcon_meta']
[0.238s] Level 1:colcon.colcon_core.package_identification:_identify(model/meshes) by extension 'colcon_meta'
[0.238s] Level 1:colcon.colcon_core.package_identification:_identify(model/meshes) by extensions ['ros']
[0.238s] Level 1:colcon.colcon_core.package_identification:_identify(model/meshes) by extension 'ros'
[0.238s] Level 1:colcon.colcon_core.package_identification:_identify(model/meshes) by extensions ['cmake', 'python']
[0.238s] Level 1:colcon.colcon_core.package_identification:_identify(model/meshes) by extension 'cmake'
[0.238s] Level 1:colcon.colcon_core.package_identification:_identify(model/meshes) by extension 'python'
[0.239s] Level 1:colcon.colcon_core.package_identification:_identify(model/meshes) by extensions ['python_setup_py']
[0.239s] Level 1:colcon.colcon_core.package_identification:_identify(model/meshes) by extension 'python_setup_py'
[0.239s] Level 1:colcon.colcon_core.package_identification:_identify(src) by extensions ['ignore', 'ignore_ament_install']
[0.239s] Level 1:colcon.colcon_core.package_identification:_identify(src) by extension 'ignore'
[0.239s] Level 1:colcon.colcon_core.package_identification:_identify(src) by extension 'ignore_ament_install'
[0.239s] Level 1:colcon.colcon_core.package_identification:_identify(src) by extensions ['colcon_pkg']
[0.239s] Level 1:colcon.colcon_core.package_identification:_identify(src) by extension 'colcon_pkg'
[0.239s] Level 1:colcon.colcon_core.package_identification:_identify(src) by extensions ['colcon_meta']
[0.239s] Level 1:colcon.colcon_core.package_identification:_identify(src) by extension 'colcon_meta'
[0.239s] Level 1:colcon.colcon_core.package_identification:_identify(src) by extensions ['ros']
[0.239s] Level 1:colcon.colcon_core.package_identification:_identify(src) by extension 'ros'
[0.240s] Level 1:colcon.colcon_core.package_identification:_identify(src) by extensions ['cmake', 'python']
[0.240s] Level 1:colcon.colcon_core.package_identification:_identify(src) by extension 'cmake'
[0.240s] Level 1:colcon.colcon_core.package_identification:_identify(src) by extension 'python'
[0.240s] Level 1:colcon.colcon_core.package_identification:_identify(src) by extensions ['python_setup_py']
[0.240s] Level 1:colcon.colcon_core.package_identification:_identify(src) by extension 'python_setup_py'
[0.240s] Level 1:colcon.colcon_core.package_identification:_identify(src/3d_lidar) by extensions ['ignore', 'ignore_ament_install']
[0.240s] Level 1:colcon.colcon_core.package_identification:_identify(src/3d_lidar) by extension 'ignore'
[0.240s] Level 1:colcon.colcon_core.package_identification:_identify(src/3d_lidar) by extension 'ignore_ament_install'
[0.240s] Level 1:colcon.colcon_core.package_identification:_identify(src/3d_lidar) by extensions ['colcon_pkg']
[0.240s] Level 1:colcon.colcon_core.package_identification:_identify(src/3d_lidar) by extension 'colcon_pkg'
[0.240s] Level 1:colcon.colcon_core.package_identification:_identify(src/3d_lidar) by extensions ['colcon_meta']
[0.241s] Level 1:colcon.colcon_core.package_identification:_identify(src/3d_lidar) by extension 'colcon_meta'
[0.241s] Level 1:colcon.colcon_core.package_identification:_identify(src/3d_lidar) by extensions ['ros']
[0.241s] Level 1:colcon.colcon_core.package_identification:_identify(src/3d_lidar) by extension 'ros'
[0.245s] DEBUG:colcon.colcon_core.package_identification:Package 'src/3d_lidar' with type 'ros.ament_python' and name '3d_lidar'
[0.245s] Level 1:colcon.colcon_core.package_identification:_identify(src/ldlidar_stl_ros2) by extensions ['ignore', 'ignore_ament_install']
[0.245s] Level 1:colcon.colcon_core.package_identification:_identify(src/ldlidar_stl_ros2) by extension 'ignore'
[0.245s] Level 1:colcon.colcon_core.package_identification:_identify(src/ldlidar_stl_ros2) by extension 'ignore_ament_install'
[0.245s] Level 1:colcon.colcon_core.package_identification:_identify(src/ldlidar_stl_ros2) by extensions ['colcon_pkg']
[0.246s] Level 1:colcon.colcon_core.package_identification:_identify(src/ldlidar_stl_ros2) by extension 'colcon_pkg'
[0.246s] Level 1:colcon.colcon_core.package_identification:_identify(src/ldlidar_stl_ros2) by extensions ['colcon_meta']
[0.246s] Level 1:colcon.colcon_core.package_identification:_identify(src/ldlidar_stl_ros2) by extension 'colcon_meta'
[0.246s] Level 1:colcon.colcon_core.package_identification:_identify(src/ldlidar_stl_ros2) by extensions ['ros']
[0.246s] Level 1:colcon.colcon_core.package_identification:_identify(src/ldlidar_stl_ros2) by extension 'ros'
[0.247s] DEBUG:colcon.colcon_core.package_identification:Package 'src/ldlidar_stl_ros2' with type 'ros.ament_cmake' and name 'ldlidar_stl_ros2'
[0.247s] Level 1:colcon.colcon_core.package_identification:_identify(stalker_ros) by extensions ['ignore', 'ignore_ament_install']
[0.247s] Level 1:colcon.colcon_core.package_identification:_identify(stalker_ros) by extension 'ignore'
[0.247s] Level 1:colcon.colcon_core.package_identification:_identify(stalker_ros) by extension 'ignore_ament_install'
[0.247s] Level 1:colcon.colcon_core.package_identification:_identify(stalker_ros) by extensions ['colcon_pkg']
[0.247s] Level 1:colcon.colcon_core.package_identification:_identify(stalker_ros) by extension 'colcon_pkg'
[0.247s] Level 1:colcon.colcon_core.package_identification:_identify(stalker_ros) by extensions ['colcon_meta']
[0.247s] Level 1:colcon.colcon_core.package_identification:_identify(stalker_ros) by extension 'colcon_meta'
[0.247s] Level 1:colcon.colcon_core.package_identification:_identify(stalker_ros) by extensions ['ros']
[0.247s] Level 1:colcon.colcon_core.package_identification:_identify(stalker_ros) by extension 'ros'
[0.248s] Level 1:colcon.colcon_core.package_identification:_identify(stalker_ros) by extensions ['cmake', 'python']
[0.248s] Level 1:colcon.colcon_core.package_identification:_identify(stalker_ros) by extension 'cmake'
[0.248s] Level 1:colcon.colcon_core.package_identification:_identify(stalker_ros) by extension 'python'
[0.248s] Level 1:colcon.colcon_core.package_identification:_identify(stalker_ros) by extensions ['python_setup_py']
[0.248s] Level 1:colcon.colcon_core.package_identification:_identify(stalker_ros) by extension 'python_setup_py'
[0.248s] Level 1:colcon.colcon_core.package_identification:_identify(stalker_ros/build) by extensions ['ignore', 'ignore_ament_install']
[0.248s] Level 1:colcon.colcon_core.package_identification:_identify(stalker_ros/build) by extension 'ignore'
[0.248s] Level 1:colcon.colcon_core.package_identification:_identify(stalker_ros/build) ignored
[0.248s] Level 1:colcon.colcon_core.package_identification:_identify(stalker_ros/install) by extensions ['ignore', 'ignore_ament_install']
[0.249s] Level 1:colcon.colcon_core.package_identification:_identify(stalker_ros/install) by extension 'ignore'
[0.249s] Level 1:colcon.colcon_core.package_identification:_identify(stalker_ros/install) ignored
[0.249s] Level 1:colcon.colcon_core.package_identification:_identify(stalker_ros/log) by extensions ['ignore', 'ignore_ament_install']
[0.249s] Level 1:colcon.colcon_core.package_identification:_identify(stalker_ros/log) by extension 'ignore'
[0.249s] Level 1:colcon.colcon_core.package_identification:_identify(stalker_ros/log) ignored
[0.249s] Level 1:colcon.colcon_core.package_identification:_identify(stalker_ros/src) by extensions ['ignore', 'ignore_ament_install']
[0.249s] Level 1:colcon.colcon_core.package_identification:_identify(stalker_ros/src) by extension 'ignore'
[0.250s] Level 1:colcon.colcon_core.package_identification:_identify(stalker_ros/src) by extension 'ignore_ament_install'
[0.250s] Level 1:colcon.colcon_core.package_identification:_identify(stalker_ros/src) by extensions ['colcon_pkg']
[0.250s] Level 1:colcon.colcon_core.package_identification:_identify(stalker_ros/src) by extension 'colcon_pkg'
[0.250s] Level 1:colcon.colcon_core.package_identification:_identify(stalker_ros/src) by extensions ['colcon_meta']
[0.250s] Level 1:colcon.colcon_core.package_identification:_identify(stalker_ros/src) by extension 'colcon_meta'
[0.250s] Level 1:colcon.colcon_core.package_identification:_identify(stalker_ros/src) by extensions ['ros']
[0.250s] Level 1:colcon.colcon_core.package_identification:_identify(stalker_ros/src) by extension 'ros'
[0.250s] Level 1:colcon.colcon_core.package_identification:_identify(stalker_ros/src) by extensions ['cmake', 'python']
[0.250s] Level 1:colcon.colcon_core.package_identification:_identify(stalker_ros/src) by extension 'cmake'
[0.250s] Level 1:colcon.colcon_core.package_identification:_identify(stalker_ros/src) by extension 'python'
[0.250s] Level 1:colcon.colcon_core.package_identification:_identify(stalker_ros/src) by extensions ['python_setup_py']
[0.250s] Level 1:colcon.colcon_core.package_identification:_identify(stalker_ros/src) by extension 'python_setup_py'
[0.250s] Level 1:colcon.colcon_core.package_identification:_identify(stalker_ros/src/stalker) by extensions ['ignore', 'ignore_ament_install']
[0.251s] Level 1:colcon.colcon_core.package_identification:_identify(stalker_ros/src/stalker) by extension 'ignore'
[0.251s] Level 1:colcon.colcon_core.package_identification:_identify(stalker_ros/src/stalker) by extension 'ignore_ament_install'
[0.251s] Level 1:colcon.colcon_core.package_identification:_identify(stalker_ros/src/stalker) by extensions ['colcon_pkg']
[0.251s] Level 1:colcon.colcon_core.package_identification:_identify(stalker_ros/src/stalker) by extension 'colcon_pkg'
[0.251s] Level 1:colcon.colcon_core.package_identification:_identify(stalker_ros/src/stalker) by extensions ['colcon_meta']
[0.251s] Level 1:colcon.colcon_core.package_identification:_identify(stalker_ros/src/stalker) by extension 'colcon_meta'
[0.251s] Level 1:colcon.colcon_core.package_identification:_identify(stalker_ros/src/stalker) by extensions ['ros']
[0.251s] Level 1:colcon.colcon_core.package_identification:_identify(stalker_ros/src/stalker) by extension 'ros'
[0.252s] DEBUG:colcon.colcon_core.package_identification:Package 'stalker_ros/src/stalker' with type 'ros.ament_python' and name 'stalker'
[0.252s] Level 1:colcon.colcon_core.package_discovery:discover_packages(recursive) using defaults
[0.252s] Level 1:colcon.colcon_core.package_discovery:discover_packages(ignore) discover
[0.252s] Level 1:colcon.colcon_core.package_discovery:discover_packages(ignore) using defaults
[0.252s] Level 1:colcon.colcon_core.package_discovery:discover_packages(path) discover
[0.252s] Level 1:colcon.colcon_core.package_discovery:discover_packages(path) using defaults
[0.289s] Level 1:colcon.colcon_core.package_discovery:discover_packages(prefix_path) check parameters
[0.289s] Level 1:colcon.colcon_core.package_discovery:discover_packages(prefix_path) discover
[0.292s] DEBUG:colcon.colcon_installed_package_information.package_discovery:Found 3 installed packages in /home/sam/stalkerProject/StalkerProject/install
[0.295s] DEBUG:colcon.colcon_installed_package_information.package_discovery:Found 473 installed packages in /opt/ros/humble
[0.298s] Level 1:colcon.colcon_core.package_discovery:discover_packages(prefix_path) using defaults
[0.383s] Level 5:colcon.colcon_core.verb:set package '3d_lidar' build argument 'cmake_args' from command line to 'None'
[0.383s] Level 5:colcon.colcon_core.verb:set package '3d_lidar' build argument 'cmake_target' from command line to 'None'
[0.383s] Level 5:colcon.colcon_core.verb:set package '3d_lidar' build argument 'cmake_target_skip_unavailable' from command line to 'False'
[0.383s] Level 5:colcon.colcon_core.verb:set package '3d_lidar' build argument 'cmake_clean_cache' from command line to 'False'
[0.383s] Level 5:colcon.colcon_core.verb:set package '3d_lidar' build argument 'cmake_clean_first' from command line to 'False'
[0.383s] Level 5:colcon.colcon_core.verb:set package '3d_lidar' build argument 'cmake_force_configure' from command line to 'False'
[0.383s] Level 5:colcon.colcon_core.verb:set package '3d_lidar' build argument 'ament_cmake_args' from command line to 'None'
[0.383s] Level 5:colcon.colcon_core.verb:set package '3d_lidar' build argument 'catkin_cmake_args' from command line to 'None'
[0.383s] Level 5:colcon.colcon_core.verb:set package '3d_lidar' build argument 'catkin_skip_building_tests' from command line to 'False'
[0.383s] DEBUG:colcon.colcon_core.verb:Building package '3d_lidar' with the following arguments: {'ament_cmake_args': None, 'build_base': '/home/sam/stalkerProject/StalkerProject/build/3d_lidar', 'catkin_cmake_args': None, 'catkin_skip_building_tests': False, 'cmake_args': None, 'cmake_clean_cache': False, 'cmake_clean_first': False, 'cmake_force_configure': False, 'cmake_target': None, 'cmake_target_skip_unavailable': False, 'install_base': '/home/sam/stalkerProject/StalkerProject/install/3d_lidar', 'merge_install': False, 'path': '/home/sam/stalkerProject/StalkerProject/src/3d_lidar', 'symlink_install': True, 'test_result_base': None}
[0.384s] Level 5:colcon.colcon_core.verb:set package 'ldlidar_stl_ros2' build argument 'cmake_args' from command line to 'None'
[0.384s] Level 5:colcon.colcon_core.verb:set package 'ldlidar_stl_ros2' build argument 'cmake_target' from command line to 'None'
[0.384s] Level 5:colcon.colcon_core.verb:set package 'ldlidar_stl_ros2' build argument 'cmake_target_skip_unavailable' from command line to 'False'
[0.384s] Level 5:colcon.colcon_core.verb:set package 'ldlidar_stl_ros2' build argument 'cmake_clean_cache' from command line to 'False'
[0.384s] Level 5:colcon.colcon_core.verb:set package 'ldlidar_stl_ros2' build argument 'cmake_clean_first' from command line to 'False'
[0.384s] Level 5:colcon.colcon_core.verb:set package 'ldlidar_stl_ros2' build argument 'cmake_force_configure' from command line to 'False'
[0.384s] Level 5:colcon.colcon_core.verb:set package 'ldlidar_stl_ros2' build argument 'ament_cmake_args' from command line to 'None'
[0.384s] Level 5:colcon.colcon_core.verb:set package 'ldlidar_stl_ros2' build argument 'catkin_cmake_args' from command line to 'None'
[0.384s] Level 5:colcon.colcon_core.verb:set package 'ldlidar_stl_ros2' build argument 'catkin_skip_building_tests' from command line to 'False'
[0.384s] DEBUG:colcon.colcon_core.verb:Building package 'ldlidar_stl_ros2' with the following arguments: {'ament_cmake_args': None, 'build_base': '/home/sam/stalkerProject/StalkerProject/build/ldlidar_stl_ros2', 'catkin_cmake_args': None, 'catkin_skip_building_tests': False, 'cmake_args': None, 'cmake_clean_cache': False, 'cmake_clean_first': False, 'cmake_force_configure': False, 'cmake_target': None, 'cmake_target_skip_unavailable': False, 'install_base': '/home/sam/stalkerProject/StalkerProject/install/ldlidar_stl_ros2', 'merge_install': False, 'path': '/home/sam/stalkerProject/StalkerProject/src/ldlidar_stl_ros2', 'symlink_install': True, 'test_result_base': None}
[0.385s] Level 5:colcon.colcon_core.verb:set package 'stalker' build argument 'cmake_args' from command line to 'None'
[0.385s] Level 5:colcon.colcon_core.verb:set package 'stalker' build argument 'cmake_target' from command line to 'None'
[0.385s] Level 5:colcon.colcon_core.verb:set package 'stalker' build argument 'cmake_target_skip_unavailable' from command line to 'False'
[0.385s] Level 5:colcon.colcon_core.verb:set package 'stalker' build argument 'cmake_clean_cache' from command line to 'False'
[0.385s] Level 5:colcon.colcon_core.verb:set package 'stalker' build argument 'cmake_clean_first' from command line to 'False'
[0.385s] Level 5:colcon.colcon_core.verb:set package 'stalker' build argument 'cmake_force_configure' from command line to 'False'
[0.385s] Level 5:colcon.colcon_core.verb:set package 'stalker' build argument 'ament_cmake_args' from command line to 'None'
[0.385s] Level 5:colcon.colcon_core.verb:set package 'stalker' build argument 'catkin_cmake_args' from command line to 'None'
[0.385s] Level 5:colcon.colcon_core.verb:set package 'stalker' build argument 'catkin_skip_building_tests' from command line to 'False'
[0.385s] DEBUG:colcon.colcon_core.verb:Building package 'stalker' with the following arguments: {'ament_cmake_args': None, 'build_base': '/home/sam/stalkerProject/StalkerProject/build/stalker', 'catkin_cmake_args': None, 'catkin_skip_building_tests': False, 'cmake_args': None, 'cmake_clean_cache': False, 'cmake_clean_first': False, 'cmake_force_configure': False, 'cmake_target': None, 'cmake_target_skip_unavailable': False, 'install_base': '/home/sam/stalkerProject/StalkerProject/install/stalker', 'merge_install': False, 'path': '/home/sam/stalkerProject/StalkerProject/stalker_ros/src/stalker', 'symlink_install': True, 'test_result_base': None}
[0.385s] INFO:colcon.colcon_core.executor:Executing jobs using 'parallel' executor
[0.386s] DEBUG:colcon.colcon_parallel_executor.executor.parallel:run_until_complete
[0.386s] INFO:colcon.colcon_ros.task.ament_python.build:Building ROS package in '/home/sam/stalkerProject/StalkerProject/src/3d_lidar' with build type 'ament_python'
[0.387s] Level 1:colcon.colcon_core.shell:create_environment_hook('3d_lidar', 'ament_prefix_path')
[0.389s] INFO:colcon.colcon_core.plugin_system:Skipping extension 'colcon_core.shell.bat': Not used on non-Windows systems
[0.389s] INFO:colcon.colcon_core.shell:Creating environment hook '/home/sam/stalkerProject/StalkerProject/install/3d_lidar/share/3d_lidar/hook/ament_prefix_path.ps1'
[0.390s] INFO:colcon.colcon_core.shell:Creating environment descriptor '/home/sam/stalkerProject/StalkerProject/install/3d_lidar/share/3d_lidar/hook/ament_prefix_path.dsv'
[0.391s] INFO:colcon.colcon_core.shell:Creating environment hook '/home/sam/stalkerProject/StalkerProject/install/3d_lidar/share/3d_lidar/hook/ament_prefix_path.sh'
[0.392s] INFO:colcon.colcon_core.shell:Skip shell extension 'powershell' for command environment: Not usable outside of PowerShell
[0.392s] DEBUG:colcon.colcon_core.shell:Skip shell extension 'dsv' for command environment
[0.399s] INFO:colcon.colcon_ros.task.ament_cmake.build:Building ROS package in '/home/sam/stalkerProject/StalkerProject/src/ldlidar_stl_ros2' with build type 'ament_cmake'
[0.399s] INFO:colcon.colcon_cmake.task.cmake.build:Building CMake package in '/home/sam/stalkerProject/StalkerProject/src/ldlidar_stl_ros2'
[0.400s] INFO:colcon.colcon_core.shell:Skip shell extension 'powershell' for command environment: Not usable outside of PowerShell
[0.400s] DEBUG:colcon.colcon_core.shell:Skip shell extension 'dsv' for command environment
[0.403s] INFO:colcon.colcon_ros.task.ament_python.build:Building ROS package in '/home/sam/stalkerProject/StalkerProject/stalker_ros/src/stalker' with build type 'ament_python'
[0.403s] Level 1:colcon.colcon_core.shell:create_environment_hook('stalker', 'ament_prefix_path')
[0.404s] INFO:colcon.colcon_core.shell:Creating environment hook '/home/sam/stalkerProject/StalkerProject/install/stalker/share/stalker/hook/ament_prefix_path.ps1'
[0.405s] INFO:colcon.colcon_core.shell:Creating environment descriptor '/home/sam/stalkerProject/StalkerProject/install/stalker/share/stalker/hook/ament_prefix_path.dsv'
[0.405s] INFO:colcon.colcon_core.shell:Creating environment hook '/home/sam/stalkerProject/StalkerProject/install/stalker/share/stalker/hook/ament_prefix_path.sh'
[0.406s] INFO:colcon.colcon_core.shell:Skip shell extension 'powershell' for command environment: Not usable outside of PowerShell
[0.406s] DEBUG:colcon.colcon_core.shell:Skip shell extension 'dsv' for command environment
[0.773s] INFO:colcon.colcon_core.task.python.build:Building Python package in '/home/sam/stalkerProject/StalkerProject/src/3d_lidar'
[0.773s] INFO:colcon.colcon_core.shell:Skip shell extension 'powershell' for command environment: Not usable outside of PowerShell
[0.773s] DEBUG:colcon.colcon_core.shell:Skip shell extension 'dsv' for command environment
[0.787s] DEBUG:colcon.colcon_core.event_handler.log_command:Invoking command in '/home/sam/stalkerProject/StalkerProject/build/ldlidar_stl_ros2': CMAKE_PREFIX_PATH=${CMAKE_PREFIX_PATH}:/home/sam/stalkerProject/StalkerProject/install/stalker:/home/sam/stalkerProject/StalkerProject/install/3d_lidar:/opt/ros/humble /usr/bin/cmake --build /home/sam/stalkerProject/StalkerProject/build/ldlidar_stl_ros2 -- -j4 -l4
[1.187s] INFO:colcon.colcon_core.task.python.build:Building Python package in '/home/sam/stalkerProject/StalkerProject/stalker_ros/src/stalker'
[1.188s] INFO:colcon.colcon_core.shell:Skip shell extension 'powershell' for command environment: Not usable outside of PowerShell
[1.188s] DEBUG:colcon.colcon_core.shell:Skip shell extension 'dsv' for command environment
[1.199s] DEBUG:colcon.colcon_core.event_handler.log_command:Invoked command in '/home/sam/stalkerProject/StalkerProject/build/ldlidar_stl_ros2' returned '0': CMAKE_PREFIX_PATH=${CMAKE_PREFIX_PATH}:/home/sam/stalkerProject/StalkerProject/install/stalker:/home/sam/stalkerProject/StalkerProject/install/3d_lidar:/opt/ros/humble /usr/bin/cmake --build /home/sam/stalkerProject/StalkerProject/build/ldlidar_stl_ros2 -- -j4 -l4
[1.216s] DEBUG:colcon.colcon_core.event_handler.log_command:Invoking command in '/home/sam/stalkerProject/StalkerProject/build/ldlidar_stl_ros2': CMAKE_PREFIX_PATH=${CMAKE_PREFIX_PATH}:/home/sam/stalkerProject/StalkerProject/install/stalker:/home/sam/stalkerProject/StalkerProject/install/3d_lidar:/opt/ros/humble /usr/bin/cmake --install /home/sam/stalkerProject/StalkerProject/build/ldlidar_stl_ros2
[1.261s] Level 1:colcon.colcon_core.environment:create_environment_scripts_only(ldlidar_stl_ros2)
[1.263s] DEBUG:colcon.colcon_core.event_handler.log_command:Invoked command in '/home/sam/stalkerProject/StalkerProject/build/ldlidar_stl_ros2' returned '0': CMAKE_PREFIX_PATH=${CMAKE_PREFIX_PATH}:/home/sam/stalkerProject/StalkerProject/install/stalker:/home/sam/stalkerProject/StalkerProject/install/3d_lidar:/opt/ros/humble /usr/bin/cmake --install /home/sam/stalkerProject/StalkerProject/build/ldlidar_stl_ros2
[1.269s] Level 1:colcon.colcon_core.environment:checking '/home/sam/stalkerProject/StalkerProject/install/ldlidar_stl_ros2' for CMake module files
[1.270s] Level 1:colcon.colcon_core.environment:checking '/home/sam/stalkerProject/StalkerProject/install/ldlidar_stl_ros2' for CMake config files
[1.270s] Level 1:colcon.colcon_core.shell:create_environment_hook('ldlidar_stl_ros2', 'cmake_prefix_path')
[1.271s] INFO:colcon.colcon_core.shell:Creating environment hook '/home/sam/stalkerProject/StalkerProject/install/ldlidar_stl_ros2/share/ldlidar_stl_ros2/hook/cmake_prefix_path.ps1'
[1.271s] INFO:colcon.colcon_core.shell:Creating environment descriptor '/home/sam/stalkerProject/StalkerProject/install/ldlidar_stl_ros2/share/ldlidar_stl_ros2/hook/cmake_prefix_path.dsv'
[1.272s] INFO:colcon.colcon_core.shell:Creating environment hook '/home/sam/stalkerProject/StalkerProject/install/ldlidar_stl_ros2/share/ldlidar_stl_ros2/hook/cmake_prefix_path.sh'
[1.273s] Level 1:colcon.colcon_core.environment:checking '/home/sam/stalkerProject/StalkerProject/install/ldlidar_stl_ros2/lib'
[1.273s] Level 1:colcon.colcon_core.environment:checking '/home/sam/stalkerProject/StalkerProject/install/ldlidar_stl_ros2/bin'
[1.274s] Level 1:colcon.colcon_core.environment:checking '/home/sam/stalkerProject/StalkerProject/install/ldlidar_stl_ros2/lib/pkgconfig/ldlidar_stl_ros2.pc'
[1.274s] Level 1:colcon.colcon_core.environment:checking '/home/sam/stalkerProject/StalkerProject/install/ldlidar_stl_ros2/lib/python3.10/site-packages'
[1.275s] Level 1:colcon.colcon_core.environment:checking '/home/sam/stalkerProject/StalkerProject/install/ldlidar_stl_ros2/bin'
[1.275s] INFO:colcon.colcon_core.shell:Creating package script '/home/sam/stalkerProject/StalkerProject/install/ldlidar_stl_ros2/share/ldlidar_stl_ros2/package.ps1'
[1.277s] INFO:colcon.colcon_core.shell:Creating package descriptor '/home/sam/stalkerProject/StalkerProject/install/ldlidar_stl_ros2/share/ldlidar_stl_ros2/package.dsv'
[1.277s] INFO:colcon.colcon_core.shell:Creating package script '/home/sam/stalkerProject/StalkerProject/install/ldlidar_stl_ros2/share/ldlidar_stl_ros2/package.sh'
[1.279s] INFO:colcon.colcon_core.shell:Creating package script '/home/sam/stalkerProject/StalkerProject/install/ldlidar_stl_ros2/share/ldlidar_stl_ros2/package.bash'
[1.280s] INFO:colcon.colcon_core.shell:Creating package script '/home/sam/stalkerProject/StalkerProject/install/ldlidar_stl_ros2/share/ldlidar_stl_ros2/package.zsh'
[1.282s] Level 1:colcon.colcon_core.environment:create_file_with_runtime_dependencies(/home/sam/stalkerProject/StalkerProject/install/ldlidar_stl_ros2/share/colcon-core/packages/ldlidar_stl_ros2)
[1.283s] Level 1:colcon.colcon_core.environment:create_environment_scripts_only(ldlidar_stl_ros2)
[1.283s] Level 1:colcon.colcon_core.environment:checking '/home/sam/stalkerProject/StalkerProject/install/ldlidar_stl_ros2' for CMake module files
[1.284s] Level 1:colcon.colcon_core.environment:checking '/home/sam/stalkerProject/StalkerProject/install/ldlidar_stl_ros2' for CMake config files
[1.284s] Level 1:colcon.colcon_core.shell:create_environment_hook('ldlidar_stl_ros2', 'cmake_prefix_path')
[1.285s] INFO:colcon.colcon_core.shell:Creating environment hook '/home/sam/stalkerProject/StalkerProject/install/ldlidar_stl_ros2/share/ldlidar_stl_ros2/hook/cmake_prefix_path.ps1'
[1.286s] INFO:colcon.colcon_core.shell:Creating environment descriptor '/home/sam/stalkerProject/StalkerProject/install/ldlidar_stl_ros2/share/ldlidar_stl_ros2/hook/cmake_prefix_path.dsv'
[1.286s] INFO:colcon.colcon_core.shell:Creating environment hook '/home/sam/stalkerProject/StalkerProject/install/ldlidar_stl_ros2/share/ldlidar_stl_ros2/hook/cmake_prefix_path.sh'
[1.287s] Level 1:colcon.colcon_core.environment:checking '/home/sam/stalkerProject/StalkerProject/install/ldlidar_stl_ros2/lib'
[1.287s] Level 1:colcon.colcon_core.environment:checking '/home/sam/stalkerProject/StalkerProject/install/ldlidar_stl_ros2/bin'
[1.287s] Level 1:colcon.colcon_core.environment:checking '/home/sam/stalkerProject/StalkerProject/install/ldlidar_stl_ros2/lib/pkgconfig/ldlidar_stl_ros2.pc'
[1.288s] Level 1:colcon.colcon_core.environment:checking '/home/sam/stalkerProject/StalkerProject/install/ldlidar_stl_ros2/lib/python3.10/site-packages'
[1.288s] Level 1:colcon.colcon_core.environment:checking '/home/sam/stalkerProject/StalkerProject/install/ldlidar_stl_ros2/bin'
[1.289s] INFO:colcon.colcon_core.shell:Creating package script '/home/sam/stalkerProject/StalkerProject/install/ldlidar_stl_ros2/share/ldlidar_stl_ros2/package.ps1'
[1.290s] INFO:colcon.colcon_core.shell:Creating package descriptor '/home/sam/stalkerProject/StalkerProject/install/ldlidar_stl_ros2/share/ldlidar_stl_ros2/package.dsv'
[1.291s] INFO:colcon.colcon_core.shell:Creating package script '/home/sam/stalkerProject/StalkerProject/install/ldlidar_stl_ros2/share/ldlidar_stl_ros2/package.sh'
[1.291s] INFO:colcon.colcon_core.shell:Creating package script '/home/sam/stalkerProject/StalkerProject/install/ldlidar_stl_ros2/share/ldlidar_stl_ros2/package.bash'
[1.292s] INFO:colcon.colcon_core.shell:Creating package script '/home/sam/stalkerProject/StalkerProject/install/ldlidar_stl_ros2/share/ldlidar_stl_ros2/package.zsh'
[1.293s] Level 1:colcon.colcon_core.environment:create_file_with_runtime_dependencies(/home/sam/stalkerProject/StalkerProject/install/ldlidar_stl_ros2/share/colcon-core/packages/ldlidar_stl_ros2)
[2.203s] DEBUG:colcon.colcon_core.event_handler.log_command:Invoking command in '/home/sam/stalkerProject/StalkerProject/build/3d_lidar': PYTHONPATH=/home/sam/stalkerProject/StalkerProject/build/3d_lidar/prefix_override:/usr/lib/python3/dist-packages/colcon_core/task/python/colcon_distutils_commands:/home/sam/stalkerProject/StalkerProject/install/3d_lidar/lib/python3.10/site-packages:${PYTHONPATH} /usr/bin/python3 -W ignore:setup.py install is deprecated -W ignore:easy_install command is deprecated setup.py develop --editable --build-directory /home/sam/stalkerProject/StalkerProject/build/3d_lidar/build --no-deps symlink_data
[2.333s] DEBUG:colcon.colcon_core.event_handler.log_command:Invoking command in '/home/sam/stalkerProject/StalkerProject/build/stalker': PYTHONPATH=/home/sam/stalkerProject/StalkerProject/build/stalker/prefix_override:/usr/lib/python3/dist-packages/colcon_core/task/python/colcon_distutils_commands:/home/sam/stalkerProject/StalkerProject/install/stalker/lib/python3.10/site-packages:${PYTHONPATH} /usr/bin/python3 -W ignore:setup.py install is deprecated -W ignore:easy_install command is deprecated setup.py develop --editable --build-directory /home/sam/stalkerProject/StalkerProject/build/stalker/build --no-deps symlink_data
[3.588s] Level 1:colcon.colcon_core.shell:create_environment_hook('stalker', 'pythonpath_develop')
[3.589s] DEBUG:colcon.colcon_core.event_handler.log_command:Invoked command in '/home/sam/stalkerProject/StalkerProject/build/stalker' returned '0': PYTHONPATH=/home/sam/stalkerProject/StalkerProject/build/stalker/prefix_override:/usr/lib/python3/dist-packages/colcon_core/task/python/colcon_distutils_commands:/home/sam/stalkerProject/StalkerProject/install/stalker/lib/python3.10/site-packages:${PYTHONPATH} /usr/bin/python3 -W ignore:setup.py install is deprecated -W ignore:easy_install command is deprecated setup.py develop --editable --build-directory /home/sam/stalkerProject/StalkerProject/build/stalker/build --no-deps symlink_data
[3.589s] INFO:colcon.colcon_core.shell:Creating environment hook '/home/sam/stalkerProject/StalkerProject/build/stalker/share/stalker/hook/pythonpath_develop.ps1'
[3.590s] INFO:colcon.colcon_core.shell:Creating environment descriptor '/home/sam/stalkerProject/StalkerProject/build/stalker/share/stalker/hook/pythonpath_develop.dsv'
[3.591s] INFO:colcon.colcon_core.shell:Creating environment hook '/home/sam/stalkerProject/StalkerProject/build/stalker/share/stalker/hook/pythonpath_develop.sh'
[3.591s] Level 1:colcon.colcon_core.environment:checking '/home/sam/stalkerProject/StalkerProject/install/stalker' for CMake module files
[3.592s] Level 1:colcon.colcon_core.environment:checking '/home/sam/stalkerProject/StalkerProject/install/stalker' for CMake config files
[3.593s] Level 1:colcon.colcon_core.environment:checking '/home/sam/stalkerProject/StalkerProject/install/stalker/lib'
[3.593s] Level 1:colcon.colcon_core.environment:checking '/home/sam/stalkerProject/StalkerProject/install/stalker/bin'
[3.593s] Level 1:colcon.colcon_core.environment:checking '/home/sam/stalkerProject/StalkerProject/install/stalker/lib/pkgconfig/stalker.pc'
[3.594s] Level 1:colcon.colcon_core.environment:checking '/home/sam/stalkerProject/StalkerProject/install/stalker/lib/python3.10/site-packages'
[3.594s] Level 1:colcon.colcon_core.shell:create_environment_hook('stalker', 'pythonpath')
[3.594s] INFO:colcon.colcon_core.shell:Creating environment hook '/home/sam/stalkerProject/StalkerProject/install/stalker/share/stalker/hook/pythonpath.ps1'
[3.595s] INFO:colcon.colcon_core.shell:Creating environment descriptor '/home/sam/stalkerProject/StalkerProject/install/stalker/share/stalker/hook/pythonpath.dsv'
[3.595s] INFO:colcon.colcon_core.shell:Creating environment hook '/home/sam/stalkerProject/StalkerProject/install/stalker/share/stalker/hook/pythonpath.sh'
[3.596s] Level 1:colcon.colcon_core.environment:checking '/home/sam/stalkerProject/StalkerProject/install/stalker/bin'
[3.596s] Level 1:colcon.colcon_core.environment:create_environment_scripts_only(stalker)
[3.597s] INFO:colcon.colcon_core.shell:Creating package script '/home/sam/stalkerProject/StalkerProject/install/stalker/share/stalker/package.ps1'
[3.598s] INFO:colcon.colcon_core.shell:Creating package descriptor '/home/sam/stalkerProject/StalkerProject/install/stalker/share/stalker/package.dsv'
[3.598s] INFO:colcon.colcon_core.shell:Creating package script '/home/sam/stalkerProject/StalkerProject/install/stalker/share/stalker/package.sh'
[3.599s] INFO:colcon.colcon_core.shell:Creating package script '/home/sam/stalkerProject/StalkerProject/install/stalker/share/stalker/package.bash'
[3.599s] INFO:colcon.colcon_core.shell:Creating package script '/home/sam/stalkerProject/StalkerProject/install/stalker/share/stalker/package.zsh'
[3.600s] Level 1:colcon.colcon_core.environment:create_file_with_runtime_dependencies(/home/sam/stalkerProject/StalkerProject/install/stalker/share/colcon-core/packages/stalker)
[3.687s] Level 1:colcon.colcon_core.shell:create_environment_hook('3d_lidar', 'pythonpath_develop')
[3.687s] INFO:colcon.colcon_core.shell:Creating environment hook '/home/sam/stalkerProject/StalkerProject/build/3d_lidar/share/3d_lidar/hook/pythonpath_develop.ps1'
[3.688s] INFO:colcon.colcon_core.shell:Creating environment descriptor '/home/sam/stalkerProject/StalkerProject/build/3d_lidar/share/3d_lidar/hook/pythonpath_develop.dsv'
[3.689s] INFO:colcon.colcon_core.shell:Creating environment hook '/home/sam/stalkerProject/StalkerProject/build/3d_lidar/share/3d_lidar/hook/pythonpath_develop.sh'
[3.694s] Level 1:colcon.colcon_core.environment:checking '/home/sam/stalkerProject/StalkerProject/install/3d_lidar' for CMake module files
[3.695s] Level 1:colcon.colcon_core.environment:checking '/home/sam/stalkerProject/StalkerProject/install/3d_lidar' for CMake config files
[3.695s] Level 1:colcon.colcon_core.environment:checking '/home/sam/stalkerProject/StalkerProject/install/3d_lidar/lib'
[3.696s] Level 1:colcon.colcon_core.environment:checking '/home/sam/stalkerProject/StalkerProject/install/3d_lidar/bin'
[3.696s] Level 1:colcon.colcon_core.environment:checking '/home/sam/stalkerProject/StalkerProject/install/3d_lidar/lib/pkgconfig/3d_lidar.pc'
[3.696s] Level 1:colcon.colcon_core.environment:checking '/home/sam/stalkerProject/StalkerProject/install/3d_lidar/lib/python3.10/site-packages'
[3.696s] Level 1:colcon.colcon_core.shell:create_environment_hook('3d_lidar', 'pythonpath')
[3.700s] INFO:colcon.colcon_core.shell:Creating environment hook '/home/sam/stalkerProject/StalkerProject/install/3d_lidar/share/3d_lidar/hook/pythonpath.ps1'
[3.700s] INFO:colcon.colcon_core.shell:Creating environment descriptor '/home/sam/stalkerProject/StalkerProject/install/3d_lidar/share/3d_lidar/hook/pythonpath.dsv'
[3.701s] INFO:colcon.colcon_core.shell:Creating environment hook '/home/sam/stalkerProject/StalkerProject/install/3d_lidar/share/3d_lidar/hook/pythonpath.sh'
[3.702s] Level 1:colcon.colcon_core.environment:checking '/home/sam/stalkerProject/StalkerProject/install/3d_lidar/bin'
[3.702s] Level 1:colcon.colcon_core.environment:create_environment_scripts_only(3d_lidar)
[3.703s] INFO:colcon.colcon_core.shell:Creating package script '/home/sam/stalkerProject/StalkerProject/install/3d_lidar/share/3d_lidar/package.ps1'
[3.704s] DEBUG:colcon.colcon_core.event_handler.log_command:Invoked command in '/home/sam/stalkerProject/StalkerProject/build/3d_lidar' returned '0': PYTHONPATH=/home/sam/stalkerProject/StalkerProject/build/3d_lidar/prefix_override:/usr/lib/python3/dist-packages/colcon_core/task/python/colcon_distutils_commands:/home/sam/stalkerProject/StalkerProject/install/3d_lidar/lib/python3.10/site-packages:${PYTHONPATH} /usr/bin/python3 -W ignore:setup.py install is deprecated -W ignore:easy_install command is deprecated setup.py develop --editable --build-directory /home/sam/stalkerProject/StalkerProject/build/3d_lidar/build --no-deps symlink_data
[3.705s] INFO:colcon.colcon_core.shell:Creating package descriptor '/home/sam/stalkerProject/StalkerProject/install/3d_lidar/share/3d_lidar/package.dsv'
[3.706s] INFO:colcon.colcon_core.shell:Creating package script '/home/sam/stalkerProject/StalkerProject/install/3d_lidar/share/3d_lidar/package.sh'
[3.707s] INFO:colcon.colcon_core.shell:Creating package script '/home/sam/stalkerProject/StalkerProject/install/3d_lidar/share/3d_lidar/package.bash'
[3.708s] INFO:colcon.colcon_core.shell:Creating package script '/home/sam/stalkerProject/StalkerProject/install/3d_lidar/share/3d_lidar/package.zsh'
[3.711s] Level 1:colcon.colcon_core.environment:create_file_with_runtime_dependencies(/home/sam/stalkerProject/StalkerProject/install/3d_lidar/share/colcon-core/packages/3d_lidar)
[3.712s] DEBUG:colcon.colcon_parallel_executor.executor.parallel:closing loop
[3.712s] DEBUG:colcon.colcon_parallel_executor.executor.parallel:loop closed
[3.713s] DEBUG:colcon.colcon_parallel_executor.executor.parallel:run_until_complete finished with '0'
[3.713s] DEBUG:colcon.colcon_core.event_reactor:joining thread
[3.729s] INFO:colcon.colcon_core.plugin_system:Skipping extension 'colcon_notification.desktop_notification.terminal_notifier': Not used on non-Darwin systems
[3.729s] INFO:colcon.colcon_core.plugin_system:Skipping extension 'colcon_notification.desktop_notification.win32': Not used on non-Windows systems
[3.729s] INFO:colcon.colcon_notification.desktop_notification:Sending desktop notification using 'notify2'
[3.781s] DEBUG:colcon.colcon_core.event_reactor:joined thread
[3.781s] INFO:colcon.colcon_core.shell:Creating prefix script '/home/sam/stalkerProject/StalkerProject/install/local_setup.ps1'
[3.783s] INFO:colcon.colcon_core.shell:Creating prefix util module '/home/sam/stalkerProject/StalkerProject/install/_local_setup_util_ps1.py'
[3.786s] INFO:colcon.colcon_core.shell:Creating prefix chain script '/home/sam/stalkerProject/StalkerProject/install/setup.ps1'
[3.791s] INFO:colcon.colcon_core.shell:Creating prefix script '/home/sam/stalkerProject/StalkerProject/install/local_setup.sh'
[3.794s] INFO:colcon.colcon_core.shell:Creating prefix util module '/home/sam/stalkerProject/StalkerProject/install/_local_setup_util_sh.py'
[3.795s] INFO:colcon.colcon_core.shell:Creating prefix chain script '/home/sam/stalkerProject/StalkerProject/install/setup.sh'
[3.796s] INFO:colcon.colcon_core.shell:Creating prefix script '/home/sam/stalkerProject/StalkerProject/install/local_setup.bash'
[3.797s] INFO:colcon.colcon_core.shell:Creating prefix chain script '/home/sam/stalkerProject/StalkerProject/install/setup.bash'
[3.799s] INFO:colcon.colcon_core.shell:Creating prefix script '/home/sam/stalkerProject/StalkerProject/install/local_setup.zsh'
[3.800s] INFO:colcon.colcon_core.shell:Creating prefix chain script '/home/sam/stalkerProject/StalkerProject/install/setup.zsh'
