[0.388s] Invoking command in '/home/sam/stalkerProject/StalkerProject/build/ldlidar_stl_ros2': CMAKE_PREFIX_PATH=${CMAKE_PREFIX_PATH}:/home/sam/stalkerProject/StalkerProject/install/stalker:/home/sam/stalkerProject/StalkerProject/install/3d_lidar:/opt/ros/humble /usr/bin/cmake --build /home/sam/stalkerProject/StalkerProject/build/ldlidar_stl_ros2 -- -j4 -l4
[0.483s] [100%] Built target ldlidar_stl_ros2_node
[0.800s] Invoked command in '/home/sam/stalkerProject/StalkerProject/build/ldlidar_stl_ros2' returned '0': CMAKE_PREFIX_PATH=${CMAKE_PREFIX_PATH}:/home/sam/stalkerProject/StalkerProject/install/stalker:/home/sam/stalkerProject/StalkerProject/install/3d_lidar:/opt/ros/humble /usr/bin/cmake --build /home/sam/stalkerProject/StalkerProject/build/ldlidar_stl_ros2 -- -j4 -l4
[0.817s] Invoking command in '/home/sam/stalkerProject/StalkerProject/build/ldlidar_stl_ros2': CMAKE_PREFIX_PATH=${CMAKE_PREFIX_PATH}:/home/sam/stalkerProject/StalkerProject/install/stalker:/home/sam/stalkerProject/StalkerProject/install/3d_lidar:/opt/ros/humble /usr/bin/cmake --install /home/sam/stalkerProject/StalkerProject/build/ldlidar_stl_ros2
[0.831s] -- Install configuration: ""
[0.831s] -- Execute custom install script
[0.832s] -- Up-to-date symlink: /home/sam/stalkerProject/StalkerProject/install/ldlidar_stl_ros2/lib/ldlidar_stl_ros2/ldlidar_stl_ros2_node
[0.833s] -- Up-to-date symlink: /home/sam/stalkerProject/StalkerProject/install/ldlidar_stl_ros2/share/ldlidar_stl_ros2//launch/ld06.launch.py
[0.833s] -- Up-to-date symlink: /home/sam/stalkerProject/StalkerProject/install/ldlidar_stl_ros2/share/ldlidar_stl_ros2//launch/ld19.launch.py
[0.834s] -- Up-to-date symlink: /home/sam/stalkerProject/StalkerProject/install/ldlidar_stl_ros2/share/ldlidar_stl_ros2//launch/stl27l.launch.py
[0.834s] -- Up-to-date symlink: /home/sam/stalkerProject/StalkerProject/install/ldlidar_stl_ros2/share/ldlidar_stl_ros2//launch/viewer_ld06.launch.py
[0.834s] -- Up-to-date symlink: /home/sam/stalkerProject/StalkerProject/install/ldlidar_stl_ros2/share/ldlidar_stl_ros2//launch/viewer_ld19.launch.py
[0.834s] -- Up-to-date symlink: /home/sam/stalkerProject/StalkerProject/install/ldlidar_stl_ros2/share/ldlidar_stl_ros2//launch/viewer_stl27l.launch.py
[0.835s] -- Up-to-date symlink: /home/sam/stalkerProject/StalkerProject/install/ldlidar_stl_ros2/share/ldlidar_stl_ros2//rviz2/ldlidar.rviz
[0.835s] -- Up-to-date symlink: /home/sam/stalkerProject/StalkerProject/install/ldlidar_stl_ros2/share/ament_index/resource_index/package_run_dependencies/ldlidar_stl_ros2
[0.836s] -- Up-to-date symlink: /home/sam/stalkerProject/StalkerProject/install/ldlidar_stl_ros2/share/ament_index/resource_index/parent_prefix_path/ldlidar_stl_ros2
[0.836s] -- Up-to-date symlink: /home/sam/stalkerProject/StalkerProject/install/ldlidar_stl_ros2/share/ldlidar_stl_ros2/environment/ament_prefix_path.sh
[0.837s] -- Up-to-date symlink: /home/sam/stalkerProject/StalkerProject/install/ldlidar_stl_ros2/share/ldlidar_stl_ros2/environment/ament_prefix_path.dsv
[0.838s] -- Up-to-date symlink: /home/sam/stalkerProject/StalkerProject/install/ldlidar_stl_ros2/share/ldlidar_stl_ros2/environment/path.sh
[0.838s] -- Up-to-date symlink: /home/sam/stalkerProject/StalkerProject/install/ldlidar_stl_ros2/share/ldlidar_stl_ros2/environment/path.dsv
[0.838s] -- Up-to-date symlink: /home/sam/stalkerProject/StalkerProject/install/ldlidar_stl_ros2/share/ldlidar_stl_ros2/local_setup.bash
[0.838s] -- Up-to-date symlink: /home/sam/stalkerProject/StalkerProject/install/ldlidar_stl_ros2/share/ldlidar_stl_ros2/local_setup.sh
[0.838s] -- Up-to-date symlink: /home/sam/stalkerProject/StalkerProject/install/ldlidar_stl_ros2/share/ldlidar_stl_ros2/local_setup.zsh
[0.838s] -- Up-to-date symlink: /home/sam/stalkerProject/StalkerProject/install/ldlidar_stl_ros2/share/ldlidar_stl_ros2/local_setup.dsv
[0.839s] -- Symlinking: /home/sam/stalkerProject/StalkerProject/install/ldlidar_stl_ros2/share/ldlidar_stl_ros2/package.dsv
[0.857s] -- Up-to-date symlink: /home/sam/stalkerProject/StalkerProject/install/ldlidar_stl_ros2/share/ament_index/resource_index/packages/ldlidar_stl_ros2
[0.859s] -- Up-to-date symlink: /home/sam/stalkerProject/StalkerProject/install/ldlidar_stl_ros2/share/ldlidar_stl_ros2/cmake/ldlidar_stl_ros2Config.cmake
[0.859s] -- Up-to-date symlink: /home/sam/stalkerProject/StalkerProject/install/ldlidar_stl_ros2/share/ldlidar_stl_ros2/cmake/ldlidar_stl_ros2Config-version.cmake
[0.859s] -- Up-to-date symlink: /home/sam/stalkerProject/StalkerProject/install/ldlidar_stl_ros2/share/ldlidar_stl_ros2/package.xml
[0.864s] Invoked command in '/home/sam/stalkerProject/StalkerProject/build/ldlidar_stl_ros2' returned '0': CMAKE_PREFIX_PATH=${CMAKE_PREFIX_PATH}:/home/sam/stalkerProject/StalkerProject/install/stalker:/home/sam/stalkerProject/StalkerProject/install/3d_lidar:/opt/ros/humble /usr/bin/cmake --install /home/sam/stalkerProject/StalkerProject/build/ldlidar_stl_ros2
