[0.304s] DEBUG:colcon:Command line arguments: ['/usr/bin/colcon', 'build', '--packages-select', '3d_lidar']
[0.304s] DEBUG:colcon:Parsed command line arguments: Namespace(log_base=None, log_level=None, verb_name='build', build_base='build', install_base='install', merge_install=False, symlink_install=False, test_result_base=None, continue_on_error=False, executor='parallel', parallel_workers=4, event_handlers=None, ignore_user_meta=False, metas=['./colcon.meta'], base_paths=['.'], packages_ignore=None, packages_ignore_regex=None, paths=None, packages_up_to=None, packages_up_to_regex=None, packages_above=None, packages_above_and_dependencies=None, packages_above_depth=None, packages_select_by_dep=None, packages_skip_by_dep=None, packages_skip_up_to=None, packages_select_build_failed=False, packages_skip_build_finished=False, packages_select_test_failures=False, packages_skip_test_passed=False, packages_select=['3d_lidar'], packages_skip=None, packages_select_regex=None, packages_skip_regex=None, packages_start=None, packages_end=None, allow_overriding=[], cmake_args=None, cmake_target=None, cmake_target_skip_unavailable=False, cmake_clean_cache=False, cmake_clean_first=False, cmake_force_configure=False, ament_cmake_args=None, catkin_cmake_args=None, catkin_skip_building_tests=False, verb_parser=<colcon_defaults.argument_parser.defaults.DefaultArgumentsDecorator object at 0x7fd89bbb5690>, verb_extension=<colcon_core.verb.build.BuildVerb object at 0x7fd89bbb5180>, main=<bound method BuildVerb.main of <colcon_core.verb.build.BuildVerb object at 0x7fd89bbb5180>>)
[0.410s] Level 1:colcon.colcon_core.package_discovery:discover_packages(colcon_meta) check parameters
[0.410s] Level 1:colcon.colcon_core.package_discovery:discover_packages(recursive) check parameters
[0.410s] Level 1:colcon.colcon_core.package_discovery:discover_packages(ignore) check parameters
[0.410s] Level 1:colcon.colcon_core.package_discovery:discover_packages(path) check parameters
[0.410s] Level 1:colcon.colcon_core.package_discovery:discover_packages(colcon_meta) discover
[0.410s] Level 1:colcon.colcon_core.package_discovery:discover_packages(recursive) discover
[0.410s] INFO:colcon.colcon_core.package_discovery:Crawling recursively for packages in '/home/sam/stalkerProject/StalkerProject'
[0.410s] Level 1:colcon.colcon_core.package_identification:_identify(.) by extensions ['ignore', 'ignore_ament_install']
[0.411s] Level 1:colcon.colcon_core.package_identification:_identify(.) by extension 'ignore'
[0.411s] Level 1:colcon.colcon_core.package_identification:_identify(.) by extension 'ignore_ament_install'
[0.411s] Level 1:colcon.colcon_core.package_identification:_identify(.) by extensions ['colcon_pkg']
[0.411s] Level 1:colcon.colcon_core.package_identification:_identify(.) by extension 'colcon_pkg'
[0.411s] Level 1:colcon.colcon_core.package_identification:_identify(.) by extensions ['colcon_meta']
[0.411s] Level 1:colcon.colcon_core.package_identification:_identify(.) by extension 'colcon_meta'
[0.411s] Level 1:colcon.colcon_core.package_identification:_identify(.) by extensions ['ros']
[0.411s] Level 1:colcon.colcon_core.package_identification:_identify(.) by extension 'ros'
[0.442s] Level 1:colcon.colcon_core.package_identification:_identify(.) by extensions ['cmake', 'python']
[0.442s] Level 1:colcon.colcon_core.package_identification:_identify(.) by extension 'cmake'
[0.443s] Level 1:colcon.colcon_core.package_identification:_identify(.) by extension 'python'
[0.443s] Level 1:colcon.colcon_core.package_identification:_identify(.) by extensions ['python_setup_py']
[0.443s] Level 1:colcon.colcon_core.package_identification:_identify(.) by extension 'python_setup_py'
[0.443s] Level 1:colcon.colcon_core.package_identification:_identify(PiLiDAR-main) by extensions ['ignore', 'ignore_ament_install']
[0.443s] Level 1:colcon.colcon_core.package_identification:_identify(PiLiDAR-main) by extension 'ignore'
[0.443s] Level 1:colcon.colcon_core.package_identification:_identify(PiLiDAR-main) by extension 'ignore_ament_install'
[0.443s] Level 1:colcon.colcon_core.package_identification:_identify(PiLiDAR-main) by extensions ['colcon_pkg']
[0.443s] Level 1:colcon.colcon_core.package_identification:_identify(PiLiDAR-main) by extension 'colcon_pkg'
[0.443s] Level 1:colcon.colcon_core.package_identification:_identify(PiLiDAR-main) by extensions ['colcon_meta']
[0.443s] Level 1:colcon.colcon_core.package_identification:_identify(PiLiDAR-main) by extension 'colcon_meta'
[0.444s] Level 1:colcon.colcon_core.package_identification:_identify(PiLiDAR-main) by extensions ['ros']
[0.444s] Level 1:colcon.colcon_core.package_identification:_identify(PiLiDAR-main) by extension 'ros'
[0.444s] Level 1:colcon.colcon_core.package_identification:_identify(PiLiDAR-main) by extensions ['cmake', 'python']
[0.444s] Level 1:colcon.colcon_core.package_identification:_identify(PiLiDAR-main) by extension 'cmake'
[0.444s] Level 1:colcon.colcon_core.package_identification:_identify(PiLiDAR-main) by extension 'python'
[0.444s] Level 1:colcon.colcon_core.package_identification:_identify(PiLiDAR-main) by extensions ['python_setup_py']
[0.444s] Level 1:colcon.colcon_core.package_identification:_identify(PiLiDAR-main) by extension 'python_setup_py'
[0.444s] Level 1:colcon.colcon_core.package_identification:_identify(PiLiDAR-main/PiLiDAR-main) by extensions ['ignore', 'ignore_ament_install']
[0.444s] Level 1:colcon.colcon_core.package_identification:_identify(PiLiDAR-main/PiLiDAR-main) by extension 'ignore'
[0.444s] Level 1:colcon.colcon_core.package_identification:_identify(PiLiDAR-main/PiLiDAR-main) by extension 'ignore_ament_install'
[0.445s] Level 1:colcon.colcon_core.package_identification:_identify(PiLiDAR-main/PiLiDAR-main) by extensions ['colcon_pkg']
[0.445s] Level 1:colcon.colcon_core.package_identification:_identify(PiLiDAR-main/PiLiDAR-main) by extension 'colcon_pkg'
[0.445s] Level 1:colcon.colcon_core.package_identification:_identify(PiLiDAR-main/PiLiDAR-main) by extensions ['colcon_meta']
[0.445s] Level 1:colcon.colcon_core.package_identification:_identify(PiLiDAR-main/PiLiDAR-main) by extension 'colcon_meta'
[0.445s] Level 1:colcon.colcon_core.package_identification:_identify(PiLiDAR-main/PiLiDAR-main) by extensions ['ros']
[0.445s] Level 1:colcon.colcon_core.package_identification:_identify(PiLiDAR-main/PiLiDAR-main) by extension 'ros'
[0.445s] Level 1:colcon.colcon_core.package_identification:_identify(PiLiDAR-main/PiLiDAR-main) by extensions ['cmake', 'python']
[0.445s] Level 1:colcon.colcon_core.package_identification:_identify(PiLiDAR-main/PiLiDAR-main) by extension 'cmake'
[0.445s] Level 1:colcon.colcon_core.package_identification:_identify(PiLiDAR-main/PiLiDAR-main) by extension 'python'
[0.445s] Level 1:colcon.colcon_core.package_identification:_identify(PiLiDAR-main/PiLiDAR-main) by extensions ['python_setup_py']
[0.445s] Level 1:colcon.colcon_core.package_identification:_identify(PiLiDAR-main/PiLiDAR-main) by extension 'python_setup_py'
[0.446s] Level 1:colcon.colcon_core.package_identification:_identify(PiLiDAR-main/PiLiDAR-main/hugin) by extensions ['ignore', 'ignore_ament_install']
[0.446s] Level 1:colcon.colcon_core.package_identification:_identify(PiLiDAR-main/PiLiDAR-main/hugin) by extension 'ignore'
[0.446s] Level 1:colcon.colcon_core.package_identification:_identify(PiLiDAR-main/PiLiDAR-main/hugin) by extension 'ignore_ament_install'
[0.446s] Level 1:colcon.colcon_core.package_identification:_identify(PiLiDAR-main/PiLiDAR-main/hugin) by extensions ['colcon_pkg']
[0.446s] Level 1:colcon.colcon_core.package_identification:_identify(PiLiDAR-main/PiLiDAR-main/hugin) by extension 'colcon_pkg'
[0.446s] Level 1:colcon.colcon_core.package_identification:_identify(PiLiDAR-main/PiLiDAR-main/hugin) by extensions ['colcon_meta']
[0.446s] Level 1:colcon.colcon_core.package_identification:_identify(PiLiDAR-main/PiLiDAR-main/hugin) by extension 'colcon_meta'
[0.446s] Level 1:colcon.colcon_core.package_identification:_identify(PiLiDAR-main/PiLiDAR-main/hugin) by extensions ['ros']
[0.446s] Level 1:colcon.colcon_core.package_identification:_identify(PiLiDAR-main/PiLiDAR-main/hugin) by extension 'ros'
[0.446s] Level 1:colcon.colcon_core.package_identification:_identify(PiLiDAR-main/PiLiDAR-main/hugin) by extensions ['cmake', 'python']
[0.447s] Level 1:colcon.colcon_core.package_identification:_identify(PiLiDAR-main/PiLiDAR-main/hugin) by extension 'cmake'
[0.447s] Level 1:colcon.colcon_core.package_identification:_identify(PiLiDAR-main/PiLiDAR-main/hugin) by extension 'python'
[0.447s] Level 1:colcon.colcon_core.package_identification:_identify(PiLiDAR-main/PiLiDAR-main/hugin) by extensions ['python_setup_py']
[0.447s] Level 1:colcon.colcon_core.package_identification:_identify(PiLiDAR-main/PiLiDAR-main/hugin) by extension 'python_setup_py'
[0.447s] Level 1:colcon.colcon_core.package_identification:_identify(PiLiDAR-main/PiLiDAR-main/images) by extensions ['ignore', 'ignore_ament_install']
[0.447s] Level 1:colcon.colcon_core.package_identification:_identify(PiLiDAR-main/PiLiDAR-main/images) by extension 'ignore'
[0.447s] Level 1:colcon.colcon_core.package_identification:_identify(PiLiDAR-main/PiLiDAR-main/images) by extension 'ignore_ament_install'
[0.447s] Level 1:colcon.colcon_core.package_identification:_identify(PiLiDAR-main/PiLiDAR-main/images) by extensions ['colcon_pkg']
[0.448s] Level 1:colcon.colcon_core.package_identification:_identify(PiLiDAR-main/PiLiDAR-main/images) by extension 'colcon_pkg'
[0.448s] Level 1:colcon.colcon_core.package_identification:_identify(PiLiDAR-main/PiLiDAR-main/images) by extensions ['colcon_meta']
[0.448s] Level 1:colcon.colcon_core.package_identification:_identify(PiLiDAR-main/PiLiDAR-main/images) by extension 'colcon_meta'
[0.448s] Level 1:colcon.colcon_core.package_identification:_identify(PiLiDAR-main/PiLiDAR-main/images) by extensions ['ros']
[0.448s] Level 1:colcon.colcon_core.package_identification:_identify(PiLiDAR-main/PiLiDAR-main/images) by extension 'ros'
[0.448s] Level 1:colcon.colcon_core.package_identification:_identify(PiLiDAR-main/PiLiDAR-main/images) by extensions ['cmake', 'python']
[0.448s] Level 1:colcon.colcon_core.package_identification:_identify(PiLiDAR-main/PiLiDAR-main/images) by extension 'cmake'
[0.448s] Level 1:colcon.colcon_core.package_identification:_identify(PiLiDAR-main/PiLiDAR-main/images) by extension 'python'
[0.448s] Level 1:colcon.colcon_core.package_identification:_identify(PiLiDAR-main/PiLiDAR-main/images) by extensions ['python_setup_py']
[0.448s] Level 1:colcon.colcon_core.package_identification:_identify(PiLiDAR-main/PiLiDAR-main/images) by extension 'python_setup_py'
[0.448s] Level 1:colcon.colcon_core.package_identification:_identify(PiLiDAR-main/PiLiDAR-main/lib) by extensions ['ignore', 'ignore_ament_install']
[0.449s] Level 1:colcon.colcon_core.package_identification:_identify(PiLiDAR-main/PiLiDAR-main/lib) by extension 'ignore'
[0.449s] Level 1:colcon.colcon_core.package_identification:_identify(PiLiDAR-main/PiLiDAR-main/lib) by extension 'ignore_ament_install'
[0.449s] Level 1:colcon.colcon_core.package_identification:_identify(PiLiDAR-main/PiLiDAR-main/lib) by extensions ['colcon_pkg']
[0.449s] Level 1:colcon.colcon_core.package_identification:_identify(PiLiDAR-main/PiLiDAR-main/lib) by extension 'colcon_pkg'
[0.449s] Level 1:colcon.colcon_core.package_identification:_identify(PiLiDAR-main/PiLiDAR-main/lib) by extensions ['colcon_meta']
[0.449s] Level 1:colcon.colcon_core.package_identification:_identify(PiLiDAR-main/PiLiDAR-main/lib) by extension 'colcon_meta'
[0.449s] Level 1:colcon.colcon_core.package_identification:_identify(PiLiDAR-main/PiLiDAR-main/lib) by extensions ['ros']
[0.449s] Level 1:colcon.colcon_core.package_identification:_identify(PiLiDAR-main/PiLiDAR-main/lib) by extension 'ros'
[0.449s] Level 1:colcon.colcon_core.package_identification:_identify(PiLiDAR-main/PiLiDAR-main/lib) by extensions ['cmake', 'python']
[0.449s] Level 1:colcon.colcon_core.package_identification:_identify(PiLiDAR-main/PiLiDAR-main/lib) by extension 'cmake'
[0.450s] Level 1:colcon.colcon_core.package_identification:_identify(PiLiDAR-main/PiLiDAR-main/lib) by extension 'python'
[0.450s] Level 1:colcon.colcon_core.package_identification:_identify(PiLiDAR-main/PiLiDAR-main/lib) by extensions ['python_setup_py']
[0.450s] Level 1:colcon.colcon_core.package_identification:_identify(PiLiDAR-main/PiLiDAR-main/lib) by extension 'python_setup_py'
[0.450s] Level 1:colcon.colcon_core.package_identification:_identify(PiLiDAR-main/PiLiDAR-main/meshlab) by extensions ['ignore', 'ignore_ament_install']
[0.450s] Level 1:colcon.colcon_core.package_identification:_identify(PiLiDAR-main/PiLiDAR-main/meshlab) by extension 'ignore'
[0.450s] Level 1:colcon.colcon_core.package_identification:_identify(PiLiDAR-main/PiLiDAR-main/meshlab) by extension 'ignore_ament_install'
[0.450s] Level 1:colcon.colcon_core.package_identification:_identify(PiLiDAR-main/PiLiDAR-main/meshlab) by extensions ['colcon_pkg']
[0.450s] Level 1:colcon.colcon_core.package_identification:_identify(PiLiDAR-main/PiLiDAR-main/meshlab) by extension 'colcon_pkg'
[0.450s] Level 1:colcon.colcon_core.package_identification:_identify(PiLiDAR-main/PiLiDAR-main/meshlab) by extensions ['colcon_meta']
[0.450s] Level 1:colcon.colcon_core.package_identification:_identify(PiLiDAR-main/PiLiDAR-main/meshlab) by extension 'colcon_meta'
[0.451s] Level 1:colcon.colcon_core.package_identification:_identify(PiLiDAR-main/PiLiDAR-main/meshlab) by extensions ['ros']
[0.451s] Level 1:colcon.colcon_core.package_identification:_identify(PiLiDAR-main/PiLiDAR-main/meshlab) by extension 'ros'
[0.451s] Level 1:colcon.colcon_core.package_identification:_identify(PiLiDAR-main/PiLiDAR-main/meshlab) by extensions ['cmake', 'python']
[0.451s] Level 1:colcon.colcon_core.package_identification:_identify(PiLiDAR-main/PiLiDAR-main/meshlab) by extension 'cmake'
[0.451s] Level 1:colcon.colcon_core.package_identification:_identify(PiLiDAR-main/PiLiDAR-main/meshlab) by extension 'python'
[0.451s] Level 1:colcon.colcon_core.package_identification:_identify(PiLiDAR-main/PiLiDAR-main/meshlab) by extensions ['python_setup_py']
[0.451s] Level 1:colcon.colcon_core.package_identification:_identify(PiLiDAR-main/PiLiDAR-main/meshlab) by extension 'python_setup_py'
[0.451s] Level 1:colcon.colcon_core.package_identification:_identify(build) by extensions ['ignore', 'ignore_ament_install']
[0.451s] Level 1:colcon.colcon_core.package_identification:_identify(build) by extension 'ignore'
[0.452s] Level 1:colcon.colcon_core.package_identification:_identify(build) ignored
[0.452s] Level 1:colcon.colcon_core.package_identification:_identify(install) by extensions ['ignore', 'ignore_ament_install']
[0.452s] Level 1:colcon.colcon_core.package_identification:_identify(install) by extension 'ignore'
[0.452s] Level 1:colcon.colcon_core.package_identification:_identify(install) ignored
[0.452s] Level 1:colcon.colcon_core.package_identification:_identify(ldlidar_stl_ros2) by extensions ['ignore', 'ignore_ament_install']
[0.452s] Level 1:colcon.colcon_core.package_identification:_identify(ldlidar_stl_ros2) by extension 'ignore'
[0.452s] Level 1:colcon.colcon_core.package_identification:_identify(ldlidar_stl_ros2) by extension 'ignore_ament_install'
[0.453s] Level 1:colcon.colcon_core.package_identification:_identify(ldlidar_stl_ros2) by extensions ['colcon_pkg']
[0.453s] Level 1:colcon.colcon_core.package_identification:_identify(ldlidar_stl_ros2) by extension 'colcon_pkg'
[0.453s] Level 1:colcon.colcon_core.package_identification:_identify(ldlidar_stl_ros2) by extensions ['colcon_meta']
[0.453s] Level 1:colcon.colcon_core.package_identification:_identify(ldlidar_stl_ros2) by extension 'colcon_meta'
[0.453s] Level 1:colcon.colcon_core.package_identification:_identify(ldlidar_stl_ros2) by extensions ['ros']
[0.453s] Level 1:colcon.colcon_core.package_identification:_identify(ldlidar_stl_ros2) by extension 'ros'
[0.453s] Level 1:colcon.colcon_core.package_identification:_identify(ldlidar_stl_ros2) by extensions ['cmake', 'python']
[0.453s] Level 1:colcon.colcon_core.package_identification:_identify(ldlidar_stl_ros2) by extension 'cmake'
[0.453s] Level 1:colcon.colcon_core.package_identification:_identify(ldlidar_stl_ros2) by extension 'python'
[0.453s] Level 1:colcon.colcon_core.package_identification:_identify(ldlidar_stl_ros2) by extensions ['python_setup_py']
[0.453s] Level 1:colcon.colcon_core.package_identification:_identify(ldlidar_stl_ros2) by extension 'python_setup_py'
[0.454s] Level 1:colcon.colcon_core.package_identification:_identify(log) by extensions ['ignore', 'ignore_ament_install']
[0.454s] Level 1:colcon.colcon_core.package_identification:_identify(log) by extension 'ignore'
[0.454s] Level 1:colcon.colcon_core.package_identification:_identify(log) ignored
[0.454s] Level 1:colcon.colcon_core.package_identification:_identify(model) by extensions ['ignore', 'ignore_ament_install']
[0.454s] Level 1:colcon.colcon_core.package_identification:_identify(model) by extension 'ignore'
[0.454s] Level 1:colcon.colcon_core.package_identification:_identify(model) by extension 'ignore_ament_install'
[0.454s] Level 1:colcon.colcon_core.package_identification:_identify(model) by extensions ['colcon_pkg']
[0.454s] Level 1:colcon.colcon_core.package_identification:_identify(model) by extension 'colcon_pkg'
[0.454s] Level 1:colcon.colcon_core.package_identification:_identify(model) by extensions ['colcon_meta']
[0.454s] Level 1:colcon.colcon_core.package_identification:_identify(model) by extension 'colcon_meta'
[0.455s] Level 1:colcon.colcon_core.package_identification:_identify(model) by extensions ['ros']
[0.455s] Level 1:colcon.colcon_core.package_identification:_identify(model) by extension 'ros'
[0.455s] Level 1:colcon.colcon_core.package_identification:_identify(model) by extensions ['cmake', 'python']
[0.455s] Level 1:colcon.colcon_core.package_identification:_identify(model) by extension 'cmake'
[0.455s] Level 1:colcon.colcon_core.package_identification:_identify(model) by extension 'python'
[0.455s] Level 1:colcon.colcon_core.package_identification:_identify(model) by extensions ['python_setup_py']
[0.455s] Level 1:colcon.colcon_core.package_identification:_identify(model) by extension 'python_setup_py'
[0.455s] Level 1:colcon.colcon_core.package_identification:_identify(model/meshes) by extensions ['ignore', 'ignore_ament_install']
[0.455s] Level 1:colcon.colcon_core.package_identification:_identify(model/meshes) by extension 'ignore'
[0.455s] Level 1:colcon.colcon_core.package_identification:_identify(model/meshes) by extension 'ignore_ament_install'
[0.456s] Level 1:colcon.colcon_core.package_identification:_identify(model/meshes) by extensions ['colcon_pkg']
[0.456s] Level 1:colcon.colcon_core.package_identification:_identify(model/meshes) by extension 'colcon_pkg'
[0.456s] Level 1:colcon.colcon_core.package_identification:_identify(model/meshes) by extensions ['colcon_meta']
[0.456s] Level 1:colcon.colcon_core.package_identification:_identify(model/meshes) by extension 'colcon_meta'
[0.456s] Level 1:colcon.colcon_core.package_identification:_identify(model/meshes) by extensions ['ros']
[0.456s] Level 1:colcon.colcon_core.package_identification:_identify(model/meshes) by extension 'ros'
[0.456s] Level 1:colcon.colcon_core.package_identification:_identify(model/meshes) by extensions ['cmake', 'python']
[0.456s] Level 1:colcon.colcon_core.package_identification:_identify(model/meshes) by extension 'cmake'
[0.456s] Level 1:colcon.colcon_core.package_identification:_identify(model/meshes) by extension 'python'
[0.456s] Level 1:colcon.colcon_core.package_identification:_identify(model/meshes) by extensions ['python_setup_py']
[0.456s] Level 1:colcon.colcon_core.package_identification:_identify(model/meshes) by extension 'python_setup_py'
[0.457s] Level 1:colcon.colcon_core.package_identification:_identify(src) by extensions ['ignore', 'ignore_ament_install']
[0.457s] Level 1:colcon.colcon_core.package_identification:_identify(src) by extension 'ignore'
[0.457s] Level 1:colcon.colcon_core.package_identification:_identify(src) by extension 'ignore_ament_install'
[0.457s] Level 1:colcon.colcon_core.package_identification:_identify(src) by extensions ['colcon_pkg']
[0.457s] Level 1:colcon.colcon_core.package_identification:_identify(src) by extension 'colcon_pkg'
[0.457s] Level 1:colcon.colcon_core.package_identification:_identify(src) by extensions ['colcon_meta']
[0.457s] Level 1:colcon.colcon_core.package_identification:_identify(src) by extension 'colcon_meta'
[0.457s] Level 1:colcon.colcon_core.package_identification:_identify(src) by extensions ['ros']
[0.457s] Level 1:colcon.colcon_core.package_identification:_identify(src) by extension 'ros'
[0.457s] Level 1:colcon.colcon_core.package_identification:_identify(src) by extensions ['cmake', 'python']
[0.457s] Level 1:colcon.colcon_core.package_identification:_identify(src) by extension 'cmake'
[0.458s] Level 1:colcon.colcon_core.package_identification:_identify(src) by extension 'python'
[0.458s] Level 1:colcon.colcon_core.package_identification:_identify(src) by extensions ['python_setup_py']
[0.458s] Level 1:colcon.colcon_core.package_identification:_identify(src) by extension 'python_setup_py'
[0.458s] Level 1:colcon.colcon_core.package_identification:_identify(src/3d_lidar) by extensions ['ignore', 'ignore_ament_install']
[0.458s] Level 1:colcon.colcon_core.package_identification:_identify(src/3d_lidar) by extension 'ignore'
[0.458s] Level 1:colcon.colcon_core.package_identification:_identify(src/3d_lidar) by extension 'ignore_ament_install'
[0.458s] Level 1:colcon.colcon_core.package_identification:_identify(src/3d_lidar) by extensions ['colcon_pkg']
[0.458s] Level 1:colcon.colcon_core.package_identification:_identify(src/3d_lidar) by extension 'colcon_pkg'
[0.458s] Level 1:colcon.colcon_core.package_identification:_identify(src/3d_lidar) by extensions ['colcon_meta']
[0.458s] Level 1:colcon.colcon_core.package_identification:_identify(src/3d_lidar) by extension 'colcon_meta'
[0.458s] Level 1:colcon.colcon_core.package_identification:_identify(src/3d_lidar) by extensions ['ros']
[0.458s] Level 1:colcon.colcon_core.package_identification:_identify(src/3d_lidar) by extension 'ros'
[0.466s] DEBUG:colcon.colcon_core.package_identification:Package 'src/3d_lidar' with type 'ros.ament_python' and name '3d_lidar'
[0.466s] Level 1:colcon.colcon_core.package_identification:_identify(src/ldlidar_stl_ros2) by extensions ['ignore', 'ignore_ament_install']
[0.467s] Level 1:colcon.colcon_core.package_identification:_identify(src/ldlidar_stl_ros2) by extension 'ignore'
[0.467s] Level 1:colcon.colcon_core.package_identification:_identify(src/ldlidar_stl_ros2) by extension 'ignore_ament_install'
[0.467s] Level 1:colcon.colcon_core.package_identification:_identify(src/ldlidar_stl_ros2) by extensions ['colcon_pkg']
[0.467s] Level 1:colcon.colcon_core.package_identification:_identify(src/ldlidar_stl_ros2) by extension 'colcon_pkg'
[0.467s] Level 1:colcon.colcon_core.package_identification:_identify(src/ldlidar_stl_ros2) by extensions ['colcon_meta']
[0.467s] Level 1:colcon.colcon_core.package_identification:_identify(src/ldlidar_stl_ros2) by extension 'colcon_meta'
[0.467s] Level 1:colcon.colcon_core.package_identification:_identify(src/ldlidar_stl_ros2) by extensions ['ros']
[0.467s] Level 1:colcon.colcon_core.package_identification:_identify(src/ldlidar_stl_ros2) by extension 'ros'
[0.469s] DEBUG:colcon.colcon_core.package_identification:Package 'src/ldlidar_stl_ros2' with type 'ros.ament_cmake' and name 'ldlidar_stl_ros2'
[0.469s] Level 1:colcon.colcon_core.package_identification:_identify(src/movement) by extensions ['ignore', 'ignore_ament_install']
[0.469s] Level 1:colcon.colcon_core.package_identification:_identify(src/movement) by extension 'ignore'
[0.469s] Level 1:colcon.colcon_core.package_identification:_identify(src/movement) by extension 'ignore_ament_install'
[0.469s] Level 1:colcon.colcon_core.package_identification:_identify(src/movement) by extensions ['colcon_pkg']
[0.469s] Level 1:colcon.colcon_core.package_identification:_identify(src/movement) by extension 'colcon_pkg'
[0.470s] Level 1:colcon.colcon_core.package_identification:_identify(src/movement) by extensions ['colcon_meta']
[0.470s] Level 1:colcon.colcon_core.package_identification:_identify(src/movement) by extension 'colcon_meta'
[0.470s] Level 1:colcon.colcon_core.package_identification:_identify(src/movement) by extensions ['ros']
[0.470s] Level 1:colcon.colcon_core.package_identification:_identify(src/movement) by extension 'ros'
[0.470s] Level 1:colcon.colcon_core.package_identification:_identify(src/movement) by extensions ['cmake', 'python']
[0.470s] Level 1:colcon.colcon_core.package_identification:_identify(src/movement) by extension 'cmake'
[0.470s] Level 1:colcon.colcon_core.package_identification:_identify(src/movement) by extension 'python'
[0.470s] Level 1:colcon.colcon_core.package_identification:_identify(src/movement) by extensions ['python_setup_py']
[0.470s] Level 1:colcon.colcon_core.package_identification:_identify(src/movement) by extension 'python_setup_py'
[0.470s] Level 1:colcon.colcon_core.package_identification:_identify(yamls) by extensions ['ignore', 'ignore_ament_install']
[0.471s] Level 1:colcon.colcon_core.package_identification:_identify(yamls) by extension 'ignore'
[0.471s] Level 1:colcon.colcon_core.package_identification:_identify(yamls) by extension 'ignore_ament_install'
[0.471s] Level 1:colcon.colcon_core.package_identification:_identify(yamls) by extensions ['colcon_pkg']
[0.471s] Level 1:colcon.colcon_core.package_identification:_identify(yamls) by extension 'colcon_pkg'
[0.471s] Level 1:colcon.colcon_core.package_identification:_identify(yamls) by extensions ['colcon_meta']
[0.471s] Level 1:colcon.colcon_core.package_identification:_identify(yamls) by extension 'colcon_meta'
[0.471s] Level 1:colcon.colcon_core.package_identification:_identify(yamls) by extensions ['ros']
[0.471s] Level 1:colcon.colcon_core.package_identification:_identify(yamls) by extension 'ros'
[0.471s] Level 1:colcon.colcon_core.package_identification:_identify(yamls) by extensions ['cmake', 'python']
[0.471s] Level 1:colcon.colcon_core.package_identification:_identify(yamls) by extension 'cmake'
[0.471s] Level 1:colcon.colcon_core.package_identification:_identify(yamls) by extension 'python'
[0.472s] Level 1:colcon.colcon_core.package_identification:_identify(yamls) by extensions ['python_setup_py']
[0.472s] Level 1:colcon.colcon_core.package_identification:_identify(yamls) by extension 'python_setup_py'
[0.472s] Level 1:colcon.colcon_core.package_discovery:discover_packages(recursive) using defaults
[0.472s] Level 1:colcon.colcon_core.package_discovery:discover_packages(ignore) discover
[0.472s] Level 1:colcon.colcon_core.package_discovery:discover_packages(ignore) using defaults
[0.472s] Level 1:colcon.colcon_core.package_discovery:discover_packages(path) discover
[0.472s] Level 1:colcon.colcon_core.package_discovery:discover_packages(path) using defaults
[0.515s] INFO:colcon.colcon_core.package_selection:Skipping not selected package 'ldlidar_stl_ros2' in 'src/ldlidar_stl_ros2'
[0.516s] Level 1:colcon.colcon_core.package_discovery:discover_packages(prefix_path) check parameters
[0.517s] Level 1:colcon.colcon_core.package_discovery:discover_packages(prefix_path) discover
[0.524s] DEBUG:colcon.colcon_installed_package_information.package_discovery:Found 473 installed packages in /opt/ros/humble
[0.528s] Level 1:colcon.colcon_core.package_discovery:discover_packages(prefix_path) using defaults
[0.658s] Level 5:colcon.colcon_core.verb:set package '3d_lidar' build argument 'cmake_args' from command line to 'None'
[0.658s] Level 5:colcon.colcon_core.verb:set package '3d_lidar' build argument 'cmake_target' from command line to 'None'
[0.658s] Level 5:colcon.colcon_core.verb:set package '3d_lidar' build argument 'cmake_target_skip_unavailable' from command line to 'False'
[0.658s] Level 5:colcon.colcon_core.verb:set package '3d_lidar' build argument 'cmake_clean_cache' from command line to 'False'
[0.658s] Level 5:colcon.colcon_core.verb:set package '3d_lidar' build argument 'cmake_clean_first' from command line to 'False'
[0.658s] Level 5:colcon.colcon_core.verb:set package '3d_lidar' build argument 'cmake_force_configure' from command line to 'False'
[0.658s] Level 5:colcon.colcon_core.verb:set package '3d_lidar' build argument 'ament_cmake_args' from command line to 'None'
[0.658s] Level 5:colcon.colcon_core.verb:set package '3d_lidar' build argument 'catkin_cmake_args' from command line to 'None'
[0.658s] Level 5:colcon.colcon_core.verb:set package '3d_lidar' build argument 'catkin_skip_building_tests' from command line to 'False'
[0.659s] DEBUG:colcon.colcon_core.verb:Building package '3d_lidar' with the following arguments: {'ament_cmake_args': None, 'build_base': '/home/sam/stalkerProject/StalkerProject/build/3d_lidar', 'catkin_cmake_args': None, 'catkin_skip_building_tests': False, 'cmake_args': None, 'cmake_clean_cache': False, 'cmake_clean_first': False, 'cmake_force_configure': False, 'cmake_target': None, 'cmake_target_skip_unavailable': False, 'install_base': '/home/sam/stalkerProject/StalkerProject/install/3d_lidar', 'merge_install': False, 'path': '/home/sam/stalkerProject/StalkerProject/src/3d_lidar', 'symlink_install': False, 'test_result_base': None}
[0.659s] INFO:colcon.colcon_core.executor:Executing jobs using 'parallel' executor
[0.660s] DEBUG:colcon.colcon_parallel_executor.executor.parallel:run_until_complete
[0.660s] INFO:colcon.colcon_ros.task.ament_python.build:Building ROS package in '/home/sam/stalkerProject/StalkerProject/src/3d_lidar' with build type 'ament_python'
[0.661s] Level 1:colcon.colcon_core.shell:create_environment_hook('3d_lidar', 'ament_prefix_path')
[0.666s] INFO:colcon.colcon_core.plugin_system:Skipping extension 'colcon_core.shell.bat': Not used on non-Windows systems
[0.666s] INFO:colcon.colcon_core.shell:Creating environment hook '/home/sam/stalkerProject/StalkerProject/install/3d_lidar/share/3d_lidar/hook/ament_prefix_path.ps1'
[0.668s] INFO:colcon.colcon_core.shell:Creating environment descriptor '/home/sam/stalkerProject/StalkerProject/install/3d_lidar/share/3d_lidar/hook/ament_prefix_path.dsv'
[0.669s] INFO:colcon.colcon_core.shell:Creating environment hook '/home/sam/stalkerProject/StalkerProject/install/3d_lidar/share/3d_lidar/hook/ament_prefix_path.sh'
[0.671s] INFO:colcon.colcon_core.shell:Skip shell extension 'powershell' for command environment: Not usable outside of PowerShell
[0.671s] DEBUG:colcon.colcon_core.shell:Skip shell extension 'dsv' for command environment
[1.095s] INFO:colcon.colcon_core.task.python.build:Building Python package in '/home/sam/stalkerProject/StalkerProject/src/3d_lidar'
[1.096s] INFO:colcon.colcon_core.shell:Skip shell extension 'powershell' for command environment: Not usable outside of PowerShell
[1.096s] DEBUG:colcon.colcon_core.shell:Skip shell extension 'dsv' for command environment
[2.503s] DEBUG:colcon.colcon_core.event_handler.log_command:Invoking command in '/home/sam/stalkerProject/StalkerProject/build/3d_lidar': PYTHONPATH=/home/sam/stalkerProject/StalkerProject/build/3d_lidar/prefix_override:/usr/lib/python3/dist-packages/colcon_core/task/python/colcon_distutils_commands:/home/sam/stalkerProject/StalkerProject/install/3d_lidar/lib/python3.10/site-packages:${PYTHONPATH} /usr/bin/python3 -W ignore:setup.py install is deprecated -W ignore:easy_install command is deprecated setup.py develop --uninstall --editable --build-directory /home/sam/stalkerProject/StalkerProject/build/3d_lidar/build
[30.689s] DEBUG:colcon.colcon_core.event_handler.log_command:Invoked command in '/home/sam/stalkerProject/StalkerProject/build/3d_lidar' returned '0': PYTHONPATH=/home/sam/stalkerProject/StalkerProject/build/3d_lidar/prefix_override:/usr/lib/python3/dist-packages/colcon_core/task/python/colcon_distutils_commands:/home/sam/stalkerProject/StalkerProject/install/3d_lidar/lib/python3.10/site-packages:${PYTHONPATH} /usr/bin/python3 -W ignore:setup.py install is deprecated -W ignore:easy_install command is deprecated setup.py develop --uninstall --editable --build-directory /home/sam/stalkerProject/StalkerProject/build/3d_lidar/build
[30.690s] DEBUG:colcon.colcon_core.event_handler.log_command:Invoking command in '/home/sam/stalkerProject/StalkerProject/src/3d_lidar': PYTHONPATH=/home/sam/stalkerProject/StalkerProject/build/3d_lidar/prefix_override:/usr/lib/python3/dist-packages/colcon_core/task/python/colcon_distutils_commands:/home/sam/stalkerProject/StalkerProject/install/3d_lidar/lib/python3.10/site-packages:${PYTHONPATH} /usr/bin/python3 -W ignore:setup.py install is deprecated -W ignore:easy_install command is deprecated setup.py egg_info --egg-base ../../build/3d_lidar build --build-base /home/sam/stalkerProject/StalkerProject/build/3d_lidar/build install --record /home/sam/stalkerProject/StalkerProject/build/3d_lidar/install.log --single-version-externally-managed install_data --force
[60.719s] DEBUG:colcon.colcon_core.event_handler.log_command:Invoked command in '/home/sam/stalkerProject/StalkerProject/src/3d_lidar' returned '0': PYTHONPATH=/home/sam/stalkerProject/StalkerProject/build/3d_lidar/prefix_override:/usr/lib/python3/dist-packages/colcon_core/task/python/colcon_distutils_commands:/home/sam/stalkerProject/StalkerProject/install/3d_lidar/lib/python3.10/site-packages:${PYTHONPATH} /usr/bin/python3 -W ignore:setup.py install is deprecated -W ignore:easy_install command is deprecated setup.py egg_info --egg-base ../../build/3d_lidar build --build-base /home/sam/stalkerProject/StalkerProject/build/3d_lidar/build install --record /home/sam/stalkerProject/StalkerProject/build/3d_lidar/install.log --single-version-externally-managed install_data --force
[60.734s] Level 1:colcon.colcon_core.environment:checking '/home/sam/stalkerProject/StalkerProject/install/3d_lidar' for CMake module files
[60.736s] Level 1:colcon.colcon_core.environment:checking '/home/sam/stalkerProject/StalkerProject/install/3d_lidar' for CMake config files
[60.739s] Level 1:colcon.colcon_core.environment:checking '/home/sam/stalkerProject/StalkerProject/install/3d_lidar/lib'
[60.740s] Level 1:colcon.colcon_core.environment:checking '/home/sam/stalkerProject/StalkerProject/install/3d_lidar/bin'
[60.740s] Level 1:colcon.colcon_core.environment:checking '/home/sam/stalkerProject/StalkerProject/install/3d_lidar/lib/pkgconfig/3d_lidar.pc'
[60.743s] Level 1:colcon.colcon_core.environment:checking '/home/sam/stalkerProject/StalkerProject/install/3d_lidar/lib/python3.10/site-packages'
[60.743s] Level 1:colcon.colcon_core.shell:create_environment_hook('3d_lidar', 'pythonpath')
[60.744s] INFO:colcon.colcon_core.shell:Creating environment hook '/home/sam/stalkerProject/StalkerProject/install/3d_lidar/share/3d_lidar/hook/pythonpath.ps1'
[60.745s] INFO:colcon.colcon_core.shell:Creating environment descriptor '/home/sam/stalkerProject/StalkerProject/install/3d_lidar/share/3d_lidar/hook/pythonpath.dsv'
[60.748s] INFO:colcon.colcon_core.shell:Creating environment hook '/home/sam/stalkerProject/StalkerProject/install/3d_lidar/share/3d_lidar/hook/pythonpath.sh'
[60.749s] Level 1:colcon.colcon_core.environment:checking '/home/sam/stalkerProject/StalkerProject/install/3d_lidar/bin'
[60.750s] Level 1:colcon.colcon_core.environment:create_environment_scripts_only(3d_lidar)
[60.750s] INFO:colcon.colcon_core.shell:Creating package script '/home/sam/stalkerProject/StalkerProject/install/3d_lidar/share/3d_lidar/package.ps1'
[60.754s] INFO:colcon.colcon_core.shell:Creating package descriptor '/home/sam/stalkerProject/StalkerProject/install/3d_lidar/share/3d_lidar/package.dsv'
[60.757s] INFO:colcon.colcon_core.shell:Creating package script '/home/sam/stalkerProject/StalkerProject/install/3d_lidar/share/3d_lidar/package.sh'
[60.761s] INFO:colcon.colcon_core.shell:Creating package script '/home/sam/stalkerProject/StalkerProject/install/3d_lidar/share/3d_lidar/package.bash'
[60.765s] INFO:colcon.colcon_core.shell:Creating package script '/home/sam/stalkerProject/StalkerProject/install/3d_lidar/share/3d_lidar/package.zsh'
[60.766s] Level 1:colcon.colcon_core.environment:create_file_with_runtime_dependencies(/home/sam/stalkerProject/StalkerProject/install/3d_lidar/share/colcon-core/packages/3d_lidar)
[60.767s] DEBUG:colcon.colcon_parallel_executor.executor.parallel:closing loop
[60.767s] DEBUG:colcon.colcon_parallel_executor.executor.parallel:loop closed
[60.767s] DEBUG:colcon.colcon_parallel_executor.executor.parallel:run_until_complete finished with '0'
[60.767s] DEBUG:colcon.colcon_core.event_reactor:joining thread
[60.790s] INFO:colcon.colcon_core.plugin_system:Skipping extension 'colcon_notification.desktop_notification.terminal_notifier': Not used on non-Darwin systems
[60.790s] INFO:colcon.colcon_core.plugin_system:Skipping extension 'colcon_notification.desktop_notification.win32': Not used on non-Windows systems
[60.790s] INFO:colcon.colcon_notification.desktop_notification:Sending desktop notification using 'notify2'
[60.791s] DEBUG:colcon.colcon_notification.desktop_notification.notify2:Failed to initialize notify2: org.freedesktop.DBus.Error.AccessDenied: Failed to connect to socket /run/user/1000/bus: Operation not permitted
[60.793s] DEBUG:colcon.colcon_core.event_reactor:joined thread
[60.796s] INFO:colcon.colcon_core.shell:Creating prefix script '/home/sam/stalkerProject/StalkerProject/install/local_setup.ps1'
[60.799s] INFO:colcon.colcon_core.shell:Creating prefix util module '/home/sam/stalkerProject/StalkerProject/install/_local_setup_util_ps1.py'
[60.803s] INFO:colcon.colcon_core.shell:Creating prefix chain script '/home/sam/stalkerProject/StalkerProject/install/setup.ps1'
[60.805s] INFO:colcon.colcon_core.shell:Creating prefix script '/home/sam/stalkerProject/StalkerProject/install/local_setup.sh'
[60.806s] INFO:colcon.colcon_core.shell:Creating prefix util module '/home/sam/stalkerProject/StalkerProject/install/_local_setup_util_sh.py'
[60.807s] INFO:colcon.colcon_core.shell:Creating prefix chain script '/home/sam/stalkerProject/StalkerProject/install/setup.sh'
[60.809s] INFO:colcon.colcon_core.shell:Creating prefix script '/home/sam/stalkerProject/StalkerProject/install/local_setup.bash'
[60.810s] INFO:colcon.colcon_core.shell:Creating prefix chain script '/home/sam/stalkerProject/StalkerProject/install/setup.bash'
[60.812s] INFO:colcon.colcon_core.shell:Creating prefix script '/home/sam/stalkerProject/StalkerProject/install/local_setup.zsh'
[60.814s] INFO:colcon.colcon_core.shell:Creating prefix chain script '/home/sam/stalkerProject/StalkerProject/install/setup.zsh'
