[1.582s] Invoking command in '/home/sam/stalkerProject/StalkerProject/build/3d_lidar': PYTHONPATH=/home/sam/stalkerProject/StalkerProject/build/3d_lidar/prefix_override:/usr/lib/python3/dist-packages/colcon_core/task/python/colcon_distutils_commands:/home/sam/stalkerProject/StalkerProject/install/3d_lidar/lib/python3.10/site-packages:${PYTHONPATH} /usr/bin/python3 -W ignore:setup.py install is deprecated -W ignore:easy_install command is deprecated setup.py develop --editable --build-directory /home/sam/stalkerProject/StalkerProject/build/3d_lidar/build --no-deps symlink_data --force
[2.151s] running develop
[2.545s] running egg_info
[2.573s] writing 3d_lidar.egg-info/PKG-INFO
[2.574s] writing dependency_links to 3d_lidar.egg-info/dependency_links.txt
[2.574s] writing entry points to 3d_lidar.egg-info/entry_points.txt
[2.574s] writing requirements to 3d_lidar.egg-info/requires.txt
[2.575s] writing top-level names to 3d_lidar.egg-info/top_level.txt
[2.629s] reading manifest file '3d_lidar.egg-info/SOURCES.txt'
[2.632s] writing manifest file '3d_lidar.egg-info/SOURCES.txt'
[2.674s] running build_ext
[2.675s] Creating /home/sam/stalkerProject/StalkerProject/install/3d_lidar/lib/python3.10/site-packages/3d-lidar.egg-link (link to .)
[2.676s] Installing scan_3d script to /home/sam/stalkerProject/StalkerProject/install/3d_lidar/lib/3d_lidar
[2.676s] Installing tf_broadcast script to /home/sam/stalkerProject/StalkerProject/install/3d_lidar/lib/3d_lidar
[2.676s] 
[2.676s] Installed /home/sam/stalkerProject/StalkerProject/build/3d_lidar
[2.677s] running symlink_data
[2.677s] symbolically linking /home/sam/stalkerProject/StalkerProject/build/3d_lidar/resource/3d_lidar -> /home/sam/stalkerProject/StalkerProject/install/3d_lidar/share/ament_index/resource_index/packages
[2.677s] symbolically linking /home/sam/stalkerProject/StalkerProject/build/3d_lidar/package.xml -> /home/sam/stalkerProject/StalkerProject/install/3d_lidar/share/3d_lidar
[2.678s] symbolically linking /home/sam/stalkerProject/StalkerProject/build/3d_lidar/launch/view_cart.launch.py -> /home/sam/stalkerProject/StalkerProject/install/3d_lidar/share/3d_lidar/launch
[2.678s] symbolically linking /home/sam/stalkerProject/StalkerProject/build/3d_lidar/launch/spawn_cart_gazebo.launch.py -> /home/sam/stalkerProject/StalkerProject/install/3d_lidar/share/3d_lidar/launch
[2.678s] symbolically linking /home/sam/stalkerProject/StalkerProject/model/robot.urdf -> /home/sam/stalkerProject/StalkerProject/install/3d_lidar/share/3d_lidar/model
[2.680s] symbolically linking /home/sam/stalkerProject/StalkerProject/model/meshes/Link_1.stl -> /home/sam/stalkerProject/StalkerProject/install/3d_lidar/share/3d_lidar/model/meshes
[2.736s] Invoked command in '/home/sam/stalkerProject/StalkerProject/build/3d_lidar' returned '0': PYTHONPATH=/home/sam/stalkerProject/StalkerProject/build/3d_lidar/prefix_override:/usr/lib/python3/dist-packages/colcon_core/task/python/colcon_distutils_commands:/home/sam/stalkerProject/StalkerProject/install/3d_lidar/lib/python3.10/site-packages:${PYTHONPATH} /usr/bin/python3 -W ignore:setup.py install is deprecated -W ignore:easy_install command is deprecated setup.py develop --editable --build-directory /home/sam/stalkerProject/StalkerProject/build/3d_lidar/build --no-deps symlink_data --force
