[1.340s] Invoking command in '/home/sam/stalkerProject/StalkerProject/src/3d_lidar': PYTHONPATH=/home/sam/stalkerProject/StalkerProject/build/3d_lidar/prefix_override:/usr/lib/python3/dist-packages/colcon_core/task/python/colcon_distutils_commands:/home/sam/stalkerProject/StalkerProject/install/3d_lidar/lib/python3.10/site-packages:${PYTHONPATH} /usr/bin/python3 -W ignore:setup.py install is deprecated -W ignore:easy_install command is deprecated setup.py egg_info --egg-base ../../build/3d_lidar build --build-base /home/sam/stalkerProject/StalkerProject/build/3d_lidar/build install --record /home/sam/stalkerProject/StalkerProject/build/3d_lidar/install.log --single-version-externally-managed install_data
[1.765s] running egg_info
[1.794s] writing ../../build/3d_lidar/3d_lidar.egg-info/PKG-INFO
[1.795s] writing dependency_links to ../../build/3d_lidar/3d_lidar.egg-info/dependency_links.txt
[1.795s] writing entry points to ../../build/3d_lidar/3d_lidar.egg-info/entry_points.txt
[1.796s] writing requirements to ../../build/3d_lidar/3d_lidar.egg-info/requires.txt
[1.798s] writing top-level names to ../../build/3d_lidar/3d_lidar.egg-info/top_level.txt
[1.874s] reading manifest file '../../build/3d_lidar/3d_lidar.egg-info/SOURCES.txt'
[1.877s] writing manifest file '../../build/3d_lidar/3d_lidar.egg-info/SOURCES.txt'
[1.878s] running build
[1.879s] running build_py
[1.879s] copying 3d_lidar/TF_broadcast.py -> /home/sam/stalkerProject/StalkerProject/build/3d_lidar/build/lib/3d_lidar
[1.879s] copying 3d_lidar/scan_3d.py -> /home/sam/stalkerProject/StalkerProject/build/3d_lidar/build/lib/3d_lidar
[1.879s] copying 3d_lidar/__init__.py -> /home/sam/stalkerProject/StalkerProject/build/3d_lidar/build/lib/3d_lidar
[1.882s] running install
[1.888s] running install_lib
[1.928s] running install_data
[1.933s] copying resource/3d_lidar -> /home/sam/stalkerProject/StalkerProject/install/3d_lidar/share/ament_index/resource_index/packages
[1.933s] copying package.xml -> /home/sam/stalkerProject/StalkerProject/install/3d_lidar/share/3d_lidar
[1.933s] copying launch/view_cart.launch.py -> /home/sam/stalkerProject/StalkerProject/install/3d_lidar/share/3d_lidar/launch
[1.933s] copying launch/spawn_cart_gazebo.launch.py -> /home/sam/stalkerProject/StalkerProject/install/3d_lidar/share/3d_lidar/launch
[1.933s] copying ../../model/robot.urdf -> /home/sam/stalkerProject/StalkerProject/install/3d_lidar/share/3d_lidar/model
[1.933s] running install_egg_info
[1.966s] removing '/home/sam/stalkerProject/StalkerProject/install/3d_lidar/lib/python3.10/site-packages/3d_lidar-0.0.0-py3.10.egg-info' (and everything under it)
[1.966s] Copying ../../build/3d_lidar/3d_lidar.egg-info to /home/sam/stalkerProject/StalkerProject/install/3d_lidar/lib/python3.10/site-packages/3d_lidar-0.0.0-py3.10.egg-info
[1.970s] running install_scripts
[2.319s] Installing scan_3d script to /home/sam/stalkerProject/StalkerProject/install/3d_lidar/lib/3d_lidar
[2.320s] Installing tf_broadcast script to /home/sam/stalkerProject/StalkerProject/install/3d_lidar/lib/3d_lidar
[2.321s] writing list of installed files to '/home/sam/stalkerProject/StalkerProject/build/3d_lidar/install.log'
[2.371s] Invoked command in '/home/sam/stalkerProject/StalkerProject/src/3d_lidar' returned '0': PYTHONPATH=/home/sam/stalkerProject/StalkerProject/build/3d_lidar/prefix_override:/usr/lib/python3/dist-packages/colcon_core/task/python/colcon_distutils_commands:/home/sam/stalkerProject/StalkerProject/install/3d_lidar/lib/python3.10/site-packages:${PYTHONPATH} /usr/bin/python3 -W ignore:setup.py install is deprecated -W ignore:easy_install command is deprecated setup.py egg_info --egg-base ../../build/3d_lidar build --build-base /home/sam/stalkerProject/StalkerProject/build/3d_lidar/build install --record /home/sam/stalkerProject/StalkerProject/build/3d_lidar/install.log --single-version-externally-managed install_data
