[0.157s] DEBUG:colcon:Command line arguments: ['/usr/bin/colcon', 'build', '--symlink-install']
[0.158s] DEBUG:colcon:Parsed command line arguments: Namespace(log_base=None, log_level=None, verb_name='build', build_base='build', install_base='install', merge_install=False, symlink_install=True, test_result_base=None, continue_on_error=False, executor='parallel', parallel_workers=16, event_handlers=None, ignore_user_meta=False, metas=['./colcon.meta'], base_paths=['.'], packages_ignore=None, packages_ignore_regex=None, paths=None, packages_up_to=None, packages_up_to_regex=None, packages_above=None, packages_above_and_dependencies=None, packages_above_depth=None, packages_select_by_dep=None, packages_skip_by_dep=None, packages_skip_up_to=None, packages_select_build_failed=False, packages_skip_build_finished=False, packages_select_test_failures=False, packages_skip_test_passed=False, packages_select=None, packages_skip=None, packages_select_regex=None, packages_skip_regex=None, packages_start=None, packages_end=None, allow_overriding=[], cmake_args=None, cmake_target=None, cmake_target_skip_unavailable=False, cmake_clean_cache=False, cmake_clean_first=False, cmake_force_configure=False, ament_cmake_args=None, catkin_cmake_args=None, catkin_skip_building_tests=False, mixin_files=None, mixin=None, verb_parser=<colcon_mixin.mixin.mixin_argument.MixinArgumentDecorator object at 0x7330f94d5d80>, verb_extension=<colcon_core.verb.build.BuildVerb object at 0x7330f965eda0>, main=<bound method BuildVerb.main of <colcon_core.verb.build.BuildVerb object at 0x7330f965eda0>>, mixin_verb=('build',))
[0.527s] Level 1:colcon.colcon_core.package_discovery:discover_packages(colcon_meta) check parameters
[0.527s] Level 1:colcon.colcon_core.package_discovery:discover_packages(recursive) check parameters
[0.528s] Level 1:colcon.colcon_core.package_discovery:discover_packages(ignore) check parameters
[0.528s] Level 1:colcon.colcon_core.package_discovery:discover_packages(path) check parameters
[0.528s] Level 1:colcon.colcon_core.package_discovery:discover_packages(colcon_meta) discover
[0.528s] Level 1:colcon.colcon_core.package_discovery:discover_packages(recursive) discover
[0.528s] INFO:colcon.colcon_core.package_discovery:Crawling recursively for packages in '/mnt/c/Users/samla/Desktop/StalkerProject/stalker_ros'
[0.530s] Level 1:colcon.colcon_core.package_identification:_identify(.) by extensions ['ignore', 'ignore_ament_install']
[0.530s] Level 1:colcon.colcon_core.package_identification:_identify(.) by extension 'ignore'
[0.530s] Level 1:colcon.colcon_core.package_identification:_identify(.) by extension 'ignore_ament_install'
[0.531s] Level 1:colcon.colcon_core.package_identification:_identify(.) by extensions ['colcon_pkg']
[0.531s] Level 1:colcon.colcon_core.package_identification:_identify(.) by extension 'colcon_pkg'
[0.531s] Level 1:colcon.colcon_core.package_identification:_identify(.) by extensions ['colcon_meta']
[0.532s] Level 1:colcon.colcon_core.package_identification:_identify(.) by extension 'colcon_meta'
[0.532s] Level 1:colcon.colcon_core.package_identification:_identify(.) by extensions ['ros']
[0.532s] Level 1:colcon.colcon_core.package_identification:_identify(.) by extension 'ros'
[0.540s] Level 1:colcon.colcon_core.package_identification:_identify(.) by extensions ['cmake', 'python']
[0.540s] Level 1:colcon.colcon_core.package_identification:_identify(.) by extension 'cmake'
[0.540s] Level 1:colcon.colcon_core.package_identification:_identify(.) by extension 'python'
[0.541s] Level 1:colcon.colcon_core.package_identification:_identify(.) by extensions ['python_setup_py']
[0.541s] Level 1:colcon.colcon_core.package_identification:_identify(.) by extension 'python_setup_py'
[0.543s] Level 1:colcon.colcon_core.package_identification:_identify(build) by extensions ['ignore', 'ignore_ament_install']
[0.544s] Level 1:colcon.colcon_core.package_identification:_identify(build) by extension 'ignore'
[0.545s] Level 1:colcon.colcon_core.package_identification:_identify(build) ignored
[0.548s] Level 1:colcon.colcon_core.package_identification:_identify(install) by extensions ['ignore', 'ignore_ament_install']
[0.548s] Level 1:colcon.colcon_core.package_identification:_identify(install) by extension 'ignore'
[0.549s] Level 1:colcon.colcon_core.package_identification:_identify(install) ignored
[0.552s] Level 1:colcon.colcon_core.package_identification:_identify(log) by extensions ['ignore', 'ignore_ament_install']
[0.553s] Level 1:colcon.colcon_core.package_identification:_identify(log) by extension 'ignore'
[0.553s] Level 1:colcon.colcon_core.package_identification:_identify(log) ignored
[0.555s] Level 1:colcon.colcon_core.package_identification:_identify(src) by extensions ['ignore', 'ignore_ament_install']
[0.556s] Level 1:colcon.colcon_core.package_identification:_identify(src) by extension 'ignore'
[0.556s] Level 1:colcon.colcon_core.package_identification:_identify(src) by extension 'ignore_ament_install'
[0.558s] Level 1:colcon.colcon_core.package_identification:_identify(src) by extensions ['colcon_pkg']
[0.558s] Level 1:colcon.colcon_core.package_identification:_identify(src) by extension 'colcon_pkg'
[0.559s] Level 1:colcon.colcon_core.package_identification:_identify(src) by extensions ['colcon_meta']
[0.559s] Level 1:colcon.colcon_core.package_identification:_identify(src) by extension 'colcon_meta'
[0.560s] Level 1:colcon.colcon_core.package_identification:_identify(src) by extensions ['ros']
[0.560s] Level 1:colcon.colcon_core.package_identification:_identify(src) by extension 'ros'
[0.563s] Level 1:colcon.colcon_core.package_identification:_identify(src) by extensions ['cmake', 'python']
[0.564s] Level 1:colcon.colcon_core.package_identification:_identify(src) by extension 'cmake'
[0.564s] Level 1:colcon.colcon_core.package_identification:_identify(src) by extension 'python'
[0.565s] Level 1:colcon.colcon_core.package_identification:_identify(src) by extensions ['python_setup_py']
[0.565s] Level 1:colcon.colcon_core.package_identification:_identify(src) by extension 'python_setup_py'
[0.570s] Level 1:colcon.colcon_core.package_identification:_identify(src/stalker) by extensions ['ignore', 'ignore_ament_install']
[0.570s] Level 1:colcon.colcon_core.package_identification:_identify(src/stalker) by extension 'ignore'
[0.571s] Level 1:colcon.colcon_core.package_identification:_identify(src/stalker) by extension 'ignore_ament_install'
[0.573s] Level 1:colcon.colcon_core.package_identification:_identify(src/stalker) by extensions ['colcon_pkg']
[0.573s] Level 1:colcon.colcon_core.package_identification:_identify(src/stalker) by extension 'colcon_pkg'
[0.575s] Level 1:colcon.colcon_core.package_identification:_identify(src/stalker) by extensions ['colcon_meta']
[0.575s] Level 1:colcon.colcon_core.package_identification:_identify(src/stalker) by extension 'colcon_meta'
[0.577s] Level 1:colcon.colcon_core.package_identification:_identify(src/stalker) by extensions ['ros']
[0.577s] Level 1:colcon.colcon_core.package_identification:_identify(src/stalker) by extension 'ros'
[0.593s] DEBUG:colcon.colcon_core.package_identification:Package 'src/stalker' with type 'ros.ament_python' and name 'stalker'
[0.593s] Level 1:colcon.colcon_core.package_discovery:discover_packages(recursive) using defaults
[0.593s] Level 1:colcon.colcon_core.package_discovery:discover_packages(ignore) discover
[0.593s] Level 1:colcon.colcon_core.package_discovery:discover_packages(ignore) using defaults
[0.593s] Level 1:colcon.colcon_core.package_discovery:discover_packages(path) discover
[0.594s] Level 1:colcon.colcon_core.package_discovery:discover_packages(path) using defaults
[0.641s] Level 1:colcon.colcon_core.package_discovery:discover_packages(prefix_path) check parameters
[0.641s] Level 1:colcon.colcon_core.package_discovery:discover_packages(prefix_path) discover
[0.647s] DEBUG:colcon.colcon_installed_package_information.package_discovery:Found 368 installed packages in /opt/ros/humble
[0.648s] Level 1:colcon.colcon_core.package_discovery:discover_packages(prefix_path) using defaults
[0.755s] Level 5:colcon.colcon_core.verb:set package 'stalker' build argument 'cmake_args' from command line to 'None'
[0.756s] Level 5:colcon.colcon_core.verb:set package 'stalker' build argument 'cmake_target' from command line to 'None'
[0.756s] Level 5:colcon.colcon_core.verb:set package 'stalker' build argument 'cmake_target_skip_unavailable' from command line to 'False'
[0.756s] Level 5:colcon.colcon_core.verb:set package 'stalker' build argument 'cmake_clean_cache' from command line to 'False'
[0.756s] Level 5:colcon.colcon_core.verb:set package 'stalker' build argument 'cmake_clean_first' from command line to 'False'
[0.756s] Level 5:colcon.colcon_core.verb:set package 'stalker' build argument 'cmake_force_configure' from command line to 'False'
[0.757s] Level 5:colcon.colcon_core.verb:set package 'stalker' build argument 'ament_cmake_args' from command line to 'None'
[0.757s] Level 5:colcon.colcon_core.verb:set package 'stalker' build argument 'catkin_cmake_args' from command line to 'None'
[0.757s] Level 5:colcon.colcon_core.verb:set package 'stalker' build argument 'catkin_skip_building_tests' from command line to 'False'
[0.757s] DEBUG:colcon.colcon_core.verb:Building package 'stalker' with the following arguments: {'ament_cmake_args': None, 'build_base': '/mnt/c/Users/samla/Desktop/StalkerProject/stalker_ros/build/stalker', 'catkin_cmake_args': None, 'catkin_skip_building_tests': False, 'cmake_args': None, 'cmake_clean_cache': False, 'cmake_clean_first': False, 'cmake_force_configure': False, 'cmake_target': None, 'cmake_target_skip_unavailable': False, 'install_base': '/mnt/c/Users/samla/Desktop/StalkerProject/stalker_ros/install/stalker', 'merge_install': False, 'path': '/mnt/c/Users/samla/Desktop/StalkerProject/stalker_ros/src/stalker', 'symlink_install': True, 'test_result_base': None}
[0.758s] INFO:colcon.colcon_core.executor:Executing jobs using 'parallel' executor
[0.759s] DEBUG:colcon.colcon_parallel_executor.executor.parallel:run_until_complete
[0.759s] INFO:colcon.colcon_ros.task.ament_python.build:Building ROS package in '/mnt/c/Users/samla/Desktop/StalkerProject/stalker_ros/src/stalker' with build type 'ament_python'
[0.759s] Level 1:colcon.colcon_core.shell:create_environment_hook('stalker', 'ament_prefix_path')
[0.764s] INFO:colcon.colcon_core.plugin_system:Skipping extension 'colcon_core.shell.bat': Not used on non-Windows systems
[0.765s] INFO:colcon.colcon_core.shell:Creating environment hook '/mnt/c/Users/samla/Desktop/StalkerProject/stalker_ros/install/stalker/share/stalker/hook/ament_prefix_path.ps1'
[0.782s] INFO:colcon.colcon_core.shell:Creating environment descriptor '/mnt/c/Users/samla/Desktop/StalkerProject/stalker_ros/install/stalker/share/stalker/hook/ament_prefix_path.dsv'
[0.795s] INFO:colcon.colcon_core.shell:Creating environment hook '/mnt/c/Users/samla/Desktop/StalkerProject/stalker_ros/install/stalker/share/stalker/hook/ament_prefix_path.sh'
[0.809s] INFO:colcon.colcon_core.shell:Skip shell extension 'powershell' for command environment: Not usable outside of PowerShell
[0.809s] DEBUG:colcon.colcon_core.shell:Skip shell extension 'dsv' for command environment
[1.020s] INFO:colcon.colcon_core.task.python.build:Building Python package in '/mnt/c/Users/samla/Desktop/StalkerProject/stalker_ros/src/stalker'
[1.020s] INFO:colcon.colcon_core.shell:Skip shell extension 'powershell' for command environment: Not usable outside of PowerShell
[1.021s] DEBUG:colcon.colcon_core.shell:Skip shell extension 'dsv' for command environment
[2.194s] DEBUG:colcon.colcon_core.event_handler.log_command:Invoking command in '/mnt/c/Users/samla/Desktop/StalkerProject/stalker_ros/build/stalker': PYTHONPATH=/mnt/c/Users/samla/Desktop/StalkerProject/stalker_ros/build/stalker/prefix_override:/usr/lib/python3/dist-packages/colcon_core/task/python/colcon_distutils_commands:/mnt/c/Users/samla/Desktop/StalkerProject/stalker_ros/install/stalker/lib/python3.10/site-packages:${PYTHONPATH} /usr/bin/python3 -W ignore:setup.py install is deprecated -W ignore:easy_install command is deprecated setup.py develop --editable --build-directory /mnt/c/Users/samla/Desktop/StalkerProject/stalker_ros/build/stalker/build --no-deps symlink_data
[3.336s] Level 1:colcon.colcon_core.shell:create_environment_hook('stalker', 'pythonpath_develop')
[3.337s] INFO:colcon.colcon_core.shell:Creating environment hook '/mnt/c/Users/samla/Desktop/StalkerProject/stalker_ros/build/stalker/share/stalker/hook/pythonpath_develop.ps1'
[3.337s] DEBUG:colcon.colcon_core.event_handler.log_command:Invoked command in '/mnt/c/Users/samla/Desktop/StalkerProject/stalker_ros/build/stalker' returned '0': PYTHONPATH=/mnt/c/Users/samla/Desktop/StalkerProject/stalker_ros/build/stalker/prefix_override:/usr/lib/python3/dist-packages/colcon_core/task/python/colcon_distutils_commands:/mnt/c/Users/samla/Desktop/StalkerProject/stalker_ros/install/stalker/lib/python3.10/site-packages:${PYTHONPATH} /usr/bin/python3 -W ignore:setup.py install is deprecated -W ignore:easy_install command is deprecated setup.py develop --editable --build-directory /mnt/c/Users/samla/Desktop/StalkerProject/stalker_ros/build/stalker/build --no-deps symlink_data
[3.353s] INFO:colcon.colcon_core.shell:Creating environment descriptor '/mnt/c/Users/samla/Desktop/StalkerProject/stalker_ros/build/stalker/share/stalker/hook/pythonpath_develop.dsv'
[3.365s] INFO:colcon.colcon_core.shell:Creating environment hook '/mnt/c/Users/samla/Desktop/StalkerProject/stalker_ros/build/stalker/share/stalker/hook/pythonpath_develop.sh'
[3.385s] Level 1:colcon.colcon_core.environment:checking '/mnt/c/Users/samla/Desktop/StalkerProject/stalker_ros/install/stalker' for CMake module files
[3.427s] Level 1:colcon.colcon_core.environment:checking '/mnt/c/Users/samla/Desktop/StalkerProject/stalker_ros/install/stalker' for CMake config files
[3.491s] Level 1:colcon.colcon_core.environment:checking '/mnt/c/Users/samla/Desktop/StalkerProject/stalker_ros/install/stalker/lib'
[3.495s] Level 1:colcon.colcon_core.environment:checking '/mnt/c/Users/samla/Desktop/StalkerProject/stalker_ros/install/stalker/bin'
[3.497s] Level 1:colcon.colcon_core.environment:checking '/mnt/c/Users/samla/Desktop/StalkerProject/stalker_ros/install/stalker/lib/pkgconfig/stalker.pc'
[3.498s] Level 1:colcon.colcon_core.environment:checking '/mnt/c/Users/samla/Desktop/StalkerProject/stalker_ros/install/stalker/lib/python3.10/site-packages'
[3.501s] Level 1:colcon.colcon_core.shell:create_environment_hook('stalker', 'pythonpath')
[3.502s] INFO:colcon.colcon_core.shell:Creating environment hook '/mnt/c/Users/samla/Desktop/StalkerProject/stalker_ros/install/stalker/share/stalker/hook/pythonpath.ps1'
[3.515s] INFO:colcon.colcon_core.shell:Creating environment descriptor '/mnt/c/Users/samla/Desktop/StalkerProject/stalker_ros/install/stalker/share/stalker/hook/pythonpath.dsv'
[3.529s] INFO:colcon.colcon_core.shell:Creating environment hook '/mnt/c/Users/samla/Desktop/StalkerProject/stalker_ros/install/stalker/share/stalker/hook/pythonpath.sh'
[3.543s] Level 1:colcon.colcon_core.environment:checking '/mnt/c/Users/samla/Desktop/StalkerProject/stalker_ros/install/stalker/bin'
[3.544s] Level 1:colcon.colcon_core.environment:create_environment_scripts_only(stalker)
[3.544s] INFO:colcon.colcon_core.shell:Creating package script '/mnt/c/Users/samla/Desktop/StalkerProject/stalker_ros/install/stalker/share/stalker/package.ps1'
[3.556s] INFO:colcon.colcon_core.shell:Creating package descriptor '/mnt/c/Users/samla/Desktop/StalkerProject/stalker_ros/install/stalker/share/stalker/package.dsv'
[3.567s] INFO:colcon.colcon_core.shell:Creating package script '/mnt/c/Users/samla/Desktop/StalkerProject/stalker_ros/install/stalker/share/stalker/package.sh'
[3.579s] INFO:colcon.colcon_core.shell:Creating package script '/mnt/c/Users/samla/Desktop/StalkerProject/stalker_ros/install/stalker/share/stalker/package.bash'
[3.591s] INFO:colcon.colcon_core.shell:Creating package script '/mnt/c/Users/samla/Desktop/StalkerProject/stalker_ros/install/stalker/share/stalker/package.zsh'
[3.603s] Level 1:colcon.colcon_core.environment:create_file_with_runtime_dependencies(/mnt/c/Users/samla/Desktop/StalkerProject/stalker_ros/install/stalker/share/colcon-core/packages/stalker)
[3.612s] DEBUG:colcon.colcon_parallel_executor.executor.parallel:closing loop
[3.613s] DEBUG:colcon.colcon_parallel_executor.executor.parallel:loop closed
[3.613s] DEBUG:colcon.colcon_parallel_executor.executor.parallel:run_until_complete finished with '0'
[3.613s] DEBUG:colcon.colcon_core.event_reactor:joining thread
[3.671s] INFO:colcon.colcon_core.plugin_system:Skipping extension 'colcon_notification.desktop_notification.notify_send': Could not find 'notify-send'
[3.671s] INFO:colcon.colcon_core.plugin_system:Skipping extension 'colcon_notification.desktop_notification.terminal_notifier': Not used on non-Darwin systems
[3.672s] INFO:colcon.colcon_core.plugin_system:Skipping extension 'colcon_notification.desktop_notification.win32': Not used on non-Windows systems
[3.672s] INFO:colcon.colcon_notification.desktop_notification:Sending desktop notification using 'notify2'
[3.672s] DEBUG:colcon.colcon_notification.desktop_notification.notify2:Failed to initialize notify2: org.freedesktop.DBus.Error.FileNotFound: Failed to connect to socket /run/user/1000/bus: No such file or directory
[3.672s] DEBUG:colcon.colcon_core.event_reactor:joined thread
[3.673s] INFO:colcon.colcon_core.shell:Creating prefix script '/mnt/c/Users/samla/Desktop/StalkerProject/stalker_ros/install/local_setup.ps1'
[3.678s] INFO:colcon.colcon_core.shell:Creating prefix util module '/mnt/c/Users/samla/Desktop/StalkerProject/stalker_ros/install/_local_setup_util_ps1.py'
[3.683s] INFO:colcon.colcon_core.shell:Creating prefix chain script '/mnt/c/Users/samla/Desktop/StalkerProject/stalker_ros/install/setup.ps1'
[3.688s] INFO:colcon.colcon_core.shell:Creating prefix script '/mnt/c/Users/samla/Desktop/StalkerProject/stalker_ros/install/local_setup.sh'
[3.693s] INFO:colcon.colcon_core.shell:Creating prefix util module '/mnt/c/Users/samla/Desktop/StalkerProject/stalker_ros/install/_local_setup_util_sh.py'
[3.698s] INFO:colcon.colcon_core.shell:Creating prefix chain script '/mnt/c/Users/samla/Desktop/StalkerProject/stalker_ros/install/setup.sh'
[3.703s] INFO:colcon.colcon_core.shell:Creating prefix script '/mnt/c/Users/samla/Desktop/StalkerProject/stalker_ros/install/local_setup.bash'
[3.708s] INFO:colcon.colcon_core.shell:Creating prefix chain script '/mnt/c/Users/samla/Desktop/StalkerProject/stalker_ros/install/setup.bash'
[3.713s] INFO:colcon.colcon_core.shell:Creating prefix script '/mnt/c/Users/samla/Desktop/StalkerProject/stalker_ros/install/local_setup.zsh'
[3.718s] INFO:colcon.colcon_core.shell:Creating prefix chain script '/mnt/c/Users/samla/Desktop/StalkerProject/stalker_ros/install/setup.zsh'
