[2.009s] Invoking command in '/home/sam/stalkerProject/StalkerProject/build/stalker': PYTHONPATH=/home/sam/stalkerProject/StalkerProject/build/stalker/prefix_override:/usr/lib/python3/dist-packages/colcon_core/task/python/colcon_distutils_commands:/home/sam/stalkerProject/StalkerProject/install/stalker/lib/python3.10/site-packages:${PYTHONPATH} /usr/bin/python3 -W ignore:setup.py install is deprecated -W ignore:easy_install command is deprecated setup.py develop --editable --build-directory /home/sam/stalkerProject/StalkerProject/build/stalker/build --no-deps symlink_data
[2.795s] running develop
[3.368s] running egg_info
[3.408s] creating stalker.egg-info
[3.408s] writing stalker.egg-info/PKG-INFO
[3.408s] writing dependency_links to stalker.egg-info/dependency_links.txt
[3.409s] writing entry points to stalker.egg-info/entry_points.txt
[3.409s] writing requirements to stalker.egg-info/requires.txt
[3.409s] writing top-level names to stalker.egg-info/top_level.txt
[3.409s] writing manifest file 'stalker.egg-info/SOURCES.txt'
[3.487s] reading manifest file 'stalker.egg-info/SOURCES.txt'
[3.488s] writing manifest file 'stalker.egg-info/SOURCES.txt'
[3.546s] running build_ext
[3.546s] Creating /home/sam/stalkerProject/StalkerProject/install/stalker/lib/python3.10/site-packages/stalker.egg-link (link to .)
[3.546s] Installing cloud_reader script to /home/sam/stalkerProject/StalkerProject/install/stalker/lib/stalker
[3.547s] 
[3.547s] Installed /home/sam/stalkerProject/StalkerProject/build/stalker
[3.547s] running symlink_data
[3.547s] creating /home/sam/stalkerProject/StalkerProject/install/stalker/share/ament_index/resource_index/packages
[3.547s] symbolically linking /home/sam/stalkerProject/StalkerProject/build/stalker/resource/stalker -> /home/sam/stalkerProject/StalkerProject/install/stalker/share/ament_index/resource_index/packages
[3.547s] symbolically linking /home/sam/stalkerProject/StalkerProject/build/stalker/package.xml -> /home/sam/stalkerProject/StalkerProject/install/stalker/share/stalker
[3.613s] Invoked command in '/home/sam/stalkerProject/StalkerProject/build/stalker' returned '0': PYTHONPATH=/home/sam/stalkerProject/StalkerProject/build/stalker/prefix_override:/usr/lib/python3/dist-packages/colcon_core/task/python/colcon_distutils_commands:/home/sam/stalkerProject/StalkerProject/install/stalker/lib/python3.10/site-packages:${PYTHONPATH} /usr/bin/python3 -W ignore:setup.py install is deprecated -W ignore:easy_install command is deprecated setup.py develop --editable --build-directory /home/sam/stalkerProject/StalkerProject/build/stalker/build --no-deps symlink_data
