[0.146s] DEBUG:colcon:Command line arguments: ['/usr/bin/colcon', 'build', '--packages-select', '3d_lidar']
[0.146s] DEBUG:colcon:Parsed command line arguments: Namespace(log_base=None, log_level=None, verb_name='build', build_base='build', install_base='install', merge_install=False, symlink_install=False, test_result_base=None, continue_on_error=False, executor='parallel', parallel_workers=4, event_handlers=None, ignore_user_meta=False, metas=['./colcon.meta'], base_paths=['.'], packages_ignore=None, packages_ignore_regex=None, paths=None, packages_up_to=None, packages_up_to_regex=None, packages_above=None, packages_above_and_dependencies=None, packages_above_depth=None, packages_select_by_dep=None, packages_skip_by_dep=None, packages_skip_up_to=None, packages_select_build_failed=False, packages_skip_build_finished=False, packages_select_test_failures=False, packages_skip_test_passed=False, packages_select=['3d_lidar'], packages_skip=None, packages_select_regex=None, packages_skip_regex=None, packages_start=None, packages_end=None, allow_overriding=[], cmake_args=None, cmake_target=None, cmake_target_skip_unavailable=False, cmake_clean_cache=False, cmake_clean_first=False, cmake_force_configure=False, ament_cmake_args=None, catkin_cmake_args=None, catkin_skip_building_tests=False, verb_parser=<colcon_defaults.argument_parser.defaults.DefaultArgumentsDecorator object at 0x769295c78bb0>, verb_extension=<colcon_core.verb.build.BuildVerb object at 0x769295c786a0>, main=<bound method BuildVerb.main of <colcon_core.verb.build.BuildVerb object at 0x769295c786a0>>)
[0.208s] Level 1:colcon.colcon_core.package_discovery:discover_packages(colcon_meta) check parameters
[0.208s] Level 1:colcon.colcon_core.package_discovery:discover_packages(recursive) check parameters
[0.208s] Level 1:colcon.colcon_core.package_discovery:discover_packages(ignore) check parameters
[0.209s] Level 1:colcon.colcon_core.package_discovery:discover_packages(path) check parameters
[0.209s] Level 1:colcon.colcon_core.package_discovery:discover_packages(colcon_meta) discover
[0.209s] Level 1:colcon.colcon_core.package_discovery:discover_packages(recursive) discover
[0.209s] INFO:colcon.colcon_core.package_discovery:Crawling recursively for packages in '/home/sam/stalkerProject/StalkerProject'
[0.209s] Level 1:colcon.colcon_core.package_identification:_identify(.) by extensions ['ignore', 'ignore_ament_install']
[0.209s] Level 1:colcon.colcon_core.package_identification:_identify(.) by extension 'ignore'
[0.209s] Level 1:colcon.colcon_core.package_identification:_identify(.) by extension 'ignore_ament_install'
[0.209s] Level 1:colcon.colcon_core.package_identification:_identify(.) by extensions ['colcon_pkg']
[0.209s] Level 1:colcon.colcon_core.package_identification:_identify(.) by extension 'colcon_pkg'
[0.209s] Level 1:colcon.colcon_core.package_identification:_identify(.) by extensions ['colcon_meta']
[0.209s] Level 1:colcon.colcon_core.package_identification:_identify(.) by extension 'colcon_meta'
[0.210s] Level 1:colcon.colcon_core.package_identification:_identify(.) by extensions ['ros']
[0.210s] Level 1:colcon.colcon_core.package_identification:_identify(.) by extension 'ros'
[0.235s] Level 1:colcon.colcon_core.package_identification:_identify(.) by extensions ['cmake', 'python']
[0.235s] Level 1:colcon.colcon_core.package_identification:_identify(.) by extension 'cmake'
[0.235s] Level 1:colcon.colcon_core.package_identification:_identify(.) by extension 'python'
[0.235s] Level 1:colcon.colcon_core.package_identification:_identify(.) by extensions ['python_setup_py']
[0.235s] Level 1:colcon.colcon_core.package_identification:_identify(.) by extension 'python_setup_py'
[0.236s] Level 1:colcon.colcon_core.package_identification:_identify(PiLiDAR-main) by extensions ['ignore', 'ignore_ament_install']
[0.236s] Level 1:colcon.colcon_core.package_identification:_identify(PiLiDAR-main) by extension 'ignore'
[0.236s] Level 1:colcon.colcon_core.package_identification:_identify(PiLiDAR-main) by extension 'ignore_ament_install'
[0.236s] Level 1:colcon.colcon_core.package_identification:_identify(PiLiDAR-main) by extensions ['colcon_pkg']
[0.236s] Level 1:colcon.colcon_core.package_identification:_identify(PiLiDAR-main) by extension 'colcon_pkg'
[0.236s] Level 1:colcon.colcon_core.package_identification:_identify(PiLiDAR-main) by extensions ['colcon_meta']
[0.236s] Level 1:colcon.colcon_core.package_identification:_identify(PiLiDAR-main) by extension 'colcon_meta'
[0.236s] Level 1:colcon.colcon_core.package_identification:_identify(PiLiDAR-main) by extensions ['ros']
[0.236s] Level 1:colcon.colcon_core.package_identification:_identify(PiLiDAR-main) by extension 'ros'
[0.236s] Level 1:colcon.colcon_core.package_identification:_identify(PiLiDAR-main) by extensions ['cmake', 'python']
[0.236s] Level 1:colcon.colcon_core.package_identification:_identify(PiLiDAR-main) by extension 'cmake'
[0.236s] Level 1:colcon.colcon_core.package_identification:_identify(PiLiDAR-main) by extension 'python'
[0.236s] Level 1:colcon.colcon_core.package_identification:_identify(PiLiDAR-main) by extensions ['python_setup_py']
[0.237s] Level 1:colcon.colcon_core.package_identification:_identify(PiLiDAR-main) by extension 'python_setup_py'
[0.237s] Level 1:colcon.colcon_core.package_identification:_identify(PiLiDAR-main/PiLiDAR-main) by extensions ['ignore', 'ignore_ament_install']
[0.237s] Level 1:colcon.colcon_core.package_identification:_identify(PiLiDAR-main/PiLiDAR-main) by extension 'ignore'
[0.237s] Level 1:colcon.colcon_core.package_identification:_identify(PiLiDAR-main/PiLiDAR-main) by extension 'ignore_ament_install'
[0.237s] Level 1:colcon.colcon_core.package_identification:_identify(PiLiDAR-main/PiLiDAR-main) by extensions ['colcon_pkg']
[0.237s] Level 1:colcon.colcon_core.package_identification:_identify(PiLiDAR-main/PiLiDAR-main) by extension 'colcon_pkg'
[0.237s] Level 1:colcon.colcon_core.package_identification:_identify(PiLiDAR-main/PiLiDAR-main) by extensions ['colcon_meta']
[0.237s] Level 1:colcon.colcon_core.package_identification:_identify(PiLiDAR-main/PiLiDAR-main) by extension 'colcon_meta'
[0.237s] Level 1:colcon.colcon_core.package_identification:_identify(PiLiDAR-main/PiLiDAR-main) by extensions ['ros']
[0.237s] Level 1:colcon.colcon_core.package_identification:_identify(PiLiDAR-main/PiLiDAR-main) by extension 'ros'
[0.237s] Level 1:colcon.colcon_core.package_identification:_identify(PiLiDAR-main/PiLiDAR-main) by extensions ['cmake', 'python']
[0.238s] Level 1:colcon.colcon_core.package_identification:_identify(PiLiDAR-main/PiLiDAR-main) by extension 'cmake'
[0.238s] Level 1:colcon.colcon_core.package_identification:_identify(PiLiDAR-main/PiLiDAR-main) by extension 'python'
[0.238s] Level 1:colcon.colcon_core.package_identification:_identify(PiLiDAR-main/PiLiDAR-main) by extensions ['python_setup_py']
[0.238s] Level 1:colcon.colcon_core.package_identification:_identify(PiLiDAR-main/PiLiDAR-main) by extension 'python_setup_py'
[0.238s] Level 1:colcon.colcon_core.package_identification:_identify(PiLiDAR-main/PiLiDAR-main/hugin) by extensions ['ignore', 'ignore_ament_install']
[0.238s] Level 1:colcon.colcon_core.package_identification:_identify(PiLiDAR-main/PiLiDAR-main/hugin) by extension 'ignore'
[0.238s] Level 1:colcon.colcon_core.package_identification:_identify(PiLiDAR-main/PiLiDAR-main/hugin) by extension 'ignore_ament_install'
[0.238s] Level 1:colcon.colcon_core.package_identification:_identify(PiLiDAR-main/PiLiDAR-main/hugin) by extensions ['colcon_pkg']
[0.238s] Level 1:colcon.colcon_core.package_identification:_identify(PiLiDAR-main/PiLiDAR-main/hugin) by extension 'colcon_pkg'
[0.238s] Level 1:colcon.colcon_core.package_identification:_identify(PiLiDAR-main/PiLiDAR-main/hugin) by extensions ['colcon_meta']
[0.238s] Level 1:colcon.colcon_core.package_identification:_identify(PiLiDAR-main/PiLiDAR-main/hugin) by extension 'colcon_meta'
[0.238s] Level 1:colcon.colcon_core.package_identification:_identify(PiLiDAR-main/PiLiDAR-main/hugin) by extensions ['ros']
[0.238s] Level 1:colcon.colcon_core.package_identification:_identify(PiLiDAR-main/PiLiDAR-main/hugin) by extension 'ros'
[0.239s] Level 1:colcon.colcon_core.package_identification:_identify(PiLiDAR-main/PiLiDAR-main/hugin) by extensions ['cmake', 'python']
[0.239s] Level 1:colcon.colcon_core.package_identification:_identify(PiLiDAR-main/PiLiDAR-main/hugin) by extension 'cmake'
[0.239s] Level 1:colcon.colcon_core.package_identification:_identify(PiLiDAR-main/PiLiDAR-main/hugin) by extension 'python'
[0.239s] Level 1:colcon.colcon_core.package_identification:_identify(PiLiDAR-main/PiLiDAR-main/hugin) by extensions ['python_setup_py']
[0.239s] Level 1:colcon.colcon_core.package_identification:_identify(PiLiDAR-main/PiLiDAR-main/hugin) by extension 'python_setup_py'
[0.239s] Level 1:colcon.colcon_core.package_identification:_identify(PiLiDAR-main/PiLiDAR-main/images) by extensions ['ignore', 'ignore_ament_install']
[0.239s] Level 1:colcon.colcon_core.package_identification:_identify(PiLiDAR-main/PiLiDAR-main/images) by extension 'ignore'
[0.239s] Level 1:colcon.colcon_core.package_identification:_identify(PiLiDAR-main/PiLiDAR-main/images) by extension 'ignore_ament_install'
[0.239s] Level 1:colcon.colcon_core.package_identification:_identify(PiLiDAR-main/PiLiDAR-main/images) by extensions ['colcon_pkg']
[0.239s] Level 1:colcon.colcon_core.package_identification:_identify(PiLiDAR-main/PiLiDAR-main/images) by extension 'colcon_pkg'
[0.239s] Level 1:colcon.colcon_core.package_identification:_identify(PiLiDAR-main/PiLiDAR-main/images) by extensions ['colcon_meta']
[0.240s] Level 1:colcon.colcon_core.package_identification:_identify(PiLiDAR-main/PiLiDAR-main/images) by extension 'colcon_meta'
[0.240s] Level 1:colcon.colcon_core.package_identification:_identify(PiLiDAR-main/PiLiDAR-main/images) by extensions ['ros']
[0.240s] Level 1:colcon.colcon_core.package_identification:_identify(PiLiDAR-main/PiLiDAR-main/images) by extension 'ros'
[0.240s] Level 1:colcon.colcon_core.package_identification:_identify(PiLiDAR-main/PiLiDAR-main/images) by extensions ['cmake', 'python']
[0.240s] Level 1:colcon.colcon_core.package_identification:_identify(PiLiDAR-main/PiLiDAR-main/images) by extension 'cmake'
[0.240s] Level 1:colcon.colcon_core.package_identification:_identify(PiLiDAR-main/PiLiDAR-main/images) by extension 'python'
[0.240s] Level 1:colcon.colcon_core.package_identification:_identify(PiLiDAR-main/PiLiDAR-main/images) by extensions ['python_setup_py']
[0.240s] Level 1:colcon.colcon_core.package_identification:_identify(PiLiDAR-main/PiLiDAR-main/images) by extension 'python_setup_py'
[0.240s] Level 1:colcon.colcon_core.package_identification:_identify(PiLiDAR-main/PiLiDAR-main/lib) by extensions ['ignore', 'ignore_ament_install']
[0.240s] Level 1:colcon.colcon_core.package_identification:_identify(PiLiDAR-main/PiLiDAR-main/lib) by extension 'ignore'
[0.240s] Level 1:colcon.colcon_core.package_identification:_identify(PiLiDAR-main/PiLiDAR-main/lib) by extension 'ignore_ament_install'
[0.241s] Level 1:colcon.colcon_core.package_identification:_identify(PiLiDAR-main/PiLiDAR-main/lib) by extensions ['colcon_pkg']
[0.241s] Level 1:colcon.colcon_core.package_identification:_identify(PiLiDAR-main/PiLiDAR-main/lib) by extension 'colcon_pkg'
[0.241s] Level 1:colcon.colcon_core.package_identification:_identify(PiLiDAR-main/PiLiDAR-main/lib) by extensions ['colcon_meta']
[0.241s] Level 1:colcon.colcon_core.package_identification:_identify(PiLiDAR-main/PiLiDAR-main/lib) by extension 'colcon_meta'
[0.241s] Level 1:colcon.colcon_core.package_identification:_identify(PiLiDAR-main/PiLiDAR-main/lib) by extensions ['ros']
[0.241s] Level 1:colcon.colcon_core.package_identification:_identify(PiLiDAR-main/PiLiDAR-main/lib) by extension 'ros'
[0.241s] Level 1:colcon.colcon_core.package_identification:_identify(PiLiDAR-main/PiLiDAR-main/lib) by extensions ['cmake', 'python']
[0.241s] Level 1:colcon.colcon_core.package_identification:_identify(PiLiDAR-main/PiLiDAR-main/lib) by extension 'cmake'
[0.241s] Level 1:colcon.colcon_core.package_identification:_identify(PiLiDAR-main/PiLiDAR-main/lib) by extension 'python'
[0.241s] Level 1:colcon.colcon_core.package_identification:_identify(PiLiDAR-main/PiLiDAR-main/lib) by extensions ['python_setup_py']
[0.241s] Level 1:colcon.colcon_core.package_identification:_identify(PiLiDAR-main/PiLiDAR-main/lib) by extension 'python_setup_py'
[0.241s] Level 1:colcon.colcon_core.package_identification:_identify(PiLiDAR-main/PiLiDAR-main/meshlab) by extensions ['ignore', 'ignore_ament_install']
[0.242s] Level 1:colcon.colcon_core.package_identification:_identify(PiLiDAR-main/PiLiDAR-main/meshlab) by extension 'ignore'
[0.242s] Level 1:colcon.colcon_core.package_identification:_identify(PiLiDAR-main/PiLiDAR-main/meshlab) by extension 'ignore_ament_install'
[0.242s] Level 1:colcon.colcon_core.package_identification:_identify(PiLiDAR-main/PiLiDAR-main/meshlab) by extensions ['colcon_pkg']
[0.242s] Level 1:colcon.colcon_core.package_identification:_identify(PiLiDAR-main/PiLiDAR-main/meshlab) by extension 'colcon_pkg'
[0.242s] Level 1:colcon.colcon_core.package_identification:_identify(PiLiDAR-main/PiLiDAR-main/meshlab) by extensions ['colcon_meta']
[0.242s] Level 1:colcon.colcon_core.package_identification:_identify(PiLiDAR-main/PiLiDAR-main/meshlab) by extension 'colcon_meta'
[0.242s] Level 1:colcon.colcon_core.package_identification:_identify(PiLiDAR-main/PiLiDAR-main/meshlab) by extensions ['ros']
[0.242s] Level 1:colcon.colcon_core.package_identification:_identify(PiLiDAR-main/PiLiDAR-main/meshlab) by extension 'ros'
[0.242s] Level 1:colcon.colcon_core.package_identification:_identify(PiLiDAR-main/PiLiDAR-main/meshlab) by extensions ['cmake', 'python']
[0.242s] Level 1:colcon.colcon_core.package_identification:_identify(PiLiDAR-main/PiLiDAR-main/meshlab) by extension 'cmake'
[0.242s] Level 1:colcon.colcon_core.package_identification:_identify(PiLiDAR-main/PiLiDAR-main/meshlab) by extension 'python'
[0.242s] Level 1:colcon.colcon_core.package_identification:_identify(PiLiDAR-main/PiLiDAR-main/meshlab) by extensions ['python_setup_py']
[0.242s] Level 1:colcon.colcon_core.package_identification:_identify(PiLiDAR-main/PiLiDAR-main/meshlab) by extension 'python_setup_py'
[0.243s] Level 1:colcon.colcon_core.package_identification:_identify(build) by extensions ['ignore', 'ignore_ament_install']
[0.243s] Level 1:colcon.colcon_core.package_identification:_identify(build) by extension 'ignore'
[0.243s] Level 1:colcon.colcon_core.package_identification:_identify(build) ignored
[0.243s] Level 1:colcon.colcon_core.package_identification:_identify(install) by extensions ['ignore', 'ignore_ament_install']
[0.243s] Level 1:colcon.colcon_core.package_identification:_identify(install) by extension 'ignore'
[0.243s] Level 1:colcon.colcon_core.package_identification:_identify(install) ignored
[0.243s] Level 1:colcon.colcon_core.package_identification:_identify(log) by extensions ['ignore', 'ignore_ament_install']
[0.243s] Level 1:colcon.colcon_core.package_identification:_identify(log) by extension 'ignore'
[0.244s] Level 1:colcon.colcon_core.package_identification:_identify(log) ignored
[0.244s] Level 1:colcon.colcon_core.package_identification:_identify(model) by extensions ['ignore', 'ignore_ament_install']
[0.244s] Level 1:colcon.colcon_core.package_identification:_identify(model) by extension 'ignore'
[0.244s] Level 1:colcon.colcon_core.package_identification:_identify(model) by extension 'ignore_ament_install'
[0.244s] Level 1:colcon.colcon_core.package_identification:_identify(model) by extensions ['colcon_pkg']
[0.244s] Level 1:colcon.colcon_core.package_identification:_identify(model) by extension 'colcon_pkg'
[0.244s] Level 1:colcon.colcon_core.package_identification:_identify(model) by extensions ['colcon_meta']
[0.244s] Level 1:colcon.colcon_core.package_identification:_identify(model) by extension 'colcon_meta'
[0.244s] Level 1:colcon.colcon_core.package_identification:_identify(model) by extensions ['ros']
[0.244s] Level 1:colcon.colcon_core.package_identification:_identify(model) by extension 'ros'
[0.244s] Level 1:colcon.colcon_core.package_identification:_identify(model) by extensions ['cmake', 'python']
[0.244s] Level 1:colcon.colcon_core.package_identification:_identify(model) by extension 'cmake'
[0.244s] Level 1:colcon.colcon_core.package_identification:_identify(model) by extension 'python'
[0.245s] Level 1:colcon.colcon_core.package_identification:_identify(model) by extensions ['python_setup_py']
[0.245s] Level 1:colcon.colcon_core.package_identification:_identify(model) by extension 'python_setup_py'
[0.245s] Level 1:colcon.colcon_core.package_identification:_identify(model/meshes) by extensions ['ignore', 'ignore_ament_install']
[0.245s] Level 1:colcon.colcon_core.package_identification:_identify(model/meshes) by extension 'ignore'
[0.245s] Level 1:colcon.colcon_core.package_identification:_identify(model/meshes) by extension 'ignore_ament_install'
[0.245s] Level 1:colcon.colcon_core.package_identification:_identify(model/meshes) by extensions ['colcon_pkg']
[0.245s] Level 1:colcon.colcon_core.package_identification:_identify(model/meshes) by extension 'colcon_pkg'
[0.245s] Level 1:colcon.colcon_core.package_identification:_identify(model/meshes) by extensions ['colcon_meta']
[0.245s] Level 1:colcon.colcon_core.package_identification:_identify(model/meshes) by extension 'colcon_meta'
[0.245s] Level 1:colcon.colcon_core.package_identification:_identify(model/meshes) by extensions ['ros']
[0.245s] Level 1:colcon.colcon_core.package_identification:_identify(model/meshes) by extension 'ros'
[0.245s] Level 1:colcon.colcon_core.package_identification:_identify(model/meshes) by extensions ['cmake', 'python']
[0.245s] Level 1:colcon.colcon_core.package_identification:_identify(model/meshes) by extension 'cmake'
[0.246s] Level 1:colcon.colcon_core.package_identification:_identify(model/meshes) by extension 'python'
[0.246s] Level 1:colcon.colcon_core.package_identification:_identify(model/meshes) by extensions ['python_setup_py']
[0.246s] Level 1:colcon.colcon_core.package_identification:_identify(model/meshes) by extension 'python_setup_py'
[0.246s] Level 1:colcon.colcon_core.package_identification:_identify(src) by extensions ['ignore', 'ignore_ament_install']
[0.246s] Level 1:colcon.colcon_core.package_identification:_identify(src) by extension 'ignore'
[0.246s] Level 1:colcon.colcon_core.package_identification:_identify(src) by extension 'ignore_ament_install'
[0.246s] Level 1:colcon.colcon_core.package_identification:_identify(src) by extensions ['colcon_pkg']
[0.246s] Level 1:colcon.colcon_core.package_identification:_identify(src) by extension 'colcon_pkg'
[0.246s] Level 1:colcon.colcon_core.package_identification:_identify(src) by extensions ['colcon_meta']
[0.246s] Level 1:colcon.colcon_core.package_identification:_identify(src) by extension 'colcon_meta'
[0.246s] Level 1:colcon.colcon_core.package_identification:_identify(src) by extensions ['ros']
[0.246s] Level 1:colcon.colcon_core.package_identification:_identify(src) by extension 'ros'
[0.246s] Level 1:colcon.colcon_core.package_identification:_identify(src) by extensions ['cmake', 'python']
[0.247s] Level 1:colcon.colcon_core.package_identification:_identify(src) by extension 'cmake'
[0.247s] Level 1:colcon.colcon_core.package_identification:_identify(src) by extension 'python'
[0.247s] Level 1:colcon.colcon_core.package_identification:_identify(src) by extensions ['python_setup_py']
[0.247s] Level 1:colcon.colcon_core.package_identification:_identify(src) by extension 'python_setup_py'
[0.247s] Level 1:colcon.colcon_core.package_identification:_identify(src/3d_lidar) by extensions ['ignore', 'ignore_ament_install']
[0.247s] Level 1:colcon.colcon_core.package_identification:_identify(src/3d_lidar) by extension 'ignore'
[0.247s] Level 1:colcon.colcon_core.package_identification:_identify(src/3d_lidar) by extension 'ignore_ament_install'
[0.247s] Level 1:colcon.colcon_core.package_identification:_identify(src/3d_lidar) by extensions ['colcon_pkg']
[0.247s] Level 1:colcon.colcon_core.package_identification:_identify(src/3d_lidar) by extension 'colcon_pkg'
[0.247s] Level 1:colcon.colcon_core.package_identification:_identify(src/3d_lidar) by extensions ['colcon_meta']
[0.247s] Level 1:colcon.colcon_core.package_identification:_identify(src/3d_lidar) by extension 'colcon_meta'
[0.247s] Level 1:colcon.colcon_core.package_identification:_identify(src/3d_lidar) by extensions ['ros']
[0.247s] Level 1:colcon.colcon_core.package_identification:_identify(src/3d_lidar) by extension 'ros'
[0.253s] DEBUG:colcon.colcon_core.package_identification:Package 'src/3d_lidar' with type 'ros.ament_python' and name '3d_lidar'
[0.253s] Level 1:colcon.colcon_core.package_discovery:discover_packages(recursive) using defaults
[0.253s] Level 1:colcon.colcon_core.package_discovery:discover_packages(ignore) discover
[0.253s] Level 1:colcon.colcon_core.package_discovery:discover_packages(ignore) using defaults
[0.253s] Level 1:colcon.colcon_core.package_discovery:discover_packages(path) discover
[0.253s] Level 1:colcon.colcon_core.package_discovery:discover_packages(path) using defaults
[0.287s] Level 1:colcon.colcon_core.package_discovery:discover_packages(prefix_path) check parameters
[0.287s] Level 1:colcon.colcon_core.package_discovery:discover_packages(prefix_path) discover
[0.290s] DEBUG:colcon.colcon_installed_package_information.package_discovery:Found 473 installed packages in /opt/ros/humble
[0.294s] Level 1:colcon.colcon_core.package_discovery:discover_packages(prefix_path) using defaults
[0.378s] Level 5:colcon.colcon_core.verb:set package '3d_lidar' build argument 'cmake_args' from command line to 'None'
[0.378s] Level 5:colcon.colcon_core.verb:set package '3d_lidar' build argument 'cmake_target' from command line to 'None'
[0.378s] Level 5:colcon.colcon_core.verb:set package '3d_lidar' build argument 'cmake_target_skip_unavailable' from command line to 'False'
[0.378s] Level 5:colcon.colcon_core.verb:set package '3d_lidar' build argument 'cmake_clean_cache' from command line to 'False'
[0.378s] Level 5:colcon.colcon_core.verb:set package '3d_lidar' build argument 'cmake_clean_first' from command line to 'False'
[0.378s] Level 5:colcon.colcon_core.verb:set package '3d_lidar' build argument 'cmake_force_configure' from command line to 'False'
[0.378s] Level 5:colcon.colcon_core.verb:set package '3d_lidar' build argument 'ament_cmake_args' from command line to 'None'
[0.378s] Level 5:colcon.colcon_core.verb:set package '3d_lidar' build argument 'catkin_cmake_args' from command line to 'None'
[0.378s] Level 5:colcon.colcon_core.verb:set package '3d_lidar' build argument 'catkin_skip_building_tests' from command line to 'False'
[0.378s] DEBUG:colcon.colcon_core.verb:Building package '3d_lidar' with the following arguments: {'ament_cmake_args': None, 'build_base': '/home/sam/stalkerProject/StalkerProject/build/3d_lidar', 'catkin_cmake_args': None, 'catkin_skip_building_tests': False, 'cmake_args': None, 'cmake_clean_cache': False, 'cmake_clean_first': False, 'cmake_force_configure': False, 'cmake_target': None, 'cmake_target_skip_unavailable': False, 'install_base': '/home/sam/stalkerProject/StalkerProject/install/3d_lidar', 'merge_install': False, 'path': '/home/sam/stalkerProject/StalkerProject/src/3d_lidar', 'symlink_install': False, 'test_result_base': None}
[0.379s] INFO:colcon.colcon_core.executor:Executing jobs using 'parallel' executor
[0.380s] DEBUG:colcon.colcon_parallel_executor.executor.parallel:run_until_complete
[0.380s] INFO:colcon.colcon_ros.task.ament_python.build:Building ROS package in '/home/sam/stalkerProject/StalkerProject/src/3d_lidar' with build type 'ament_python'
[0.380s] Level 1:colcon.colcon_core.shell:create_environment_hook('3d_lidar', 'ament_prefix_path')
[0.383s] INFO:colcon.colcon_core.plugin_system:Skipping extension 'colcon_core.shell.bat': Not used on non-Windows systems
[0.383s] INFO:colcon.colcon_core.shell:Creating environment hook '/home/sam/stalkerProject/StalkerProject/install/3d_lidar/share/3d_lidar/hook/ament_prefix_path.ps1'
[0.384s] INFO:colcon.colcon_core.shell:Creating environment descriptor '/home/sam/stalkerProject/StalkerProject/install/3d_lidar/share/3d_lidar/hook/ament_prefix_path.dsv'
[0.384s] INFO:colcon.colcon_core.shell:Creating environment hook '/home/sam/stalkerProject/StalkerProject/install/3d_lidar/share/3d_lidar/hook/ament_prefix_path.sh'
[0.386s] INFO:colcon.colcon_core.shell:Skip shell extension 'powershell' for command environment: Not usable outside of PowerShell
[0.386s] DEBUG:colcon.colcon_core.shell:Skip shell extension 'dsv' for command environment
[0.691s] INFO:colcon.colcon_core.task.python.build:Building Python package in '/home/sam/stalkerProject/StalkerProject/src/3d_lidar'
[0.691s] INFO:colcon.colcon_core.shell:Skip shell extension 'powershell' for command environment: Not usable outside of PowerShell
[0.691s] DEBUG:colcon.colcon_core.shell:Skip shell extension 'dsv' for command environment
[1.548s] DEBUG:colcon.colcon_core.event_handler.log_command:Invoking command in '/home/sam/stalkerProject/StalkerProject/src/3d_lidar': PYTHONPATH=/home/sam/stalkerProject/StalkerProject/build/3d_lidar/prefix_override:/usr/lib/python3/dist-packages/colcon_core/task/python/colcon_distutils_commands:/home/sam/stalkerProject/StalkerProject/install/3d_lidar/lib/python3.10/site-packages:${PYTHONPATH} /usr/bin/python3 -W ignore:setup.py install is deprecated -W ignore:easy_install command is deprecated setup.py egg_info --egg-base ../../build/3d_lidar build --build-base /home/sam/stalkerProject/StalkerProject/build/3d_lidar/build install --record /home/sam/stalkerProject/StalkerProject/build/3d_lidar/install.log --single-version-externally-managed install_data
[2.467s] DEBUG:colcon.colcon_core.event_handler.log_command:Invoked command in '/home/sam/stalkerProject/StalkerProject/src/3d_lidar' returned '0': PYTHONPATH=/home/sam/stalkerProject/StalkerProject/build/3d_lidar/prefix_override:/usr/lib/python3/dist-packages/colcon_core/task/python/colcon_distutils_commands:/home/sam/stalkerProject/StalkerProject/install/3d_lidar/lib/python3.10/site-packages:${PYTHONPATH} /usr/bin/python3 -W ignore:setup.py install is deprecated -W ignore:easy_install command is deprecated setup.py egg_info --egg-base ../../build/3d_lidar build --build-base /home/sam/stalkerProject/StalkerProject/build/3d_lidar/build install --record /home/sam/stalkerProject/StalkerProject/build/3d_lidar/install.log --single-version-externally-managed install_data
[2.469s] Level 1:colcon.colcon_core.environment:checking '/home/sam/stalkerProject/StalkerProject/install/3d_lidar' for CMake module files
[2.469s] Level 1:colcon.colcon_core.environment:checking '/home/sam/stalkerProject/StalkerProject/install/3d_lidar' for CMake config files
[2.470s] Level 1:colcon.colcon_core.environment:checking '/home/sam/stalkerProject/StalkerProject/install/3d_lidar/lib'
[2.471s] Level 1:colcon.colcon_core.environment:checking '/home/sam/stalkerProject/StalkerProject/install/3d_lidar/bin'
[2.471s] Level 1:colcon.colcon_core.environment:checking '/home/sam/stalkerProject/StalkerProject/install/3d_lidar/lib/pkgconfig/3d_lidar.pc'
[2.471s] Level 1:colcon.colcon_core.environment:checking '/home/sam/stalkerProject/StalkerProject/install/3d_lidar/lib/python3.10/site-packages'
[2.471s] Level 1:colcon.colcon_core.shell:create_environment_hook('3d_lidar', 'pythonpath')
[2.471s] INFO:colcon.colcon_core.shell:Creating environment hook '/home/sam/stalkerProject/StalkerProject/install/3d_lidar/share/3d_lidar/hook/pythonpath.ps1'
[2.472s] INFO:colcon.colcon_core.shell:Creating environment descriptor '/home/sam/stalkerProject/StalkerProject/install/3d_lidar/share/3d_lidar/hook/pythonpath.dsv'
[2.473s] INFO:colcon.colcon_core.shell:Creating environment hook '/home/sam/stalkerProject/StalkerProject/install/3d_lidar/share/3d_lidar/hook/pythonpath.sh'
[2.474s] Level 1:colcon.colcon_core.environment:checking '/home/sam/stalkerProject/StalkerProject/install/3d_lidar/bin'
[2.474s] Level 1:colcon.colcon_core.environment:create_environment_scripts_only(3d_lidar)
[2.474s] INFO:colcon.colcon_core.shell:Creating package script '/home/sam/stalkerProject/StalkerProject/install/3d_lidar/share/3d_lidar/package.ps1'
[2.475s] INFO:colcon.colcon_core.shell:Creating package descriptor '/home/sam/stalkerProject/StalkerProject/install/3d_lidar/share/3d_lidar/package.dsv'
[2.476s] INFO:colcon.colcon_core.shell:Creating package script '/home/sam/stalkerProject/StalkerProject/install/3d_lidar/share/3d_lidar/package.sh'
[2.477s] INFO:colcon.colcon_core.shell:Creating package script '/home/sam/stalkerProject/StalkerProject/install/3d_lidar/share/3d_lidar/package.bash'
[2.478s] INFO:colcon.colcon_core.shell:Creating package script '/home/sam/stalkerProject/StalkerProject/install/3d_lidar/share/3d_lidar/package.zsh'
[2.479s] Level 1:colcon.colcon_core.environment:create_file_with_runtime_dependencies(/home/sam/stalkerProject/StalkerProject/install/3d_lidar/share/colcon-core/packages/3d_lidar)
[2.480s] DEBUG:colcon.colcon_parallel_executor.executor.parallel:closing loop
[2.480s] DEBUG:colcon.colcon_parallel_executor.executor.parallel:loop closed
[2.480s] DEBUG:colcon.colcon_parallel_executor.executor.parallel:run_until_complete finished with '0'
[2.480s] DEBUG:colcon.colcon_core.event_reactor:joining thread
[2.488s] INFO:colcon.colcon_core.plugin_system:Skipping extension 'colcon_notification.desktop_notification.terminal_notifier': Not used on non-Darwin systems
[2.488s] INFO:colcon.colcon_core.plugin_system:Skipping extension 'colcon_notification.desktop_notification.win32': Not used on non-Windows systems
[2.488s] INFO:colcon.colcon_notification.desktop_notification:Sending desktop notification using 'notify2'
[2.503s] DEBUG:colcon.colcon_core.event_reactor:joined thread
[2.504s] INFO:colcon.colcon_core.shell:Creating prefix script '/home/sam/stalkerProject/StalkerProject/install/local_setup.ps1'
[2.505s] INFO:colcon.colcon_core.shell:Creating prefix util module '/home/sam/stalkerProject/StalkerProject/install/_local_setup_util_ps1.py'
[2.508s] INFO:colcon.colcon_core.shell:Creating prefix chain script '/home/sam/stalkerProject/StalkerProject/install/setup.ps1'
[2.510s] INFO:colcon.colcon_core.shell:Creating prefix script '/home/sam/stalkerProject/StalkerProject/install/local_setup.sh'
[2.511s] INFO:colcon.colcon_core.shell:Creating prefix util module '/home/sam/stalkerProject/StalkerProject/install/_local_setup_util_sh.py'
[2.511s] INFO:colcon.colcon_core.shell:Creating prefix chain script '/home/sam/stalkerProject/StalkerProject/install/setup.sh'
[2.513s] INFO:colcon.colcon_core.shell:Creating prefix script '/home/sam/stalkerProject/StalkerProject/install/local_setup.bash'
[2.514s] INFO:colcon.colcon_core.shell:Creating prefix chain script '/home/sam/stalkerProject/StalkerProject/install/setup.bash'
[2.515s] INFO:colcon.colcon_core.shell:Creating prefix script '/home/sam/stalkerProject/StalkerProject/install/local_setup.zsh'
[2.516s] INFO:colcon.colcon_core.shell:Creating prefix chain script '/home/sam/stalkerProject/StalkerProject/install/setup.zsh'
