[0.351s] Invoking command in '/home/sam/stalkerProject/StalkerProject/build/ldlidar_stl_ros2': CMAKE_PREFIX_PATH=/home/sam/stalkerProject/StalkerProject/install/3d_lidar:/opt/ros/humble /usr/bin/cmake /home/sam/stalkerProject/StalkerProject/src/ldlidar_stl_ros2 -DAMENT_CMAKE_SYMLINK_INSTALL=1 -DCMAKE_INSTALL_PREFIX=/home/sam/stalkerProject/StalkerProject/install/ldlidar_stl_ros2
[0.574s] -- The C compiler identification is GNU 11.4.0
[0.708s] -- The CXX compiler identification is GNU 11.4.0
[0.723s] -- Detecting C compiler ABI info
[0.809s] -- Detecting C compiler ABI info - done
[0.821s] -- Check for working C compiler: /usr/bin/cc - skipped
[0.822s] -- Detecting C compile features
[0.823s] -- Detecting C compile features - done
[0.830s] -- Detecting CXX compiler ABI info
[0.922s] -- Detecting CXX compiler ABI info - done
[0.935s] -- Check for working CXX compiler: /usr/bin/c++ - skipped
[0.936s] -- Detecting CXX compile features
[0.937s] -- Detecting CXX compile features - done
[0.944s] -- Found ament_cmake: 1.3.14 (/opt/ros/humble/share/ament_cmake/cmake)
[1.454s] -- Found Python3: /usr/bin/python3 (found version "3.10.12") found components: Interpreter 
[1.553s] -- Override CMake install command with custom implementation using symlinks instead of copying resources
[1.613s] -- Found rclcpp: 16.0.18 (/opt/ros/humble/share/rclcpp/cmake)
[1.695s] -- Found rosidl_generator_c: 3.1.8 (/opt/ros/humble/share/rosidl_generator_c/cmake)
[1.704s] -- Found rosidl_adapter: 3.1.8 (/opt/ros/humble/share/rosidl_adapter/cmake)
[1.721s] -- Found rosidl_generator_cpp: 3.1.8 (/opt/ros/humble/share/rosidl_generator_cpp/cmake)
[1.746s] -- Using all available rosidl_typesupport_c: rosidl_typesupport_fastrtps_c;rosidl_typesupport_introspection_c
[1.774s] -- Using all available rosidl_typesupport_cpp: rosidl_typesupport_fastrtps_cpp;rosidl_typesupport_introspection_cpp
[1.852s] -- Found rmw_implementation_cmake: 6.1.2 (/opt/ros/humble/share/rmw_implementation_cmake/cmake)
[1.859s] -- Found rmw_fastrtps_cpp: 6.2.10 (/opt/ros/humble/share/rmw_fastrtps_cpp/cmake)
[2.017s] -- Found OpenSSL: /usr/lib/x86_64-linux-gnu/libcrypto.so (found version "3.0.2")  
[2.054s] -- Found FastRTPS: /opt/ros/humble/include  
[2.103s] -- Using RMW implementation 'rmw_fastrtps_cpp' as default
[2.119s] -- Looking for pthread.h
[2.213s] -- Looking for pthread.h - found
[2.213s] -- Performing Test CMAKE_HAVE_LIBC_PTHREAD
[2.375s] -- Performing Test CMAKE_HAVE_LIBC_PTHREAD - Success
[2.376s] -- Found Threads: TRUE  
[2.494s] -- Found sensor_msgs: 4.9.1 (/opt/ros/humble/share/sensor_msgs/cmake)
[2.571s] -- Found ament_lint_auto: 0.12.15 (/opt/ros/humble/share/ament_lint_auto/cmake)
[2.754s] -- Added test 'copyright' to check source files copyright and LICENSE
[2.759s] -- Added test 'cppcheck' to perform static code analysis on C / C++ code
[2.760s] -- Configured cppcheck include dirs: /home/sam/stalkerProject/StalkerProject/src/ldlidar_stl_ros2/include;/home/sam/stalkerProject/StalkerProject/src/ldlidar_stl_ros2/ldlidar_driver/include/core;/home/sam/stalkerProject/StalkerProject/src/ldlidar_stl_ros2/ldlidar_driver/include/dataprocess;/home/sam/stalkerProject/StalkerProject/src/ldlidar_stl_ros2/ldlidar_driver/include/filter;/home/sam/stalkerProject/StalkerProject/src/ldlidar_stl_ros2/ldlidar_driver/include/logger;/home/sam/stalkerProject/StalkerProject/src/ldlidar_stl_ros2/ldlidar_driver/include/networkcom;/home/sam/stalkerProject/StalkerProject/src/ldlidar_stl_ros2/ldlidar_driver/include/serialcom
[2.760s] -- Configured cppcheck exclude dirs and/or files: 
[2.769s] -- Added test 'cpplint' to check C / C++ code against the Google style
[2.769s] -- Configured cpplint exclude dirs and/or files: 
[2.771s] -- Added test 'flake8' to check Python code syntax and style conventions
[2.774s] -- Added test 'lint_cmake' to check CMake code style
[2.776s] -- Added test 'pep257' to check Python code against some of the docstring style conventions in PEP 257
[2.788s] -- Added test 'uncrustify' to check C / C++ code style
[2.788s] -- Configured uncrustify additional arguments: 
[2.789s] -- Added test 'xmllint' to check XML markup files
[2.798s] -- Configuring done
[2.816s] -- Generating done
[2.823s] -- Build files have been written to: /home/sam/stalkerProject/StalkerProject/build/ldlidar_stl_ros2
[2.845s] Invoked command in '/home/sam/stalkerProject/StalkerProject/build/ldlidar_stl_ros2' returned '0': CMAKE_PREFIX_PATH=/home/sam/stalkerProject/StalkerProject/install/3d_lidar:/opt/ros/humble /usr/bin/cmake /home/sam/stalkerProject/StalkerProject/src/ldlidar_stl_ros2 -DAMENT_CMAKE_SYMLINK_INSTALL=1 -DCMAKE_INSTALL_PREFIX=/home/sam/stalkerProject/StalkerProject/install/ldlidar_stl_ros2
[2.848s] Invoking command in '/home/sam/stalkerProject/StalkerProject/build/ldlidar_stl_ros2': CMAKE_PREFIX_PATH=/home/sam/stalkerProject/StalkerProject/install/3d_lidar:/opt/ros/humble /usr/bin/cmake --build /home/sam/stalkerProject/StalkerProject/build/ldlidar_stl_ros2 -- -j4 -l4
[2.911s] [ 12%] [32mBuilding CXX object CMakeFiles/ldlidar_stl_ros2_node.dir/src/demo.cpp.o[0m
[2.913s] [ 25%] [32mBuilding CXX object CMakeFiles/ldlidar_stl_ros2_node.dir/ldlidar_driver/src/core/ldlidar_driver.cpp.o[0m
[2.925s] [ 37%] [32mBuilding CXX object CMakeFiles/ldlidar_stl_ros2_node.dir/ldlidar_driver/src/dataprocess/lipkg.cpp.o[0m
[2.925s] [ 50%] [32mBuilding CXX object CMakeFiles/ldlidar_stl_ros2_node.dir/ldlidar_driver/src/filter/tofbf.cpp.o[0m
[4.811s] [ 62%] [32mBuilding CXX object CMakeFiles/ldlidar_stl_ros2_node.dir/ldlidar_driver/src/logger/log_module.cpp.o[0m
[4.971s] [ 75%] [32mBuilding CXX object CMakeFiles/ldlidar_stl_ros2_node.dir/ldlidar_driver/src/networkcom/network_socket_interface_linux.cpp.o[0m
[5.002s] [ 87%] [32mBuilding CXX object CMakeFiles/ldlidar_stl_ros2_node.dir/ldlidar_driver/src/serialcom/serial_interface_linux.cpp.o[0m
[10.385s] [100%] [32m[1mLinking CXX executable ldlidar_stl_ros2_node[0m
[10.767s] [100%] Built target ldlidar_stl_ros2_node
[10.779s] Invoked command in '/home/sam/stalkerProject/StalkerProject/build/ldlidar_stl_ros2' returned '0': CMAKE_PREFIX_PATH=/home/sam/stalkerProject/StalkerProject/install/3d_lidar:/opt/ros/humble /usr/bin/cmake --build /home/sam/stalkerProject/StalkerProject/build/ldlidar_stl_ros2 -- -j4 -l4
[10.789s] Invoking command in '/home/sam/stalkerProject/StalkerProject/build/ldlidar_stl_ros2': CMAKE_PREFIX_PATH=/home/sam/stalkerProject/StalkerProject/install/3d_lidar:/opt/ros/humble /usr/bin/cmake --install /home/sam/stalkerProject/StalkerProject/build/ldlidar_stl_ros2
[10.797s] -- Install configuration: ""
[10.798s] -- Execute custom install script
[10.798s] -- Symlinking: /home/sam/stalkerProject/StalkerProject/install/ldlidar_stl_ros2/lib/ldlidar_stl_ros2/ldlidar_stl_ros2_node
[10.810s] -- Symlinking: /home/sam/stalkerProject/StalkerProject/install/ldlidar_stl_ros2/share/ldlidar_stl_ros2//launch/ld06.launch.py
[10.820s] -- Symlinking: /home/sam/stalkerProject/StalkerProject/install/ldlidar_stl_ros2/share/ldlidar_stl_ros2//launch/ld19.launch.py
[10.831s] -- Symlinking: /home/sam/stalkerProject/StalkerProject/install/ldlidar_stl_ros2/share/ldlidar_stl_ros2//launch/stl27l.launch.py
[10.843s] -- Symlinking: /home/sam/stalkerProject/StalkerProject/install/ldlidar_stl_ros2/share/ldlidar_stl_ros2//launch/viewer_ld06.launch.py
[10.852s] -- Symlinking: /home/sam/stalkerProject/StalkerProject/install/ldlidar_stl_ros2/share/ldlidar_stl_ros2//launch/viewer_ld19.launch.py
[10.860s] -- Symlinking: /home/sam/stalkerProject/StalkerProject/install/ldlidar_stl_ros2/share/ldlidar_stl_ros2//launch/viewer_stl27l.launch.py
[10.872s] -- Symlinking: /home/sam/stalkerProject/StalkerProject/install/ldlidar_stl_ros2/share/ldlidar_stl_ros2//rviz2/ldlidar.rviz
[10.880s] -- Symlinking: /home/sam/stalkerProject/StalkerProject/install/ldlidar_stl_ros2/share/ament_index/resource_index/package_run_dependencies/ldlidar_stl_ros2
[10.890s] -- Symlinking: /home/sam/stalkerProject/StalkerProject/install/ldlidar_stl_ros2/share/ament_index/resource_index/parent_prefix_path/ldlidar_stl_ros2
[10.898s] -- Symlinking: /home/sam/stalkerProject/StalkerProject/install/ldlidar_stl_ros2/share/ldlidar_stl_ros2/environment/ament_prefix_path.sh
[10.907s] -- Symlinking: /home/sam/stalkerProject/StalkerProject/install/ldlidar_stl_ros2/share/ldlidar_stl_ros2/environment/ament_prefix_path.dsv
[10.916s] -- Symlinking: /home/sam/stalkerProject/StalkerProject/install/ldlidar_stl_ros2/share/ldlidar_stl_ros2/environment/path.sh
[10.926s] -- Symlinking: /home/sam/stalkerProject/StalkerProject/install/ldlidar_stl_ros2/share/ldlidar_stl_ros2/environment/path.dsv
[10.937s] -- Symlinking: /home/sam/stalkerProject/StalkerProject/install/ldlidar_stl_ros2/share/ldlidar_stl_ros2/local_setup.bash
[10.946s] -- Symlinking: /home/sam/stalkerProject/StalkerProject/install/ldlidar_stl_ros2/share/ldlidar_stl_ros2/local_setup.sh
[10.955s] -- Symlinking: /home/sam/stalkerProject/StalkerProject/install/ldlidar_stl_ros2/share/ldlidar_stl_ros2/local_setup.zsh
[10.968s] -- Symlinking: /home/sam/stalkerProject/StalkerProject/install/ldlidar_stl_ros2/share/ldlidar_stl_ros2/local_setup.dsv
[10.978s] -- Symlinking: /home/sam/stalkerProject/StalkerProject/install/ldlidar_stl_ros2/share/ldlidar_stl_ros2/package.dsv
[10.990s] -- Symlinking: /home/sam/stalkerProject/StalkerProject/install/ldlidar_stl_ros2/share/ament_index/resource_index/packages/ldlidar_stl_ros2
[10.999s] -- Symlinking: /home/sam/stalkerProject/StalkerProject/install/ldlidar_stl_ros2/share/ldlidar_stl_ros2/cmake/ldlidar_stl_ros2Config.cmake
[11.009s] -- Symlinking: /home/sam/stalkerProject/StalkerProject/install/ldlidar_stl_ros2/share/ldlidar_stl_ros2/cmake/ldlidar_stl_ros2Config-version.cmake
[11.020s] -- Symlinking: /home/sam/stalkerProject/StalkerProject/install/ldlidar_stl_ros2/share/ldlidar_stl_ros2/package.xml
[11.031s] Invoked command in '/home/sam/stalkerProject/StalkerProject/build/ldlidar_stl_ros2' returned '0': CMAKE_PREFIX_PATH=/home/sam/stalkerProject/StalkerProject/install/3d_lidar:/opt/ros/humble /usr/bin/cmake --install /home/sam/stalkerProject/StalkerProject/build/ldlidar_stl_ros2
