[1.179s] Invoking command in '/home/sam/stalkerProject/StalkerProject/build/3d_lidar': PYTHONPATH=/home/sam/stalkerProject/StalkerProject/build/3d_lidar/prefix_override:/usr/lib/python3/dist-packages/colcon_core/task/python/colcon_distutils_commands:/home/sam/stalkerProject/StalkerProject/install/3d_lidar/lib/python3.10/site-packages:${PYTHONPATH} /usr/bin/python3 -W ignore:setup.py install is deprecated -W ignore:easy_install command is deprecated setup.py develop --editable --build-directory /home/sam/stalkerProject/StalkerProject/build/3d_lidar/build --no-deps symlink_data
[1.577s] running develop
[1.990s] running egg_info
[2.017s] creating 3d_lidar.egg-info
[2.018s] writing 3d_lidar.egg-info/PKG-INFO
[2.020s] writing dependency_links to 3d_lidar.egg-info/dependency_links.txt
[2.024s] writing requirements to 3d_lidar.egg-info/requires.txt
[2.024s] writing top-level names to 3d_lidar.egg-info/top_level.txt
[2.024s] writing manifest file '3d_lidar.egg-info/SOURCES.txt'
[2.079s] reading manifest file '3d_lidar.egg-info/SOURCES.txt'
[2.082s] writing manifest file '3d_lidar.egg-info/SOURCES.txt'
[2.135s] running build_ext
[2.136s] Creating /home/sam/stalkerProject/StalkerProject/install/3d_lidar/lib/python3.10/site-packages/3d-lidar.egg-link (link to .)
[2.137s] 
[2.137s] Installed /home/sam/stalkerProject/StalkerProject/build/3d_lidar
[2.141s] running symlink_data
[2.141s] creating /home/sam/stalkerProject/StalkerProject/install/3d_lidar/share/ament_index/resource_index/packages
[2.141s] symbolically linking /home/sam/stalkerProject/StalkerProject/build/3d_lidar/resource/3d_lidar -> /home/sam/stalkerProject/StalkerProject/install/3d_lidar/share/ament_index/resource_index/packages
[2.141s] symbolically linking /home/sam/stalkerProject/StalkerProject/build/3d_lidar/package.xml -> /home/sam/stalkerProject/StalkerProject/install/3d_lidar/share/3d_lidar
[2.194s] Invoked command in '/home/sam/stalkerProject/StalkerProject/build/3d_lidar' returned '0': PYTHONPATH=/home/sam/stalkerProject/StalkerProject/build/3d_lidar/prefix_override:/usr/lib/python3/dist-packages/colcon_core/task/python/colcon_distutils_commands:/home/sam/stalkerProject/StalkerProject/install/3d_lidar/lib/python3.10/site-packages:${PYTHONPATH} /usr/bin/python3 -W ignore:setup.py install is deprecated -W ignore:easy_install command is deprecated setup.py develop --editable --build-directory /home/sam/stalkerProject/StalkerProject/build/3d_lidar/build --no-deps symlink_data
