[0.142s] DEBUG:colcon:Command line arguments: ['/usr/bin/colcon', 'build', '--symlink-install']
[0.142s] DEBUG:colcon:Parsed command line arguments: Namespace(log_base=None, log_level=None, verb_name='build', build_base='build', install_base='install', merge_install=False, symlink_install=True, test_result_base=None, continue_on_error=False, executor='parallel', parallel_workers=4, event_handlers=None, ignore_user_meta=False, metas=['./colcon.meta'], base_paths=['.'], packages_ignore=None, packages_ignore_regex=None, paths=None, packages_up_to=None, packages_up_to_regex=None, packages_above=None, packages_above_and_dependencies=None, packages_above_depth=None, packages_select_by_dep=None, packages_skip_by_dep=None, packages_skip_up_to=None, packages_select_build_failed=False, packages_skip_build_finished=False, packages_select_test_failures=False, packages_skip_test_passed=False, packages_select=None, packages_skip=None, packages_select_regex=None, packages_skip_regex=None, packages_start=None, packages_end=None, allow_overriding=[], cmake_args=None, cmake_target=None, cmake_target_skip_unavailable=False, cmake_clean_cache=False, cmake_clean_first=False, cmake_force_configure=False, ament_cmake_args=None, catkin_cmake_args=None, catkin_skip_building_tests=False, verb_parser=<colcon_defaults.argument_parser.defaults.DefaultArgumentsDecorator object at 0x72f678bacf10>, verb_extension=<colcon_core.verb.build.BuildVerb object at 0x72f678baca00>, main=<bound method BuildVerb.main of <colcon_core.verb.build.BuildVerb object at 0x72f678baca00>>)
[0.192s] Level 1:colcon.colcon_core.package_discovery:discover_packages(colcon_meta) check parameters
[0.193s] Level 1:colcon.colcon_core.package_discovery:discover_packages(recursive) check parameters
[0.193s] Level 1:colcon.colcon_core.package_discovery:discover_packages(ignore) check parameters
[0.193s] Level 1:colcon.colcon_core.package_discovery:discover_packages(path) check parameters
[0.193s] Level 1:colcon.colcon_core.package_discovery:discover_packages(colcon_meta) discover
[0.193s] Level 1:colcon.colcon_core.package_discovery:discover_packages(recursive) discover
[0.193s] INFO:colcon.colcon_core.package_discovery:Crawling recursively for packages in '/home/sam/stalkerProject/StalkerProject'
[0.193s] Level 1:colcon.colcon_core.package_identification:_identify(.) by extensions ['ignore', 'ignore_ament_install']
[0.193s] Level 1:colcon.colcon_core.package_identification:_identify(.) by extension 'ignore'
[0.193s] Level 1:colcon.colcon_core.package_identification:_identify(.) by extension 'ignore_ament_install'
[0.193s] Level 1:colcon.colcon_core.package_identification:_identify(.) by extensions ['colcon_pkg']
[0.194s] Level 1:colcon.colcon_core.package_identification:_identify(.) by extension 'colcon_pkg'
[0.194s] Level 1:colcon.colcon_core.package_identification:_identify(.) by extensions ['colcon_meta']
[0.194s] Level 1:colcon.colcon_core.package_identification:_identify(.) by extension 'colcon_meta'
[0.194s] Level 1:colcon.colcon_core.package_identification:_identify(.) by extensions ['ros']
[0.194s] Level 1:colcon.colcon_core.package_identification:_identify(.) by extension 'ros'
[0.214s] Level 1:colcon.colcon_core.package_identification:_identify(.) by extensions ['cmake', 'python']
[0.214s] Level 1:colcon.colcon_core.package_identification:_identify(.) by extension 'cmake'
[0.214s] Level 1:colcon.colcon_core.package_identification:_identify(.) by extension 'python'
[0.214s] Level 1:colcon.colcon_core.package_identification:_identify(.) by extensions ['python_setup_py']
[0.214s] Level 1:colcon.colcon_core.package_identification:_identify(.) by extension 'python_setup_py'
[0.214s] Level 1:colcon.colcon_core.package_identification:_identify(PiLiDAR-main) by extensions ['ignore', 'ignore_ament_install']
[0.214s] Level 1:colcon.colcon_core.package_identification:_identify(PiLiDAR-main) by extension 'ignore'
[0.214s] Level 1:colcon.colcon_core.package_identification:_identify(PiLiDAR-main) by extension 'ignore_ament_install'
[0.214s] Level 1:colcon.colcon_core.package_identification:_identify(PiLiDAR-main) by extensions ['colcon_pkg']
[0.214s] Level 1:colcon.colcon_core.package_identification:_identify(PiLiDAR-main) by extension 'colcon_pkg'
[0.214s] Level 1:colcon.colcon_core.package_identification:_identify(PiLiDAR-main) by extensions ['colcon_meta']
[0.215s] Level 1:colcon.colcon_core.package_identification:_identify(PiLiDAR-main) by extension 'colcon_meta'
[0.215s] Level 1:colcon.colcon_core.package_identification:_identify(PiLiDAR-main) by extensions ['ros']
[0.215s] Level 1:colcon.colcon_core.package_identification:_identify(PiLiDAR-main) by extension 'ros'
[0.215s] Level 1:colcon.colcon_core.package_identification:_identify(PiLiDAR-main) by extensions ['cmake', 'python']
[0.215s] Level 1:colcon.colcon_core.package_identification:_identify(PiLiDAR-main) by extension 'cmake'
[0.215s] Level 1:colcon.colcon_core.package_identification:_identify(PiLiDAR-main) by extension 'python'
[0.215s] Level 1:colcon.colcon_core.package_identification:_identify(PiLiDAR-main) by extensions ['python_setup_py']
[0.215s] Level 1:colcon.colcon_core.package_identification:_identify(PiLiDAR-main) by extension 'python_setup_py'
[0.215s] Level 1:colcon.colcon_core.package_identification:_identify(PiLiDAR-main/PiLiDAR-main) by extensions ['ignore', 'ignore_ament_install']
[0.215s] Level 1:colcon.colcon_core.package_identification:_identify(PiLiDAR-main/PiLiDAR-main) by extension 'ignore'
[0.215s] Level 1:colcon.colcon_core.package_identification:_identify(PiLiDAR-main/PiLiDAR-main) by extension 'ignore_ament_install'
[0.216s] Level 1:colcon.colcon_core.package_identification:_identify(PiLiDAR-main/PiLiDAR-main) by extensions ['colcon_pkg']
[0.216s] Level 1:colcon.colcon_core.package_identification:_identify(PiLiDAR-main/PiLiDAR-main) by extension 'colcon_pkg'
[0.216s] Level 1:colcon.colcon_core.package_identification:_identify(PiLiDAR-main/PiLiDAR-main) by extensions ['colcon_meta']
[0.216s] Level 1:colcon.colcon_core.package_identification:_identify(PiLiDAR-main/PiLiDAR-main) by extension 'colcon_meta'
[0.216s] Level 1:colcon.colcon_core.package_identification:_identify(PiLiDAR-main/PiLiDAR-main) by extensions ['ros']
[0.216s] Level 1:colcon.colcon_core.package_identification:_identify(PiLiDAR-main/PiLiDAR-main) by extension 'ros'
[0.216s] Level 1:colcon.colcon_core.package_identification:_identify(PiLiDAR-main/PiLiDAR-main) by extensions ['cmake', 'python']
[0.216s] Level 1:colcon.colcon_core.package_identification:_identify(PiLiDAR-main/PiLiDAR-main) by extension 'cmake'
[0.216s] Level 1:colcon.colcon_core.package_identification:_identify(PiLiDAR-main/PiLiDAR-main) by extension 'python'
[0.216s] Level 1:colcon.colcon_core.package_identification:_identify(PiLiDAR-main/PiLiDAR-main) by extensions ['python_setup_py']
[0.216s] Level 1:colcon.colcon_core.package_identification:_identify(PiLiDAR-main/PiLiDAR-main) by extension 'python_setup_py'
[0.216s] Level 1:colcon.colcon_core.package_identification:_identify(PiLiDAR-main/PiLiDAR-main/hugin) by extensions ['ignore', 'ignore_ament_install']
[0.217s] Level 1:colcon.colcon_core.package_identification:_identify(PiLiDAR-main/PiLiDAR-main/hugin) by extension 'ignore'
[0.217s] Level 1:colcon.colcon_core.package_identification:_identify(PiLiDAR-main/PiLiDAR-main/hugin) by extension 'ignore_ament_install'
[0.217s] Level 1:colcon.colcon_core.package_identification:_identify(PiLiDAR-main/PiLiDAR-main/hugin) by extensions ['colcon_pkg']
[0.217s] Level 1:colcon.colcon_core.package_identification:_identify(PiLiDAR-main/PiLiDAR-main/hugin) by extension 'colcon_pkg'
[0.217s] Level 1:colcon.colcon_core.package_identification:_identify(PiLiDAR-main/PiLiDAR-main/hugin) by extensions ['colcon_meta']
[0.217s] Level 1:colcon.colcon_core.package_identification:_identify(PiLiDAR-main/PiLiDAR-main/hugin) by extension 'colcon_meta'
[0.217s] Level 1:colcon.colcon_core.package_identification:_identify(PiLiDAR-main/PiLiDAR-main/hugin) by extensions ['ros']
[0.217s] Level 1:colcon.colcon_core.package_identification:_identify(PiLiDAR-main/PiLiDAR-main/hugin) by extension 'ros'
[0.217s] Level 1:colcon.colcon_core.package_identification:_identify(PiLiDAR-main/PiLiDAR-main/hugin) by extensions ['cmake', 'python']
[0.217s] Level 1:colcon.colcon_core.package_identification:_identify(PiLiDAR-main/PiLiDAR-main/hugin) by extension 'cmake'
[0.217s] Level 1:colcon.colcon_core.package_identification:_identify(PiLiDAR-main/PiLiDAR-main/hugin) by extension 'python'
[0.217s] Level 1:colcon.colcon_core.package_identification:_identify(PiLiDAR-main/PiLiDAR-main/hugin) by extensions ['python_setup_py']
[0.217s] Level 1:colcon.colcon_core.package_identification:_identify(PiLiDAR-main/PiLiDAR-main/hugin) by extension 'python_setup_py'
[0.218s] Level 1:colcon.colcon_core.package_identification:_identify(PiLiDAR-main/PiLiDAR-main/images) by extensions ['ignore', 'ignore_ament_install']
[0.218s] Level 1:colcon.colcon_core.package_identification:_identify(PiLiDAR-main/PiLiDAR-main/images) by extension 'ignore'
[0.218s] Level 1:colcon.colcon_core.package_identification:_identify(PiLiDAR-main/PiLiDAR-main/images) by extension 'ignore_ament_install'
[0.218s] Level 1:colcon.colcon_core.package_identification:_identify(PiLiDAR-main/PiLiDAR-main/images) by extensions ['colcon_pkg']
[0.218s] Level 1:colcon.colcon_core.package_identification:_identify(PiLiDAR-main/PiLiDAR-main/images) by extension 'colcon_pkg'
[0.218s] Level 1:colcon.colcon_core.package_identification:_identify(PiLiDAR-main/PiLiDAR-main/images) by extensions ['colcon_meta']
[0.218s] Level 1:colcon.colcon_core.package_identification:_identify(PiLiDAR-main/PiLiDAR-main/images) by extension 'colcon_meta'
[0.218s] Level 1:colcon.colcon_core.package_identification:_identify(PiLiDAR-main/PiLiDAR-main/images) by extensions ['ros']
[0.218s] Level 1:colcon.colcon_core.package_identification:_identify(PiLiDAR-main/PiLiDAR-main/images) by extension 'ros'
[0.218s] Level 1:colcon.colcon_core.package_identification:_identify(PiLiDAR-main/PiLiDAR-main/images) by extensions ['cmake', 'python']
[0.218s] Level 1:colcon.colcon_core.package_identification:_identify(PiLiDAR-main/PiLiDAR-main/images) by extension 'cmake'
[0.219s] Level 1:colcon.colcon_core.package_identification:_identify(PiLiDAR-main/PiLiDAR-main/images) by extension 'python'
[0.219s] Level 1:colcon.colcon_core.package_identification:_identify(PiLiDAR-main/PiLiDAR-main/images) by extensions ['python_setup_py']
[0.219s] Level 1:colcon.colcon_core.package_identification:_identify(PiLiDAR-main/PiLiDAR-main/images) by extension 'python_setup_py'
[0.219s] Level 1:colcon.colcon_core.package_identification:_identify(PiLiDAR-main/PiLiDAR-main/lib) by extensions ['ignore', 'ignore_ament_install']
[0.219s] Level 1:colcon.colcon_core.package_identification:_identify(PiLiDAR-main/PiLiDAR-main/lib) by extension 'ignore'
[0.219s] Level 1:colcon.colcon_core.package_identification:_identify(PiLiDAR-main/PiLiDAR-main/lib) by extension 'ignore_ament_install'
[0.219s] Level 1:colcon.colcon_core.package_identification:_identify(PiLiDAR-main/PiLiDAR-main/lib) by extensions ['colcon_pkg']
[0.219s] Level 1:colcon.colcon_core.package_identification:_identify(PiLiDAR-main/PiLiDAR-main/lib) by extension 'colcon_pkg'
[0.219s] Level 1:colcon.colcon_core.package_identification:_identify(PiLiDAR-main/PiLiDAR-main/lib) by extensions ['colcon_meta']
[0.219s] Level 1:colcon.colcon_core.package_identification:_identify(PiLiDAR-main/PiLiDAR-main/lib) by extension 'colcon_meta'
[0.219s] Level 1:colcon.colcon_core.package_identification:_identify(PiLiDAR-main/PiLiDAR-main/lib) by extensions ['ros']
[0.219s] Level 1:colcon.colcon_core.package_identification:_identify(PiLiDAR-main/PiLiDAR-main/lib) by extension 'ros'
[0.219s] Level 1:colcon.colcon_core.package_identification:_identify(PiLiDAR-main/PiLiDAR-main/lib) by extensions ['cmake', 'python']
[0.219s] Level 1:colcon.colcon_core.package_identification:_identify(PiLiDAR-main/PiLiDAR-main/lib) by extension 'cmake'
[0.219s] Level 1:colcon.colcon_core.package_identification:_identify(PiLiDAR-main/PiLiDAR-main/lib) by extension 'python'
[0.219s] Level 1:colcon.colcon_core.package_identification:_identify(PiLiDAR-main/PiLiDAR-main/lib) by extensions ['python_setup_py']
[0.219s] Level 1:colcon.colcon_core.package_identification:_identify(PiLiDAR-main/PiLiDAR-main/lib) by extension 'python_setup_py'
[0.220s] Level 1:colcon.colcon_core.package_identification:_identify(PiLiDAR-main/PiLiDAR-main/meshlab) by extensions ['ignore', 'ignore_ament_install']
[0.220s] Level 1:colcon.colcon_core.package_identification:_identify(PiLiDAR-main/PiLiDAR-main/meshlab) by extension 'ignore'
[0.220s] Level 1:colcon.colcon_core.package_identification:_identify(PiLiDAR-main/PiLiDAR-main/meshlab) by extension 'ignore_ament_install'
[0.220s] Level 1:colcon.colcon_core.package_identification:_identify(PiLiDAR-main/PiLiDAR-main/meshlab) by extensions ['colcon_pkg']
[0.220s] Level 1:colcon.colcon_core.package_identification:_identify(PiLiDAR-main/PiLiDAR-main/meshlab) by extension 'colcon_pkg'
[0.220s] Level 1:colcon.colcon_core.package_identification:_identify(PiLiDAR-main/PiLiDAR-main/meshlab) by extensions ['colcon_meta']
[0.220s] Level 1:colcon.colcon_core.package_identification:_identify(PiLiDAR-main/PiLiDAR-main/meshlab) by extension 'colcon_meta'
[0.220s] Level 1:colcon.colcon_core.package_identification:_identify(PiLiDAR-main/PiLiDAR-main/meshlab) by extensions ['ros']
[0.220s] Level 1:colcon.colcon_core.package_identification:_identify(PiLiDAR-main/PiLiDAR-main/meshlab) by extension 'ros'
[0.220s] Level 1:colcon.colcon_core.package_identification:_identify(PiLiDAR-main/PiLiDAR-main/meshlab) by extensions ['cmake', 'python']
[0.220s] Level 1:colcon.colcon_core.package_identification:_identify(PiLiDAR-main/PiLiDAR-main/meshlab) by extension 'cmake'
[0.220s] Level 1:colcon.colcon_core.package_identification:_identify(PiLiDAR-main/PiLiDAR-main/meshlab) by extension 'python'
[0.220s] Level 1:colcon.colcon_core.package_identification:_identify(PiLiDAR-main/PiLiDAR-main/meshlab) by extensions ['python_setup_py']
[0.220s] Level 1:colcon.colcon_core.package_identification:_identify(PiLiDAR-main/PiLiDAR-main/meshlab) by extension 'python_setup_py'
[0.220s] Level 1:colcon.colcon_core.package_identification:_identify(build) by extensions ['ignore', 'ignore_ament_install']
[0.221s] Level 1:colcon.colcon_core.package_identification:_identify(build) by extension 'ignore'
[0.221s] Level 1:colcon.colcon_core.package_identification:_identify(build) ignored
[0.221s] Level 1:colcon.colcon_core.package_identification:_identify(install) by extensions ['ignore', 'ignore_ament_install']
[0.221s] Level 1:colcon.colcon_core.package_identification:_identify(install) by extension 'ignore'
[0.221s] Level 1:colcon.colcon_core.package_identification:_identify(install) ignored
[0.221s] Level 1:colcon.colcon_core.package_identification:_identify(log) by extensions ['ignore', 'ignore_ament_install']
[0.221s] Level 1:colcon.colcon_core.package_identification:_identify(log) by extension 'ignore'
[0.221s] Level 1:colcon.colcon_core.package_identification:_identify(log) ignored
[0.222s] Level 1:colcon.colcon_core.package_identification:_identify(model) by extensions ['ignore', 'ignore_ament_install']
[0.222s] Level 1:colcon.colcon_core.package_identification:_identify(model) by extension 'ignore'
[0.222s] Level 1:colcon.colcon_core.package_identification:_identify(model) by extension 'ignore_ament_install'
[0.222s] Level 1:colcon.colcon_core.package_identification:_identify(model) by extensions ['colcon_pkg']
[0.222s] Level 1:colcon.colcon_core.package_identification:_identify(model) by extension 'colcon_pkg'
[0.222s] Level 1:colcon.colcon_core.package_identification:_identify(model) by extensions ['colcon_meta']
[0.222s] Level 1:colcon.colcon_core.package_identification:_identify(model) by extension 'colcon_meta'
[0.222s] Level 1:colcon.colcon_core.package_identification:_identify(model) by extensions ['ros']
[0.222s] Level 1:colcon.colcon_core.package_identification:_identify(model) by extension 'ros'
[0.222s] Level 1:colcon.colcon_core.package_identification:_identify(model) by extensions ['cmake', 'python']
[0.222s] Level 1:colcon.colcon_core.package_identification:_identify(model) by extension 'cmake'
[0.222s] Level 1:colcon.colcon_core.package_identification:_identify(model) by extension 'python'
[0.222s] Level 1:colcon.colcon_core.package_identification:_identify(model) by extensions ['python_setup_py']
[0.222s] Level 1:colcon.colcon_core.package_identification:_identify(model) by extension 'python_setup_py'
[0.222s] Level 1:colcon.colcon_core.package_identification:_identify(model/meshes) by extensions ['ignore', 'ignore_ament_install']
[0.222s] Level 1:colcon.colcon_core.package_identification:_identify(model/meshes) by extension 'ignore'
[0.222s] Level 1:colcon.colcon_core.package_identification:_identify(model/meshes) by extension 'ignore_ament_install'
[0.222s] Level 1:colcon.colcon_core.package_identification:_identify(model/meshes) by extensions ['colcon_pkg']
[0.222s] Level 1:colcon.colcon_core.package_identification:_identify(model/meshes) by extension 'colcon_pkg'
[0.223s] Level 1:colcon.colcon_core.package_identification:_identify(model/meshes) by extensions ['colcon_meta']
[0.223s] Level 1:colcon.colcon_core.package_identification:_identify(model/meshes) by extension 'colcon_meta'
[0.223s] Level 1:colcon.colcon_core.package_identification:_identify(model/meshes) by extensions ['ros']
[0.223s] Level 1:colcon.colcon_core.package_identification:_identify(model/meshes) by extension 'ros'
[0.223s] Level 1:colcon.colcon_core.package_identification:_identify(model/meshes) by extensions ['cmake', 'python']
[0.223s] Level 1:colcon.colcon_core.package_identification:_identify(model/meshes) by extension 'cmake'
[0.223s] Level 1:colcon.colcon_core.package_identification:_identify(model/meshes) by extension 'python'
[0.223s] Level 1:colcon.colcon_core.package_identification:_identify(model/meshes) by extensions ['python_setup_py']
[0.223s] Level 1:colcon.colcon_core.package_identification:_identify(model/meshes) by extension 'python_setup_py'
[0.223s] Level 1:colcon.colcon_core.package_identification:_identify(src) by extensions ['ignore', 'ignore_ament_install']
[0.223s] Level 1:colcon.colcon_core.package_identification:_identify(src) by extension 'ignore'
[0.223s] Level 1:colcon.colcon_core.package_identification:_identify(src) by extension 'ignore_ament_install'
[0.223s] Level 1:colcon.colcon_core.package_identification:_identify(src) by extensions ['colcon_pkg']
[0.223s] Level 1:colcon.colcon_core.package_identification:_identify(src) by extension 'colcon_pkg'
[0.223s] Level 1:colcon.colcon_core.package_identification:_identify(src) by extensions ['colcon_meta']
[0.223s] Level 1:colcon.colcon_core.package_identification:_identify(src) by extension 'colcon_meta'
[0.223s] Level 1:colcon.colcon_core.package_identification:_identify(src) by extensions ['ros']
[0.223s] Level 1:colcon.colcon_core.package_identification:_identify(src) by extension 'ros'
[0.223s] Level 1:colcon.colcon_core.package_identification:_identify(src) by extensions ['cmake', 'python']
[0.223s] Level 1:colcon.colcon_core.package_identification:_identify(src) by extension 'cmake'
[0.224s] Level 1:colcon.colcon_core.package_identification:_identify(src) by extension 'python'
[0.224s] Level 1:colcon.colcon_core.package_identification:_identify(src) by extensions ['python_setup_py']
[0.224s] Level 1:colcon.colcon_core.package_identification:_identify(src) by extension 'python_setup_py'
[0.224s] Level 1:colcon.colcon_core.package_identification:_identify(src/3d_lidar) by extensions ['ignore', 'ignore_ament_install']
[0.224s] Level 1:colcon.colcon_core.package_identification:_identify(src/3d_lidar) by extension 'ignore'
[0.224s] Level 1:colcon.colcon_core.package_identification:_identify(src/3d_lidar) by extension 'ignore_ament_install'
[0.224s] Level 1:colcon.colcon_core.package_identification:_identify(src/3d_lidar) by extensions ['colcon_pkg']
[0.224s] Level 1:colcon.colcon_core.package_identification:_identify(src/3d_lidar) by extension 'colcon_pkg'
[0.224s] Level 1:colcon.colcon_core.package_identification:_identify(src/3d_lidar) by extensions ['colcon_meta']
[0.224s] Level 1:colcon.colcon_core.package_identification:_identify(src/3d_lidar) by extension 'colcon_meta'
[0.224s] Level 1:colcon.colcon_core.package_identification:_identify(src/3d_lidar) by extensions ['ros']
[0.224s] Level 1:colcon.colcon_core.package_identification:_identify(src/3d_lidar) by extension 'ros'
[0.228s] DEBUG:colcon.colcon_core.package_identification:Package 'src/3d_lidar' with type 'ros.ament_python' and name '3d_lidar'
[0.228s] Level 1:colcon.colcon_core.package_identification:_identify(src/ldlidar_stl_ros2) by extensions ['ignore', 'ignore_ament_install']
[0.228s] Level 1:colcon.colcon_core.package_identification:_identify(src/ldlidar_stl_ros2) by extension 'ignore'
[0.228s] Level 1:colcon.colcon_core.package_identification:_identify(src/ldlidar_stl_ros2) by extension 'ignore_ament_install'
[0.228s] Level 1:colcon.colcon_core.package_identification:_identify(src/ldlidar_stl_ros2) by extensions ['colcon_pkg']
[0.228s] Level 1:colcon.colcon_core.package_identification:_identify(src/ldlidar_stl_ros2) by extension 'colcon_pkg'
[0.228s] Level 1:colcon.colcon_core.package_identification:_identify(src/ldlidar_stl_ros2) by extensions ['colcon_meta']
[0.228s] Level 1:colcon.colcon_core.package_identification:_identify(src/ldlidar_stl_ros2) by extension 'colcon_meta'
[0.228s] Level 1:colcon.colcon_core.package_identification:_identify(src/ldlidar_stl_ros2) by extensions ['ros']
[0.229s] Level 1:colcon.colcon_core.package_identification:_identify(src/ldlidar_stl_ros2) by extension 'ros'
[0.230s] DEBUG:colcon.colcon_core.package_identification:Package 'src/ldlidar_stl_ros2' with type 'ros.ament_cmake' and name 'ldlidar_stl_ros2'
[0.230s] Level 1:colcon.colcon_core.package_discovery:discover_packages(recursive) using defaults
[0.230s] Level 1:colcon.colcon_core.package_discovery:discover_packages(ignore) discover
[0.230s] Level 1:colcon.colcon_core.package_discovery:discover_packages(ignore) using defaults
[0.230s] Level 1:colcon.colcon_core.package_discovery:discover_packages(path) discover
[0.230s] Level 1:colcon.colcon_core.package_discovery:discover_packages(path) using defaults
[0.255s] Level 1:colcon.colcon_core.package_discovery:discover_packages(prefix_path) check parameters
[0.255s] Level 1:colcon.colcon_core.package_discovery:discover_packages(prefix_path) discover
[0.257s] DEBUG:colcon.colcon_installed_package_information.package_discovery:Found 1 installed packages in /home/sam/stalkerProject/StalkerProject/install
[0.260s] DEBUG:colcon.colcon_installed_package_information.package_discovery:Found 473 installed packages in /opt/ros/humble
[0.262s] Level 1:colcon.colcon_core.package_discovery:discover_packages(prefix_path) using defaults
[0.341s] Level 5:colcon.colcon_core.verb:set package '3d_lidar' build argument 'cmake_args' from command line to 'None'
[0.341s] Level 5:colcon.colcon_core.verb:set package '3d_lidar' build argument 'cmake_target' from command line to 'None'
[0.341s] Level 5:colcon.colcon_core.verb:set package '3d_lidar' build argument 'cmake_target_skip_unavailable' from command line to 'False'
[0.341s] Level 5:colcon.colcon_core.verb:set package '3d_lidar' build argument 'cmake_clean_cache' from command line to 'False'
[0.341s] Level 5:colcon.colcon_core.verb:set package '3d_lidar' build argument 'cmake_clean_first' from command line to 'False'
[0.341s] Level 5:colcon.colcon_core.verb:set package '3d_lidar' build argument 'cmake_force_configure' from command line to 'False'
[0.341s] Level 5:colcon.colcon_core.verb:set package '3d_lidar' build argument 'ament_cmake_args' from command line to 'None'
[0.341s] Level 5:colcon.colcon_core.verb:set package '3d_lidar' build argument 'catkin_cmake_args' from command line to 'None'
[0.341s] Level 5:colcon.colcon_core.verb:set package '3d_lidar' build argument 'catkin_skip_building_tests' from command line to 'False'
[0.341s] DEBUG:colcon.colcon_core.verb:Building package '3d_lidar' with the following arguments: {'ament_cmake_args': None, 'build_base': '/home/sam/stalkerProject/StalkerProject/build/3d_lidar', 'catkin_cmake_args': None, 'catkin_skip_building_tests': False, 'cmake_args': None, 'cmake_clean_cache': False, 'cmake_clean_first': False, 'cmake_force_configure': False, 'cmake_target': None, 'cmake_target_skip_unavailable': False, 'install_base': '/home/sam/stalkerProject/StalkerProject/install/3d_lidar', 'merge_install': False, 'path': '/home/sam/stalkerProject/StalkerProject/src/3d_lidar', 'symlink_install': True, 'test_result_base': None}
[0.341s] Level 5:colcon.colcon_core.verb:set package 'ldlidar_stl_ros2' build argument 'cmake_args' from command line to 'None'
[0.341s] Level 5:colcon.colcon_core.verb:set package 'ldlidar_stl_ros2' build argument 'cmake_target' from command line to 'None'
[0.341s] Level 5:colcon.colcon_core.verb:set package 'ldlidar_stl_ros2' build argument 'cmake_target_skip_unavailable' from command line to 'False'
[0.342s] Level 5:colcon.colcon_core.verb:set package 'ldlidar_stl_ros2' build argument 'cmake_clean_cache' from command line to 'False'
[0.342s] Level 5:colcon.colcon_core.verb:set package 'ldlidar_stl_ros2' build argument 'cmake_clean_first' from command line to 'False'
[0.342s] Level 5:colcon.colcon_core.verb:set package 'ldlidar_stl_ros2' build argument 'cmake_force_configure' from command line to 'False'
[0.342s] Level 5:colcon.colcon_core.verb:set package 'ldlidar_stl_ros2' build argument 'ament_cmake_args' from command line to 'None'
[0.342s] Level 5:colcon.colcon_core.verb:set package 'ldlidar_stl_ros2' build argument 'catkin_cmake_args' from command line to 'None'
[0.342s] Level 5:colcon.colcon_core.verb:set package 'ldlidar_stl_ros2' build argument 'catkin_skip_building_tests' from command line to 'False'
[0.342s] DEBUG:colcon.colcon_core.verb:Building package 'ldlidar_stl_ros2' with the following arguments: {'ament_cmake_args': None, 'build_base': '/home/sam/stalkerProject/StalkerProject/build/ldlidar_stl_ros2', 'catkin_cmake_args': None, 'catkin_skip_building_tests': False, 'cmake_args': None, 'cmake_clean_cache': False, 'cmake_clean_first': False, 'cmake_force_configure': False, 'cmake_target': None, 'cmake_target_skip_unavailable': False, 'install_base': '/home/sam/stalkerProject/StalkerProject/install/ldlidar_stl_ros2', 'merge_install': False, 'path': '/home/sam/stalkerProject/StalkerProject/src/ldlidar_stl_ros2', 'symlink_install': True, 'test_result_base': None}
[0.342s] INFO:colcon.colcon_core.executor:Executing jobs using 'parallel' executor
[0.343s] DEBUG:colcon.colcon_parallel_executor.executor.parallel:run_until_complete
[0.344s] INFO:colcon.colcon_ros.task.ament_python.build:Building ROS package in '/home/sam/stalkerProject/StalkerProject/src/3d_lidar' with build type 'ament_python'
[0.344s] Level 1:colcon.colcon_core.shell:create_environment_hook('3d_lidar', 'ament_prefix_path')
[0.346s] INFO:colcon.colcon_core.plugin_system:Skipping extension 'colcon_core.shell.bat': Not used on non-Windows systems
[0.346s] INFO:colcon.colcon_core.shell:Creating environment hook '/home/sam/stalkerProject/StalkerProject/install/3d_lidar/share/3d_lidar/hook/ament_prefix_path.ps1'
[0.347s] INFO:colcon.colcon_core.shell:Creating environment descriptor '/home/sam/stalkerProject/StalkerProject/install/3d_lidar/share/3d_lidar/hook/ament_prefix_path.dsv'
[0.348s] INFO:colcon.colcon_core.shell:Creating environment hook '/home/sam/stalkerProject/StalkerProject/install/3d_lidar/share/3d_lidar/hook/ament_prefix_path.sh'
[0.348s] INFO:colcon.colcon_core.shell:Skip shell extension 'powershell' for command environment: Not usable outside of PowerShell
[0.349s] DEBUG:colcon.colcon_core.shell:Skip shell extension 'dsv' for command environment
[0.353s] INFO:colcon.colcon_ros.task.ament_cmake.build:Building ROS package in '/home/sam/stalkerProject/StalkerProject/src/ldlidar_stl_ros2' with build type 'ament_cmake'
[0.353s] INFO:colcon.colcon_cmake.task.cmake.build:Building CMake package in '/home/sam/stalkerProject/StalkerProject/src/ldlidar_stl_ros2'
[0.354s] INFO:colcon.colcon_core.shell:Skip shell extension 'powershell' for command environment: Not usable outside of PowerShell
[0.354s] DEBUG:colcon.colcon_core.shell:Skip shell extension 'dsv' for command environment
[0.687s] INFO:colcon.colcon_core.task.python.build:Building Python package in '/home/sam/stalkerProject/StalkerProject/src/3d_lidar'
[0.688s] INFO:colcon.colcon_core.shell:Skip shell extension 'powershell' for command environment: Not usable outside of PowerShell
[0.688s] DEBUG:colcon.colcon_core.shell:Skip shell extension 'dsv' for command environment
[0.704s] DEBUG:colcon.colcon_core.event_handler.log_command:Invoking command in '/home/sam/stalkerProject/StalkerProject/build/ldlidar_stl_ros2': CMAKE_PREFIX_PATH=/home/sam/stalkerProject/StalkerProject/install/3d_lidar:/opt/ros/humble /usr/bin/cmake /home/sam/stalkerProject/StalkerProject/src/ldlidar_stl_ros2 -DAMENT_CMAKE_SYMLINK_INSTALL=1 -DCMAKE_INSTALL_PREFIX=/home/sam/stalkerProject/StalkerProject/install/ldlidar_stl_ros2
[1.914s] DEBUG:colcon.colcon_core.event_handler.log_command:Invoking command in '/home/sam/stalkerProject/StalkerProject/build/3d_lidar': PYTHONPATH=/home/sam/stalkerProject/StalkerProject/build/3d_lidar/prefix_override:/usr/lib/python3/dist-packages/colcon_core/task/python/colcon_distutils_commands:/home/sam/stalkerProject/StalkerProject/install/3d_lidar/lib/python3.10/site-packages:${PYTHONPATH} /usr/bin/python3 -W ignore:setup.py install is deprecated -W ignore:easy_install command is deprecated setup.py develop --editable --build-directory /home/sam/stalkerProject/StalkerProject/build/3d_lidar/build --no-deps symlink_data
[3.198s] DEBUG:colcon.colcon_core.event_handler.log_command:Invoked command in '/home/sam/stalkerProject/StalkerProject/build/ldlidar_stl_ros2' returned '0': CMAKE_PREFIX_PATH=/home/sam/stalkerProject/StalkerProject/install/3d_lidar:/opt/ros/humble /usr/bin/cmake /home/sam/stalkerProject/StalkerProject/src/ldlidar_stl_ros2 -DAMENT_CMAKE_SYMLINK_INSTALL=1 -DCMAKE_INSTALL_PREFIX=/home/sam/stalkerProject/StalkerProject/install/ldlidar_stl_ros2
[3.201s] DEBUG:colcon.colcon_core.event_handler.log_command:Invoking command in '/home/sam/stalkerProject/StalkerProject/build/ldlidar_stl_ros2': CMAKE_PREFIX_PATH=/home/sam/stalkerProject/StalkerProject/install/3d_lidar:/opt/ros/humble /usr/bin/cmake --build /home/sam/stalkerProject/StalkerProject/build/ldlidar_stl_ros2 -- -j4 -l4
[3.468s] Level 1:colcon.colcon_core.shell:create_environment_hook('3d_lidar', 'pythonpath_develop')
[3.470s] INFO:colcon.colcon_core.shell:Creating environment hook '/home/sam/stalkerProject/StalkerProject/build/3d_lidar/share/3d_lidar/hook/pythonpath_develop.ps1'
[3.470s] INFO:colcon.colcon_core.shell:Creating environment descriptor '/home/sam/stalkerProject/StalkerProject/build/3d_lidar/share/3d_lidar/hook/pythonpath_develop.dsv'
[3.469s] DEBUG:colcon.colcon_core.event_handler.log_command:Invoked command in '/home/sam/stalkerProject/StalkerProject/build/3d_lidar' returned '0': PYTHONPATH=/home/sam/stalkerProject/StalkerProject/build/3d_lidar/prefix_override:/usr/lib/python3/dist-packages/colcon_core/task/python/colcon_distutils_commands:/home/sam/stalkerProject/StalkerProject/install/3d_lidar/lib/python3.10/site-packages:${PYTHONPATH} /usr/bin/python3 -W ignore:setup.py install is deprecated -W ignore:easy_install command is deprecated setup.py develop --editable --build-directory /home/sam/stalkerProject/StalkerProject/build/3d_lidar/build --no-deps symlink_data
[3.476s] INFO:colcon.colcon_core.shell:Creating environment hook '/home/sam/stalkerProject/StalkerProject/build/3d_lidar/share/3d_lidar/hook/pythonpath_develop.sh'
[3.485s] Level 1:colcon.colcon_core.environment:checking '/home/sam/stalkerProject/StalkerProject/install/3d_lidar' for CMake module files
[3.486s] Level 1:colcon.colcon_core.environment:checking '/home/sam/stalkerProject/StalkerProject/install/3d_lidar' for CMake config files
[3.487s] Level 1:colcon.colcon_core.environment:checking '/home/sam/stalkerProject/StalkerProject/install/3d_lidar/lib'
[3.488s] Level 1:colcon.colcon_core.environment:checking '/home/sam/stalkerProject/StalkerProject/install/3d_lidar/bin'
[3.488s] Level 1:colcon.colcon_core.environment:checking '/home/sam/stalkerProject/StalkerProject/install/3d_lidar/lib/pkgconfig/3d_lidar.pc'
[3.488s] Level 1:colcon.colcon_core.environment:checking '/home/sam/stalkerProject/StalkerProject/install/3d_lidar/lib/python3.10/site-packages'
[3.489s] Level 1:colcon.colcon_core.shell:create_environment_hook('3d_lidar', 'pythonpath')
[3.490s] INFO:colcon.colcon_core.shell:Creating environment hook '/home/sam/stalkerProject/StalkerProject/install/3d_lidar/share/3d_lidar/hook/pythonpath.ps1'
[3.492s] INFO:colcon.colcon_core.shell:Creating environment descriptor '/home/sam/stalkerProject/StalkerProject/install/3d_lidar/share/3d_lidar/hook/pythonpath.dsv'
[3.492s] INFO:colcon.colcon_core.shell:Creating environment hook '/home/sam/stalkerProject/StalkerProject/install/3d_lidar/share/3d_lidar/hook/pythonpath.sh'
[3.494s] Level 1:colcon.colcon_core.environment:checking '/home/sam/stalkerProject/StalkerProject/install/3d_lidar/bin'
[3.495s] Level 1:colcon.colcon_core.environment:create_environment_scripts_only(3d_lidar)
[3.496s] INFO:colcon.colcon_core.shell:Creating package script '/home/sam/stalkerProject/StalkerProject/install/3d_lidar/share/3d_lidar/package.ps1'
[3.497s] INFO:colcon.colcon_core.shell:Creating package descriptor '/home/sam/stalkerProject/StalkerProject/install/3d_lidar/share/3d_lidar/package.dsv'
[3.499s] INFO:colcon.colcon_core.shell:Creating package script '/home/sam/stalkerProject/StalkerProject/install/3d_lidar/share/3d_lidar/package.sh'
[3.501s] INFO:colcon.colcon_core.shell:Creating package script '/home/sam/stalkerProject/StalkerProject/install/3d_lidar/share/3d_lidar/package.bash'
[3.503s] INFO:colcon.colcon_core.shell:Creating package script '/home/sam/stalkerProject/StalkerProject/install/3d_lidar/share/3d_lidar/package.zsh'
[3.507s] Level 1:colcon.colcon_core.environment:create_file_with_runtime_dependencies(/home/sam/stalkerProject/StalkerProject/install/3d_lidar/share/colcon-core/packages/3d_lidar)
[11.132s] DEBUG:colcon.colcon_core.event_handler.log_command:Invoked command in '/home/sam/stalkerProject/StalkerProject/build/ldlidar_stl_ros2' returned '0': CMAKE_PREFIX_PATH=/home/sam/stalkerProject/StalkerProject/install/3d_lidar:/opt/ros/humble /usr/bin/cmake --build /home/sam/stalkerProject/StalkerProject/build/ldlidar_stl_ros2 -- -j4 -l4
[11.142s] DEBUG:colcon.colcon_core.event_handler.log_command:Invoking command in '/home/sam/stalkerProject/StalkerProject/build/ldlidar_stl_ros2': CMAKE_PREFIX_PATH=/home/sam/stalkerProject/StalkerProject/install/3d_lidar:/opt/ros/humble /usr/bin/cmake --install /home/sam/stalkerProject/StalkerProject/build/ldlidar_stl_ros2
[11.384s] Level 1:colcon.colcon_core.environment:create_environment_scripts_only(ldlidar_stl_ros2)
[11.384s] Level 1:colcon.colcon_core.environment:checking '/home/sam/stalkerProject/StalkerProject/install/ldlidar_stl_ros2' for CMake module files
[11.384s] DEBUG:colcon.colcon_core.event_handler.log_command:Invoked command in '/home/sam/stalkerProject/StalkerProject/build/ldlidar_stl_ros2' returned '0': CMAKE_PREFIX_PATH=/home/sam/stalkerProject/StalkerProject/install/3d_lidar:/opt/ros/humble /usr/bin/cmake --install /home/sam/stalkerProject/StalkerProject/build/ldlidar_stl_ros2
[11.385s] Level 1:colcon.colcon_core.environment:checking '/home/sam/stalkerProject/StalkerProject/install/ldlidar_stl_ros2' for CMake config files
[11.385s] Level 1:colcon.colcon_core.shell:create_environment_hook('ldlidar_stl_ros2', 'cmake_prefix_path')
[11.386s] INFO:colcon.colcon_core.shell:Creating environment hook '/home/sam/stalkerProject/StalkerProject/install/ldlidar_stl_ros2/share/ldlidar_stl_ros2/hook/cmake_prefix_path.ps1'
[11.386s] INFO:colcon.colcon_core.shell:Creating environment descriptor '/home/sam/stalkerProject/StalkerProject/install/ldlidar_stl_ros2/share/ldlidar_stl_ros2/hook/cmake_prefix_path.dsv'
[11.387s] INFO:colcon.colcon_core.shell:Creating environment hook '/home/sam/stalkerProject/StalkerProject/install/ldlidar_stl_ros2/share/ldlidar_stl_ros2/hook/cmake_prefix_path.sh'
[11.388s] Level 1:colcon.colcon_core.environment:checking '/home/sam/stalkerProject/StalkerProject/install/ldlidar_stl_ros2/lib'
[11.388s] Level 1:colcon.colcon_core.environment:checking '/home/sam/stalkerProject/StalkerProject/install/ldlidar_stl_ros2/bin'
[11.388s] Level 1:colcon.colcon_core.environment:checking '/home/sam/stalkerProject/StalkerProject/install/ldlidar_stl_ros2/lib/pkgconfig/ldlidar_stl_ros2.pc'
[11.388s] Level 1:colcon.colcon_core.environment:checking '/home/sam/stalkerProject/StalkerProject/install/ldlidar_stl_ros2/lib/python3.10/site-packages'
[11.389s] Level 1:colcon.colcon_core.environment:checking '/home/sam/stalkerProject/StalkerProject/install/ldlidar_stl_ros2/bin'
[11.390s] INFO:colcon.colcon_core.shell:Creating package script '/home/sam/stalkerProject/StalkerProject/install/ldlidar_stl_ros2/share/ldlidar_stl_ros2/package.ps1'
[11.390s] INFO:colcon.colcon_core.shell:Creating package descriptor '/home/sam/stalkerProject/StalkerProject/install/ldlidar_stl_ros2/share/ldlidar_stl_ros2/package.dsv'
[11.392s] INFO:colcon.colcon_core.shell:Creating package script '/home/sam/stalkerProject/StalkerProject/install/ldlidar_stl_ros2/share/ldlidar_stl_ros2/package.sh'
[11.392s] INFO:colcon.colcon_core.shell:Creating package script '/home/sam/stalkerProject/StalkerProject/install/ldlidar_stl_ros2/share/ldlidar_stl_ros2/package.bash'
[11.393s] INFO:colcon.colcon_core.shell:Creating package script '/home/sam/stalkerProject/StalkerProject/install/ldlidar_stl_ros2/share/ldlidar_stl_ros2/package.zsh'
[11.393s] Level 1:colcon.colcon_core.environment:create_file_with_runtime_dependencies(/home/sam/stalkerProject/StalkerProject/install/ldlidar_stl_ros2/share/colcon-core/packages/ldlidar_stl_ros2)
[11.394s] Level 1:colcon.colcon_core.environment:create_environment_scripts_only(ldlidar_stl_ros2)
[11.394s] Level 1:colcon.colcon_core.environment:checking '/home/sam/stalkerProject/StalkerProject/install/ldlidar_stl_ros2' for CMake module files
[11.395s] Level 1:colcon.colcon_core.environment:checking '/home/sam/stalkerProject/StalkerProject/install/ldlidar_stl_ros2' for CMake config files
[11.395s] Level 1:colcon.colcon_core.shell:create_environment_hook('ldlidar_stl_ros2', 'cmake_prefix_path')
[11.396s] INFO:colcon.colcon_core.shell:Creating environment hook '/home/sam/stalkerProject/StalkerProject/install/ldlidar_stl_ros2/share/ldlidar_stl_ros2/hook/cmake_prefix_path.ps1'
[11.396s] INFO:colcon.colcon_core.shell:Creating environment descriptor '/home/sam/stalkerProject/StalkerProject/install/ldlidar_stl_ros2/share/ldlidar_stl_ros2/hook/cmake_prefix_path.dsv'
[11.396s] INFO:colcon.colcon_core.shell:Creating environment hook '/home/sam/stalkerProject/StalkerProject/install/ldlidar_stl_ros2/share/ldlidar_stl_ros2/hook/cmake_prefix_path.sh'
[11.397s] Level 1:colcon.colcon_core.environment:checking '/home/sam/stalkerProject/StalkerProject/install/ldlidar_stl_ros2/lib'
[11.398s] Level 1:colcon.colcon_core.environment:checking '/home/sam/stalkerProject/StalkerProject/install/ldlidar_stl_ros2/bin'
[11.398s] Level 1:colcon.colcon_core.environment:checking '/home/sam/stalkerProject/StalkerProject/install/ldlidar_stl_ros2/lib/pkgconfig/ldlidar_stl_ros2.pc'
[11.399s] Level 1:colcon.colcon_core.environment:checking '/home/sam/stalkerProject/StalkerProject/install/ldlidar_stl_ros2/lib/python3.10/site-packages'
[11.399s] Level 1:colcon.colcon_core.environment:checking '/home/sam/stalkerProject/StalkerProject/install/ldlidar_stl_ros2/bin'
[11.400s] INFO:colcon.colcon_core.shell:Creating package script '/home/sam/stalkerProject/StalkerProject/install/ldlidar_stl_ros2/share/ldlidar_stl_ros2/package.ps1'
[11.400s] INFO:colcon.colcon_core.shell:Creating package descriptor '/home/sam/stalkerProject/StalkerProject/install/ldlidar_stl_ros2/share/ldlidar_stl_ros2/package.dsv'
[11.401s] INFO:colcon.colcon_core.shell:Creating package script '/home/sam/stalkerProject/StalkerProject/install/ldlidar_stl_ros2/share/ldlidar_stl_ros2/package.sh'
[11.401s] INFO:colcon.colcon_core.shell:Creating package script '/home/sam/stalkerProject/StalkerProject/install/ldlidar_stl_ros2/share/ldlidar_stl_ros2/package.bash'
[11.402s] INFO:colcon.colcon_core.shell:Creating package script '/home/sam/stalkerProject/StalkerProject/install/ldlidar_stl_ros2/share/ldlidar_stl_ros2/package.zsh'
[11.403s] Level 1:colcon.colcon_core.environment:create_file_with_runtime_dependencies(/home/sam/stalkerProject/StalkerProject/install/ldlidar_stl_ros2/share/colcon-core/packages/ldlidar_stl_ros2)
[11.403s] DEBUG:colcon.colcon_parallel_executor.executor.parallel:closing loop
[11.403s] DEBUG:colcon.colcon_parallel_executor.executor.parallel:loop closed
[11.403s] DEBUG:colcon.colcon_parallel_executor.executor.parallel:run_until_complete finished with '0'
[11.403s] DEBUG:colcon.colcon_core.event_reactor:joining thread
[11.409s] INFO:colcon.colcon_core.plugin_system:Skipping extension 'colcon_notification.desktop_notification.terminal_notifier': Not used on non-Darwin systems
[11.409s] INFO:colcon.colcon_core.plugin_system:Skipping extension 'colcon_notification.desktop_notification.win32': Not used on non-Windows systems
[11.409s] INFO:colcon.colcon_notification.desktop_notification:Sending desktop notification using 'notify2'
[11.430s] DEBUG:colcon.colcon_core.event_reactor:joined thread
[11.431s] INFO:colcon.colcon_core.shell:Creating prefix script '/home/sam/stalkerProject/StalkerProject/install/local_setup.ps1'
[11.433s] INFO:colcon.colcon_core.shell:Creating prefix util module '/home/sam/stalkerProject/StalkerProject/install/_local_setup_util_ps1.py'
[11.435s] INFO:colcon.colcon_core.shell:Creating prefix chain script '/home/sam/stalkerProject/StalkerProject/install/setup.ps1'
[11.437s] INFO:colcon.colcon_core.shell:Creating prefix script '/home/sam/stalkerProject/StalkerProject/install/local_setup.sh'
[11.438s] INFO:colcon.colcon_core.shell:Creating prefix util module '/home/sam/stalkerProject/StalkerProject/install/_local_setup_util_sh.py'
[11.439s] INFO:colcon.colcon_core.shell:Creating prefix chain script '/home/sam/stalkerProject/StalkerProject/install/setup.sh'
[11.441s] INFO:colcon.colcon_core.shell:Creating prefix script '/home/sam/stalkerProject/StalkerProject/install/local_setup.bash'
[11.442s] INFO:colcon.colcon_core.shell:Creating prefix chain script '/home/sam/stalkerProject/StalkerProject/install/setup.bash'
[11.445s] INFO:colcon.colcon_core.shell:Creating prefix script '/home/sam/stalkerProject/StalkerProject/install/local_setup.zsh'
[11.446s] INFO:colcon.colcon_core.shell:Creating prefix chain script '/home/sam/stalkerProject/StalkerProject/install/setup.zsh'
