[0.321s] DEBUG:colcon:Command line arguments: ['/usr/bin/colcon', 'build', '--symlink-install']
[0.321s] DEBUG:colcon:Parsed command line arguments: Namespace(log_base=None, log_level=None, verb_name='build', build_base='build', install_base='install', merge_install=False, symlink_install=True, test_result_base=None, continue_on_error=False, executor='parallel', parallel_workers=4, event_handlers=None, ignore_user_meta=False, metas=['./colcon.meta'], base_paths=['.'], packages_ignore=None, packages_ignore_regex=None, paths=None, packages_up_to=None, packages_up_to_regex=None, packages_above=None, packages_above_and_dependencies=None, packages_above_depth=None, packages_select_by_dep=None, packages_skip_by_dep=None, packages_skip_up_to=None, packages_select_build_failed=False, packages_skip_build_finished=False, packages_select_test_failures=False, packages_skip_test_passed=False, packages_select=None, packages_skip=None, packages_select_regex=None, packages_skip_regex=None, packages_start=None, packages_end=None, allow_overriding=[], cmake_args=None, cmake_target=None, cmake_target_skip_unavailable=False, cmake_clean_cache=False, cmake_clean_first=False, cmake_force_configure=False, ament_cmake_args=None, catkin_cmake_args=None, catkin_skip_building_tests=False, verb_parser=<colcon_defaults.argument_parser.defaults.DefaultArgumentsDecorator object at 0x750213a58d90>, verb_extension=<colcon_core.verb.build.BuildVerb object at 0x750213a58880>, main=<bound method BuildVerb.main of <colcon_core.verb.build.BuildVerb object at 0x750213a58880>>)
[0.406s] Level 1:colcon.colcon_core.package_discovery:discover_packages(colcon_meta) check parameters
[0.406s] Level 1:colcon.colcon_core.package_discovery:discover_packages(recursive) check parameters
[0.406s] Level 1:colcon.colcon_core.package_discovery:discover_packages(ignore) check parameters
[0.406s] Level 1:colcon.colcon_core.package_discovery:discover_packages(path) check parameters
[0.406s] Level 1:colcon.colcon_core.package_discovery:discover_packages(colcon_meta) discover
[0.406s] Level 1:colcon.colcon_core.package_discovery:discover_packages(recursive) discover
[0.406s] INFO:colcon.colcon_core.package_discovery:Crawling recursively for packages in '/home/sam/stalkerProject/StalkerProject'
[0.406s] Level 1:colcon.colcon_core.package_identification:_identify(.) by extensions ['ignore', 'ignore_ament_install']
[0.406s] Level 1:colcon.colcon_core.package_identification:_identify(.) by extension 'ignore'
[0.407s] Level 1:colcon.colcon_core.package_identification:_identify(.) by extension 'ignore_ament_install'
[0.407s] Level 1:colcon.colcon_core.package_identification:_identify(.) by extensions ['colcon_pkg']
[0.407s] Level 1:colcon.colcon_core.package_identification:_identify(.) by extension 'colcon_pkg'
[0.407s] Level 1:colcon.colcon_core.package_identification:_identify(.) by extensions ['colcon_meta']
[0.407s] Level 1:colcon.colcon_core.package_identification:_identify(.) by extension 'colcon_meta'
[0.407s] Level 1:colcon.colcon_core.package_identification:_identify(.) by extensions ['ros']
[0.407s] Level 1:colcon.colcon_core.package_identification:_identify(.) by extension 'ros'
[0.427s] Level 1:colcon.colcon_core.package_identification:_identify(.) by extensions ['cmake', 'python']
[0.427s] Level 1:colcon.colcon_core.package_identification:_identify(.) by extension 'cmake'
[0.427s] Level 1:colcon.colcon_core.package_identification:_identify(.) by extension 'python'
[0.428s] Level 1:colcon.colcon_core.package_identification:_identify(.) by extensions ['python_setup_py']
[0.428s] Level 1:colcon.colcon_core.package_identification:_identify(.) by extension 'python_setup_py'
[0.428s] Level 1:colcon.colcon_core.package_identification:_identify(PiLiDAR-main) by extensions ['ignore', 'ignore_ament_install']
[0.428s] Level 1:colcon.colcon_core.package_identification:_identify(PiLiDAR-main) by extension 'ignore'
[0.428s] Level 1:colcon.colcon_core.package_identification:_identify(PiLiDAR-main) by extension 'ignore_ament_install'
[0.428s] Level 1:colcon.colcon_core.package_identification:_identify(PiLiDAR-main) by extensions ['colcon_pkg']
[0.428s] Level 1:colcon.colcon_core.package_identification:_identify(PiLiDAR-main) by extension 'colcon_pkg'
[0.428s] Level 1:colcon.colcon_core.package_identification:_identify(PiLiDAR-main) by extensions ['colcon_meta']
[0.428s] Level 1:colcon.colcon_core.package_identification:_identify(PiLiDAR-main) by extension 'colcon_meta'
[0.428s] Level 1:colcon.colcon_core.package_identification:_identify(PiLiDAR-main) by extensions ['ros']
[0.428s] Level 1:colcon.colcon_core.package_identification:_identify(PiLiDAR-main) by extension 'ros'
[0.428s] Level 1:colcon.colcon_core.package_identification:_identify(PiLiDAR-main) by extensions ['cmake', 'python']
[0.428s] Level 1:colcon.colcon_core.package_identification:_identify(PiLiDAR-main) by extension 'cmake'
[0.429s] Level 1:colcon.colcon_core.package_identification:_identify(PiLiDAR-main) by extension 'python'
[0.429s] Level 1:colcon.colcon_core.package_identification:_identify(PiLiDAR-main) by extensions ['python_setup_py']
[0.429s] Level 1:colcon.colcon_core.package_identification:_identify(PiLiDAR-main) by extension 'python_setup_py'
[0.429s] Level 1:colcon.colcon_core.package_identification:_identify(PiLiDAR-main/PiLiDAR-main) by extensions ['ignore', 'ignore_ament_install']
[0.429s] Level 1:colcon.colcon_core.package_identification:_identify(PiLiDAR-main/PiLiDAR-main) by extension 'ignore'
[0.429s] Level 1:colcon.colcon_core.package_identification:_identify(PiLiDAR-main/PiLiDAR-main) by extension 'ignore_ament_install'
[0.429s] Level 1:colcon.colcon_core.package_identification:_identify(PiLiDAR-main/PiLiDAR-main) by extensions ['colcon_pkg']
[0.429s] Level 1:colcon.colcon_core.package_identification:_identify(PiLiDAR-main/PiLiDAR-main) by extension 'colcon_pkg'
[0.429s] Level 1:colcon.colcon_core.package_identification:_identify(PiLiDAR-main/PiLiDAR-main) by extensions ['colcon_meta']
[0.429s] Level 1:colcon.colcon_core.package_identification:_identify(PiLiDAR-main/PiLiDAR-main) by extension 'colcon_meta'
[0.429s] Level 1:colcon.colcon_core.package_identification:_identify(PiLiDAR-main/PiLiDAR-main) by extensions ['ros']
[0.429s] Level 1:colcon.colcon_core.package_identification:_identify(PiLiDAR-main/PiLiDAR-main) by extension 'ros'
[0.429s] Level 1:colcon.colcon_core.package_identification:_identify(PiLiDAR-main/PiLiDAR-main) by extensions ['cmake', 'python']
[0.429s] Level 1:colcon.colcon_core.package_identification:_identify(PiLiDAR-main/PiLiDAR-main) by extension 'cmake'
[0.429s] Level 1:colcon.colcon_core.package_identification:_identify(PiLiDAR-main/PiLiDAR-main) by extension 'python'
[0.429s] Level 1:colcon.colcon_core.package_identification:_identify(PiLiDAR-main/PiLiDAR-main) by extensions ['python_setup_py']
[0.429s] Level 1:colcon.colcon_core.package_identification:_identify(PiLiDAR-main/PiLiDAR-main) by extension 'python_setup_py'
[0.429s] Level 1:colcon.colcon_core.package_identification:_identify(PiLiDAR-main/PiLiDAR-main/hugin) by extensions ['ignore', 'ignore_ament_install']
[0.430s] Level 1:colcon.colcon_core.package_identification:_identify(PiLiDAR-main/PiLiDAR-main/hugin) by extension 'ignore'
[0.430s] Level 1:colcon.colcon_core.package_identification:_identify(PiLiDAR-main/PiLiDAR-main/hugin) by extension 'ignore_ament_install'
[0.430s] Level 1:colcon.colcon_core.package_identification:_identify(PiLiDAR-main/PiLiDAR-main/hugin) by extensions ['colcon_pkg']
[0.430s] Level 1:colcon.colcon_core.package_identification:_identify(PiLiDAR-main/PiLiDAR-main/hugin) by extension 'colcon_pkg'
[0.430s] Level 1:colcon.colcon_core.package_identification:_identify(PiLiDAR-main/PiLiDAR-main/hugin) by extensions ['colcon_meta']
[0.430s] Level 1:colcon.colcon_core.package_identification:_identify(PiLiDAR-main/PiLiDAR-main/hugin) by extension 'colcon_meta'
[0.430s] Level 1:colcon.colcon_core.package_identification:_identify(PiLiDAR-main/PiLiDAR-main/hugin) by extensions ['ros']
[0.430s] Level 1:colcon.colcon_core.package_identification:_identify(PiLiDAR-main/PiLiDAR-main/hugin) by extension 'ros'
[0.430s] Level 1:colcon.colcon_core.package_identification:_identify(PiLiDAR-main/PiLiDAR-main/hugin) by extensions ['cmake', 'python']
[0.430s] Level 1:colcon.colcon_core.package_identification:_identify(PiLiDAR-main/PiLiDAR-main/hugin) by extension 'cmake'
[0.430s] Level 1:colcon.colcon_core.package_identification:_identify(PiLiDAR-main/PiLiDAR-main/hugin) by extension 'python'
[0.430s] Level 1:colcon.colcon_core.package_identification:_identify(PiLiDAR-main/PiLiDAR-main/hugin) by extensions ['python_setup_py']
[0.430s] Level 1:colcon.colcon_core.package_identification:_identify(PiLiDAR-main/PiLiDAR-main/hugin) by extension 'python_setup_py'
[0.430s] Level 1:colcon.colcon_core.package_identification:_identify(PiLiDAR-main/PiLiDAR-main/images) by extensions ['ignore', 'ignore_ament_install']
[0.430s] Level 1:colcon.colcon_core.package_identification:_identify(PiLiDAR-main/PiLiDAR-main/images) by extension 'ignore'
[0.430s] Level 1:colcon.colcon_core.package_identification:_identify(PiLiDAR-main/PiLiDAR-main/images) by extension 'ignore_ament_install'
[0.431s] Level 1:colcon.colcon_core.package_identification:_identify(PiLiDAR-main/PiLiDAR-main/images) by extensions ['colcon_pkg']
[0.431s] Level 1:colcon.colcon_core.package_identification:_identify(PiLiDAR-main/PiLiDAR-main/images) by extension 'colcon_pkg'
[0.431s] Level 1:colcon.colcon_core.package_identification:_identify(PiLiDAR-main/PiLiDAR-main/images) by extensions ['colcon_meta']
[0.431s] Level 1:colcon.colcon_core.package_identification:_identify(PiLiDAR-main/PiLiDAR-main/images) by extension 'colcon_meta'
[0.431s] Level 1:colcon.colcon_core.package_identification:_identify(PiLiDAR-main/PiLiDAR-main/images) by extensions ['ros']
[0.431s] Level 1:colcon.colcon_core.package_identification:_identify(PiLiDAR-main/PiLiDAR-main/images) by extension 'ros'
[0.431s] Level 1:colcon.colcon_core.package_identification:_identify(PiLiDAR-main/PiLiDAR-main/images) by extensions ['cmake', 'python']
[0.431s] Level 1:colcon.colcon_core.package_identification:_identify(PiLiDAR-main/PiLiDAR-main/images) by extension 'cmake'
[0.431s] Level 1:colcon.colcon_core.package_identification:_identify(PiLiDAR-main/PiLiDAR-main/images) by extension 'python'
[0.431s] Level 1:colcon.colcon_core.package_identification:_identify(PiLiDAR-main/PiLiDAR-main/images) by extensions ['python_setup_py']
[0.431s] Level 1:colcon.colcon_core.package_identification:_identify(PiLiDAR-main/PiLiDAR-main/images) by extension 'python_setup_py'
[0.431s] Level 1:colcon.colcon_core.package_identification:_identify(PiLiDAR-main/PiLiDAR-main/lib) by extensions ['ignore', 'ignore_ament_install']
[0.431s] Level 1:colcon.colcon_core.package_identification:_identify(PiLiDAR-main/PiLiDAR-main/lib) by extension 'ignore'
[0.432s] Level 1:colcon.colcon_core.package_identification:_identify(PiLiDAR-main/PiLiDAR-main/lib) by extension 'ignore_ament_install'
[0.432s] Level 1:colcon.colcon_core.package_identification:_identify(PiLiDAR-main/PiLiDAR-main/lib) by extensions ['colcon_pkg']
[0.432s] Level 1:colcon.colcon_core.package_identification:_identify(PiLiDAR-main/PiLiDAR-main/lib) by extension 'colcon_pkg'
[0.432s] Level 1:colcon.colcon_core.package_identification:_identify(PiLiDAR-main/PiLiDAR-main/lib) by extensions ['colcon_meta']
[0.432s] Level 1:colcon.colcon_core.package_identification:_identify(PiLiDAR-main/PiLiDAR-main/lib) by extension 'colcon_meta'
[0.432s] Level 1:colcon.colcon_core.package_identification:_identify(PiLiDAR-main/PiLiDAR-main/lib) by extensions ['ros']
[0.432s] Level 1:colcon.colcon_core.package_identification:_identify(PiLiDAR-main/PiLiDAR-main/lib) by extension 'ros'
[0.432s] Level 1:colcon.colcon_core.package_identification:_identify(PiLiDAR-main/PiLiDAR-main/lib) by extensions ['cmake', 'python']
[0.432s] Level 1:colcon.colcon_core.package_identification:_identify(PiLiDAR-main/PiLiDAR-main/lib) by extension 'cmake'
[0.432s] Level 1:colcon.colcon_core.package_identification:_identify(PiLiDAR-main/PiLiDAR-main/lib) by extension 'python'
[0.432s] Level 1:colcon.colcon_core.package_identification:_identify(PiLiDAR-main/PiLiDAR-main/lib) by extensions ['python_setup_py']
[0.432s] Level 1:colcon.colcon_core.package_identification:_identify(PiLiDAR-main/PiLiDAR-main/lib) by extension 'python_setup_py'
[0.432s] Level 1:colcon.colcon_core.package_identification:_identify(PiLiDAR-main/PiLiDAR-main/meshlab) by extensions ['ignore', 'ignore_ament_install']
[0.432s] Level 1:colcon.colcon_core.package_identification:_identify(PiLiDAR-main/PiLiDAR-main/meshlab) by extension 'ignore'
[0.432s] Level 1:colcon.colcon_core.package_identification:_identify(PiLiDAR-main/PiLiDAR-main/meshlab) by extension 'ignore_ament_install'
[0.432s] Level 1:colcon.colcon_core.package_identification:_identify(PiLiDAR-main/PiLiDAR-main/meshlab) by extensions ['colcon_pkg']
[0.432s] Level 1:colcon.colcon_core.package_identification:_identify(PiLiDAR-main/PiLiDAR-main/meshlab) by extension 'colcon_pkg'
[0.432s] Level 1:colcon.colcon_core.package_identification:_identify(PiLiDAR-main/PiLiDAR-main/meshlab) by extensions ['colcon_meta']
[0.432s] Level 1:colcon.colcon_core.package_identification:_identify(PiLiDAR-main/PiLiDAR-main/meshlab) by extension 'colcon_meta'
[0.433s] Level 1:colcon.colcon_core.package_identification:_identify(PiLiDAR-main/PiLiDAR-main/meshlab) by extensions ['ros']
[0.433s] Level 1:colcon.colcon_core.package_identification:_identify(PiLiDAR-main/PiLiDAR-main/meshlab) by extension 'ros'
[0.433s] Level 1:colcon.colcon_core.package_identification:_identify(PiLiDAR-main/PiLiDAR-main/meshlab) by extensions ['cmake', 'python']
[0.433s] Level 1:colcon.colcon_core.package_identification:_identify(PiLiDAR-main/PiLiDAR-main/meshlab) by extension 'cmake'
[0.433s] Level 1:colcon.colcon_core.package_identification:_identify(PiLiDAR-main/PiLiDAR-main/meshlab) by extension 'python'
[0.433s] Level 1:colcon.colcon_core.package_identification:_identify(PiLiDAR-main/PiLiDAR-main/meshlab) by extensions ['python_setup_py']
[0.433s] Level 1:colcon.colcon_core.package_identification:_identify(PiLiDAR-main/PiLiDAR-main/meshlab) by extension 'python_setup_py'
[0.433s] Level 1:colcon.colcon_core.package_identification:_identify(build) by extensions ['ignore', 'ignore_ament_install']
[0.433s] Level 1:colcon.colcon_core.package_identification:_identify(build) by extension 'ignore'
[0.433s] Level 1:colcon.colcon_core.package_identification:_identify(build) ignored
[0.433s] Level 1:colcon.colcon_core.package_identification:_identify(install) by extensions ['ignore', 'ignore_ament_install']
[0.433s] Level 1:colcon.colcon_core.package_identification:_identify(install) by extension 'ignore'
[0.433s] Level 1:colcon.colcon_core.package_identification:_identify(install) ignored
[0.433s] Level 1:colcon.colcon_core.package_identification:_identify(log) by extensions ['ignore', 'ignore_ament_install']
[0.434s] Level 1:colcon.colcon_core.package_identification:_identify(log) by extension 'ignore'
[0.434s] Level 1:colcon.colcon_core.package_identification:_identify(log) ignored
[0.434s] Level 1:colcon.colcon_core.package_identification:_identify(model) by extensions ['ignore', 'ignore_ament_install']
[0.434s] Level 1:colcon.colcon_core.package_identification:_identify(model) by extension 'ignore'
[0.434s] Level 1:colcon.colcon_core.package_identification:_identify(model) by extension 'ignore_ament_install'
[0.434s] Level 1:colcon.colcon_core.package_identification:_identify(model) by extensions ['colcon_pkg']
[0.434s] Level 1:colcon.colcon_core.package_identification:_identify(model) by extension 'colcon_pkg'
[0.434s] Level 1:colcon.colcon_core.package_identification:_identify(model) by extensions ['colcon_meta']
[0.434s] Level 1:colcon.colcon_core.package_identification:_identify(model) by extension 'colcon_meta'
[0.434s] Level 1:colcon.colcon_core.package_identification:_identify(model) by extensions ['ros']
[0.434s] Level 1:colcon.colcon_core.package_identification:_identify(model) by extension 'ros'
[0.435s] Level 1:colcon.colcon_core.package_identification:_identify(model) by extensions ['cmake', 'python']
[0.435s] Level 1:colcon.colcon_core.package_identification:_identify(model) by extension 'cmake'
[0.435s] Level 1:colcon.colcon_core.package_identification:_identify(model) by extension 'python'
[0.435s] Level 1:colcon.colcon_core.package_identification:_identify(model) by extensions ['python_setup_py']
[0.435s] Level 1:colcon.colcon_core.package_identification:_identify(model) by extension 'python_setup_py'
[0.435s] Level 1:colcon.colcon_core.package_identification:_identify(model/meshes) by extensions ['ignore', 'ignore_ament_install']
[0.435s] Level 1:colcon.colcon_core.package_identification:_identify(model/meshes) by extension 'ignore'
[0.435s] Level 1:colcon.colcon_core.package_identification:_identify(model/meshes) by extension 'ignore_ament_install'
[0.435s] Level 1:colcon.colcon_core.package_identification:_identify(model/meshes) by extensions ['colcon_pkg']
[0.435s] Level 1:colcon.colcon_core.package_identification:_identify(model/meshes) by extension 'colcon_pkg'
[0.435s] Level 1:colcon.colcon_core.package_identification:_identify(model/meshes) by extensions ['colcon_meta']
[0.435s] Level 1:colcon.colcon_core.package_identification:_identify(model/meshes) by extension 'colcon_meta'
[0.435s] Level 1:colcon.colcon_core.package_identification:_identify(model/meshes) by extensions ['ros']
[0.435s] Level 1:colcon.colcon_core.package_identification:_identify(model/meshes) by extension 'ros'
[0.435s] Level 1:colcon.colcon_core.package_identification:_identify(model/meshes) by extensions ['cmake', 'python']
[0.435s] Level 1:colcon.colcon_core.package_identification:_identify(model/meshes) by extension 'cmake'
[0.436s] Level 1:colcon.colcon_core.package_identification:_identify(model/meshes) by extension 'python'
[0.436s] Level 1:colcon.colcon_core.package_identification:_identify(model/meshes) by extensions ['python_setup_py']
[0.436s] Level 1:colcon.colcon_core.package_identification:_identify(model/meshes) by extension 'python_setup_py'
[0.436s] Level 1:colcon.colcon_core.package_identification:_identify(src) by extensions ['ignore', 'ignore_ament_install']
[0.436s] Level 1:colcon.colcon_core.package_identification:_identify(src) by extension 'ignore'
[0.436s] Level 1:colcon.colcon_core.package_identification:_identify(src) by extension 'ignore_ament_install'
[0.436s] Level 1:colcon.colcon_core.package_identification:_identify(src) by extensions ['colcon_pkg']
[0.436s] Level 1:colcon.colcon_core.package_identification:_identify(src) by extension 'colcon_pkg'
[0.436s] Level 1:colcon.colcon_core.package_identification:_identify(src) by extensions ['colcon_meta']
[0.436s] Level 1:colcon.colcon_core.package_identification:_identify(src) by extension 'colcon_meta'
[0.436s] Level 1:colcon.colcon_core.package_identification:_identify(src) by extensions ['ros']
[0.436s] Level 1:colcon.colcon_core.package_identification:_identify(src) by extension 'ros'
[0.436s] Level 1:colcon.colcon_core.package_identification:_identify(src) by extensions ['cmake', 'python']
[0.436s] Level 1:colcon.colcon_core.package_identification:_identify(src) by extension 'cmake'
[0.436s] Level 1:colcon.colcon_core.package_identification:_identify(src) by extension 'python'
[0.436s] Level 1:colcon.colcon_core.package_identification:_identify(src) by extensions ['python_setup_py']
[0.436s] Level 1:colcon.colcon_core.package_identification:_identify(src) by extension 'python_setup_py'
[0.436s] Level 1:colcon.colcon_core.package_identification:_identify(src/3d_lidar) by extensions ['ignore', 'ignore_ament_install']
[0.437s] Level 1:colcon.colcon_core.package_identification:_identify(src/3d_lidar) by extension 'ignore'
[0.437s] Level 1:colcon.colcon_core.package_identification:_identify(src/3d_lidar) by extension 'ignore_ament_install'
[0.437s] Level 1:colcon.colcon_core.package_identification:_identify(src/3d_lidar) by extensions ['colcon_pkg']
[0.437s] Level 1:colcon.colcon_core.package_identification:_identify(src/3d_lidar) by extension 'colcon_pkg'
[0.437s] Level 1:colcon.colcon_core.package_identification:_identify(src/3d_lidar) by extensions ['colcon_meta']
[0.437s] Level 1:colcon.colcon_core.package_identification:_identify(src/3d_lidar) by extension 'colcon_meta'
[0.437s] Level 1:colcon.colcon_core.package_identification:_identify(src/3d_lidar) by extensions ['ros']
[0.437s] Level 1:colcon.colcon_core.package_identification:_identify(src/3d_lidar) by extension 'ros'
[0.441s] DEBUG:colcon.colcon_core.package_identification:Package 'src/3d_lidar' with type 'ros.ament_python' and name '3d_lidar'
[0.442s] Level 1:colcon.colcon_core.package_discovery:discover_packages(recursive) using defaults
[0.442s] Level 1:colcon.colcon_core.package_discovery:discover_packages(ignore) discover
[0.442s] Level 1:colcon.colcon_core.package_discovery:discover_packages(ignore) using defaults
[0.442s] Level 1:colcon.colcon_core.package_discovery:discover_packages(path) discover
[0.442s] Level 1:colcon.colcon_core.package_discovery:discover_packages(path) using defaults
[0.478s] Level 1:colcon.colcon_core.package_discovery:discover_packages(prefix_path) check parameters
[0.478s] Level 1:colcon.colcon_core.package_discovery:discover_packages(prefix_path) discover
[0.482s] DEBUG:colcon.colcon_installed_package_information.package_discovery:Found 1 installed packages in /home/sam/stalkerProject/StalkerProject/install
[0.486s] DEBUG:colcon.colcon_installed_package_information.package_discovery:Found 473 installed packages in /opt/ros/humble
[0.490s] Level 1:colcon.colcon_core.package_discovery:discover_packages(prefix_path) using defaults
[0.591s] Level 5:colcon.colcon_core.verb:set package '3d_lidar' build argument 'cmake_args' from command line to 'None'
[0.591s] Level 5:colcon.colcon_core.verb:set package '3d_lidar' build argument 'cmake_target' from command line to 'None'
[0.591s] Level 5:colcon.colcon_core.verb:set package '3d_lidar' build argument 'cmake_target_skip_unavailable' from command line to 'False'
[0.591s] Level 5:colcon.colcon_core.verb:set package '3d_lidar' build argument 'cmake_clean_cache' from command line to 'False'
[0.591s] Level 5:colcon.colcon_core.verb:set package '3d_lidar' build argument 'cmake_clean_first' from command line to 'False'
[0.591s] Level 5:colcon.colcon_core.verb:set package '3d_lidar' build argument 'cmake_force_configure' from command line to 'False'
[0.591s] Level 5:colcon.colcon_core.verb:set package '3d_lidar' build argument 'ament_cmake_args' from command line to 'None'
[0.591s] Level 5:colcon.colcon_core.verb:set package '3d_lidar' build argument 'catkin_cmake_args' from command line to 'None'
[0.591s] Level 5:colcon.colcon_core.verb:set package '3d_lidar' build argument 'catkin_skip_building_tests' from command line to 'False'
[0.591s] DEBUG:colcon.colcon_core.verb:Building package '3d_lidar' with the following arguments: {'ament_cmake_args': None, 'build_base': '/home/sam/stalkerProject/StalkerProject/build/3d_lidar', 'catkin_cmake_args': None, 'catkin_skip_building_tests': False, 'cmake_args': None, 'cmake_clean_cache': False, 'cmake_clean_first': False, 'cmake_force_configure': False, 'cmake_target': None, 'cmake_target_skip_unavailable': False, 'install_base': '/home/sam/stalkerProject/StalkerProject/install/3d_lidar', 'merge_install': False, 'path': '/home/sam/stalkerProject/StalkerProject/src/3d_lidar', 'symlink_install': True, 'test_result_base': None}
[0.592s] INFO:colcon.colcon_core.executor:Executing jobs using 'parallel' executor
[0.593s] DEBUG:colcon.colcon_parallel_executor.executor.parallel:run_until_complete
[0.593s] INFO:colcon.colcon_ros.task.ament_python.build:Building ROS package in '/home/sam/stalkerProject/StalkerProject/src/3d_lidar' with build type 'ament_python'
[0.593s] Level 1:colcon.colcon_core.shell:create_environment_hook('3d_lidar', 'ament_prefix_path')
[0.598s] INFO:colcon.colcon_core.plugin_system:Skipping extension 'colcon_core.shell.bat': Not used on non-Windows systems
[0.598s] INFO:colcon.colcon_core.shell:Creating environment hook '/home/sam/stalkerProject/StalkerProject/install/3d_lidar/share/3d_lidar/hook/ament_prefix_path.ps1'
[0.599s] INFO:colcon.colcon_core.shell:Creating environment descriptor '/home/sam/stalkerProject/StalkerProject/install/3d_lidar/share/3d_lidar/hook/ament_prefix_path.dsv'
[0.600s] INFO:colcon.colcon_core.shell:Creating environment hook '/home/sam/stalkerProject/StalkerProject/install/3d_lidar/share/3d_lidar/hook/ament_prefix_path.sh'
[0.602s] INFO:colcon.colcon_core.shell:Skip shell extension 'powershell' for command environment: Not usable outside of PowerShell
[0.602s] DEBUG:colcon.colcon_core.shell:Skip shell extension 'dsv' for command environment
[1.029s] INFO:colcon.colcon_core.task.python.build:Building Python package in '/home/sam/stalkerProject/StalkerProject/src/3d_lidar'
[1.029s] INFO:colcon.colcon_core.shell:Skip shell extension 'powershell' for command environment: Not usable outside of PowerShell
[1.029s] DEBUG:colcon.colcon_core.shell:Skip shell extension 'dsv' for command environment
[2.171s] DEBUG:colcon.colcon_core.task.python.build:While undoing a previous installation files outside the Python library path are being ignored: /home/sam/stalkerProject/StalkerProject/install/3d_lidar/share/ament_index/resource_index/packages/3d_lidar
[2.171s] DEBUG:colcon.colcon_core.task.python.build:While undoing a previous installation files outside the Python library path are being ignored: /home/sam/stalkerProject/StalkerProject/install/3d_lidar/share/3d_lidar/package.xml
[2.171s] DEBUG:colcon.colcon_core.task.python.build:While undoing a previous installation files outside the Python library path are being ignored: /home/sam/stalkerProject/StalkerProject/install/3d_lidar/share/3d_lidar/launch/view_cart.launch.py
[2.171s] DEBUG:colcon.colcon_core.task.python.build:While undoing a previous installation files outside the Python library path are being ignored: /home/sam/stalkerProject/StalkerProject/install/3d_lidar/share/3d_lidar/launch/spawn_cart_gazebo.launch.py
[2.171s] DEBUG:colcon.colcon_core.task.python.build:While undoing a previous installation files outside the Python library path are being ignored: /home/sam/stalkerProject/StalkerProject/install/3d_lidar/share/3d_lidar/model/robot.urdf
[2.171s] DEBUG:colcon.colcon_core.task.python.build:While undoing a previous installation files outside the Python library path are being ignored: /home/sam/stalkerProject/StalkerProject/install/3d_lidar/share/3d_lidar/model/meshes/Link_1.stl
[2.171s] DEBUG:colcon.colcon_core.task.python.build:While undoing a previous installation files outside the Python library path are being ignored: /home/sam/stalkerProject/StalkerProject/install/3d_lidar/lib/3d_lidar/scan_3d
[2.171s] DEBUG:colcon.colcon_core.task.python.build:While undoing a previous installation files outside the Python library path are being ignored: /home/sam/stalkerProject/StalkerProject/install/3d_lidar/lib/3d_lidar/tf_broadcast
[2.176s] DEBUG:colcon.colcon_core.event_handler.log_command:Invoking command in '/home/sam/stalkerProject/StalkerProject/build/3d_lidar': PYTHONPATH=/home/sam/stalkerProject/StalkerProject/build/3d_lidar/prefix_override:/usr/lib/python3/dist-packages/colcon_core/task/python/colcon_distutils_commands:/home/sam/stalkerProject/StalkerProject/install/3d_lidar/lib/python3.10/site-packages:${PYTHONPATH} /usr/bin/python3 -W ignore:setup.py install is deprecated -W ignore:easy_install command is deprecated setup.py develop --editable --build-directory /home/sam/stalkerProject/StalkerProject/build/3d_lidar/build --no-deps symlink_data --force
[3.330s] Level 1:colcon.colcon_core.shell:create_environment_hook('3d_lidar', 'pythonpath_develop')
[3.331s] DEBUG:colcon.colcon_core.event_handler.log_command:Invoked command in '/home/sam/stalkerProject/StalkerProject/build/3d_lidar' returned '0': PYTHONPATH=/home/sam/stalkerProject/StalkerProject/build/3d_lidar/prefix_override:/usr/lib/python3/dist-packages/colcon_core/task/python/colcon_distutils_commands:/home/sam/stalkerProject/StalkerProject/install/3d_lidar/lib/python3.10/site-packages:${PYTHONPATH} /usr/bin/python3 -W ignore:setup.py install is deprecated -W ignore:easy_install command is deprecated setup.py develop --editable --build-directory /home/sam/stalkerProject/StalkerProject/build/3d_lidar/build --no-deps symlink_data --force
[3.331s] INFO:colcon.colcon_core.shell:Creating environment hook '/home/sam/stalkerProject/StalkerProject/build/3d_lidar/share/3d_lidar/hook/pythonpath_develop.ps1'
[3.332s] INFO:colcon.colcon_core.shell:Creating environment descriptor '/home/sam/stalkerProject/StalkerProject/build/3d_lidar/share/3d_lidar/hook/pythonpath_develop.dsv'
[3.333s] INFO:colcon.colcon_core.shell:Creating environment hook '/home/sam/stalkerProject/StalkerProject/build/3d_lidar/share/3d_lidar/hook/pythonpath_develop.sh'
[3.340s] Level 1:colcon.colcon_core.environment:checking '/home/sam/stalkerProject/StalkerProject/install/3d_lidar' for CMake module files
[3.340s] Level 1:colcon.colcon_core.environment:checking '/home/sam/stalkerProject/StalkerProject/install/3d_lidar' for CMake config files
[3.341s] Level 1:colcon.colcon_core.environment:checking '/home/sam/stalkerProject/StalkerProject/install/3d_lidar/lib'
[3.342s] Level 1:colcon.colcon_core.environment:checking '/home/sam/stalkerProject/StalkerProject/install/3d_lidar/bin'
[3.342s] Level 1:colcon.colcon_core.environment:checking '/home/sam/stalkerProject/StalkerProject/install/3d_lidar/lib/pkgconfig/3d_lidar.pc'
[3.342s] Level 1:colcon.colcon_core.environment:checking '/home/sam/stalkerProject/StalkerProject/install/3d_lidar/lib/python3.10/site-packages'
[3.342s] Level 1:colcon.colcon_core.shell:create_environment_hook('3d_lidar', 'pythonpath')
[3.343s] INFO:colcon.colcon_core.shell:Creating environment hook '/home/sam/stalkerProject/StalkerProject/install/3d_lidar/share/3d_lidar/hook/pythonpath.ps1'
[3.344s] INFO:colcon.colcon_core.shell:Creating environment descriptor '/home/sam/stalkerProject/StalkerProject/install/3d_lidar/share/3d_lidar/hook/pythonpath.dsv'
[3.344s] INFO:colcon.colcon_core.shell:Creating environment hook '/home/sam/stalkerProject/StalkerProject/install/3d_lidar/share/3d_lidar/hook/pythonpath.sh'
[3.345s] Level 1:colcon.colcon_core.environment:checking '/home/sam/stalkerProject/StalkerProject/install/3d_lidar/bin'
[3.346s] Level 1:colcon.colcon_core.environment:create_environment_scripts_only(3d_lidar)
[3.346s] INFO:colcon.colcon_core.shell:Creating package script '/home/sam/stalkerProject/StalkerProject/install/3d_lidar/share/3d_lidar/package.ps1'
[3.348s] INFO:colcon.colcon_core.shell:Creating package descriptor '/home/sam/stalkerProject/StalkerProject/install/3d_lidar/share/3d_lidar/package.dsv'
[3.350s] INFO:colcon.colcon_core.shell:Creating package script '/home/sam/stalkerProject/StalkerProject/install/3d_lidar/share/3d_lidar/package.sh'
[3.351s] INFO:colcon.colcon_core.shell:Creating package script '/home/sam/stalkerProject/StalkerProject/install/3d_lidar/share/3d_lidar/package.bash'
[3.353s] INFO:colcon.colcon_core.shell:Creating package script '/home/sam/stalkerProject/StalkerProject/install/3d_lidar/share/3d_lidar/package.zsh'
[3.354s] Level 1:colcon.colcon_core.environment:create_file_with_runtime_dependencies(/home/sam/stalkerProject/StalkerProject/install/3d_lidar/share/colcon-core/packages/3d_lidar)
[3.355s] DEBUG:colcon.colcon_parallel_executor.executor.parallel:closing loop
[3.355s] DEBUG:colcon.colcon_parallel_executor.executor.parallel:loop closed
[3.355s] DEBUG:colcon.colcon_parallel_executor.executor.parallel:run_until_complete finished with '0'
[3.356s] DEBUG:colcon.colcon_core.event_reactor:joining thread
[3.365s] INFO:colcon.colcon_core.plugin_system:Skipping extension 'colcon_notification.desktop_notification.terminal_notifier': Not used on non-Darwin systems
[3.365s] INFO:colcon.colcon_core.plugin_system:Skipping extension 'colcon_notification.desktop_notification.win32': Not used on non-Windows systems
[3.366s] INFO:colcon.colcon_notification.desktop_notification:Sending desktop notification using 'notify2'
[3.387s] DEBUG:colcon.colcon_core.event_reactor:joined thread
[3.387s] INFO:colcon.colcon_core.shell:Creating prefix script '/home/sam/stalkerProject/StalkerProject/install/local_setup.ps1'
[3.389s] INFO:colcon.colcon_core.shell:Creating prefix util module '/home/sam/stalkerProject/StalkerProject/install/_local_setup_util_ps1.py'
[3.394s] INFO:colcon.colcon_core.shell:Creating prefix chain script '/home/sam/stalkerProject/StalkerProject/install/setup.ps1'
[3.396s] INFO:colcon.colcon_core.shell:Creating prefix script '/home/sam/stalkerProject/StalkerProject/install/local_setup.sh'
[3.397s] INFO:colcon.colcon_core.shell:Creating prefix util module '/home/sam/stalkerProject/StalkerProject/install/_local_setup_util_sh.py'
[3.399s] INFO:colcon.colcon_core.shell:Creating prefix chain script '/home/sam/stalkerProject/StalkerProject/install/setup.sh'
[3.403s] INFO:colcon.colcon_core.shell:Creating prefix script '/home/sam/stalkerProject/StalkerProject/install/local_setup.bash'
[3.408s] INFO:colcon.colcon_core.shell:Creating prefix chain script '/home/sam/stalkerProject/StalkerProject/install/setup.bash'
[3.411s] INFO:colcon.colcon_core.shell:Creating prefix script '/home/sam/stalkerProject/StalkerProject/install/local_setup.zsh'
[3.415s] INFO:colcon.colcon_core.shell:Creating prefix chain script '/home/sam/stalkerProject/StalkerProject/install/setup.zsh'
