/home/sam/stalkerProject/StalkerProject/install/3d_lidar/lib/python3.10/site-packages/3d_lidar/TF_broadcast.py
/home/sam/stalkerProject/StalkerProject/install/3d_lidar/lib/python3.10/site-packages/3d_lidar/scan_3d.py
/home/sam/stalkerProject/StalkerProject/install/3d_lidar/lib/python3.10/site-packages/3d_lidar/encoder_driver.py
/home/sam/stalkerProject/StalkerProject/install/3d_lidar/lib/python3.10/site-packages/3d_lidar/__init__.py
/home/sam/stalkerProject/StalkerProject/install/3d_lidar/lib/python3.10/site-packages/3d_lidar/joint_spinner.py
/home/sam/stalkerProject/StalkerProject/install/3d_lidar/lib/python3.10/site-packages/3d_lidar/__pycache__/TF_broadcast.cpython-310.pyc
/home/sam/stalkerProject/StalkerProject/install/3d_lidar/lib/python3.10/site-packages/3d_lidar/__pycache__/scan_3d.cpython-310.pyc
/home/sam/stalkerProject/StalkerProject/install/3d_lidar/lib/python3.10/site-packages/3d_lidar/__pycache__/encoder_driver.cpython-310.pyc
/home/sam/stalkerProject/StalkerProject/install/3d_lidar/lib/python3.10/site-packages/3d_lidar/__pycache__/__init__.cpython-310.pyc
/home/sam/stalkerProject/StalkerProject/install/3d_lidar/lib/python3.10/site-packages/3d_lidar/__pycache__/joint_spinner.cpython-310.pyc
/home/sam/stalkerProject/StalkerProject/install/3d_lidar/share/ament_index/resource_index/packages/3d_lidar
/home/sam/stalkerProject/StalkerProject/install/3d_lidar/share/3d_lidar/package.xml
/home/sam/stalkerProject/StalkerProject/install/3d_lidar/share/3d_lidar/launch/view_cart.launch.py
/home/sam/stalkerProject/StalkerProject/install/3d_lidar/share/3d_lidar/launch/spawn_cart_gazebo.launch.py
/home/sam/stalkerProject/StalkerProject/install/3d_lidar/share/3d_lidar/model/robot.urdf
/home/sam/stalkerProject/StalkerProject/install/3d_lidar/share/3d_lidar/model/meshes/Link_1.stl
/home/sam/stalkerProject/StalkerProject/install/3d_lidar/lib/python3.10/site-packages/3d_lidar-0.0.0-py3.10.egg-info/entry_points.txt
/home/sam/stalkerProject/StalkerProject/install/3d_lidar/lib/python3.10/site-packages/3d_lidar-0.0.0-py3.10.egg-info/zip-safe
/home/sam/stalkerProject/StalkerProject/install/3d_lidar/lib/python3.10/site-packages/3d_lidar-0.0.0-py3.10.egg-info/PKG-INFO
/home/sam/stalkerProject/StalkerProject/install/3d_lidar/lib/python3.10/site-packages/3d_lidar-0.0.0-py3.10.egg-info/SOURCES.txt
/home/sam/stalkerProject/StalkerProject/install/3d_lidar/lib/python3.10/site-packages/3d_lidar-0.0.0-py3.10.egg-info/top_level.txt
/home/sam/stalkerProject/StalkerProject/install/3d_lidar/lib/python3.10/site-packages/3d_lidar-0.0.0-py3.10.egg-info/requires.txt
/home/sam/stalkerProject/StalkerProject/install/3d_lidar/lib/python3.10/site-packages/3d_lidar-0.0.0-py3.10.egg-info/dependency_links.txt
/home/sam/stalkerProject/StalkerProject/install/3d_lidar/lib/3d_lidar/joint_spinner
/home/sam/stalkerProject/StalkerProject/install/3d_lidar/lib/3d_lidar/scan_3d
/home/sam/stalkerProject/StalkerProject/install/3d_lidar/lib/3d_lidar/tf_broadcast
